../menu/Src/GFX_FUNCTIONS.c:16:6:drawPixel	16	static
../menu/Src/GFX_FUNCTIONS.c:21:6:fillRect	32	static
../menu/Src/GFX_FUNCTIONS.c:40:6:writePixel	16	static
../menu/Src/GFX_FUNCTIONS.c:45:6:writeLine	48	static
../menu/Src/GFX_FUNCTIONS.c:85:7:drawFastVLine	32	static
../menu/Src/GFX_FUNCTIONS.c:89:7:drawFastHLine	32	static
../menu/Src/GFX_FUNCTIONS.c:94:6:drawLine	40	static
../menu/Src/GFX_FUNCTIONS.c:107:6:drawCircle	40	static
../menu/Src/GFX_FUNCTIONS.c:141:6:drawCircleHelper	40	static
../menu/Src/GFX_FUNCTIONS.c:177:6:fillCircleHelper	40	static
../menu/Src/GFX_FUNCTIONS.c:214:6:fillCircle	32	static
../menu/Src/GFX_FUNCTIONS.c:222:6:drawRect	24	static
../menu/Src/GFX_FUNCTIONS.c:230:6:drawRoundRect	40	static
../menu/Src/GFX_FUNCTIONS.c:247:6:fillRoundRect	40	static
../menu/Src/GFX_FUNCTIONS.c:259:6:drawTriangle	32	static
../menu/Src/GFX_FUNCTIONS.c:267:6:fillTriangle	72	static
../menu/Src/GFX_FUNCTIONS.c:344:6:fillScreen	24	static
../menu/Src/GFX_FUNCTIONS.c:350:6:testLines	56	static
../menu/Src/GFX_FUNCTIONS.c:393:6:testFastLines	32	static
../menu/Src/GFX_FUNCTIONS.c:402:6:testRects	56	static
../menu/Src/GFX_FUNCTIONS.c:417:6:testFilledRects	56	static
../menu/Src/GFX_FUNCTIONS.c:434:6:testFilledCircles	40	static
../menu/Src/GFX_FUNCTIONS.c:447:6:testCircles	40	static
../menu/Src/GFX_FUNCTIONS.c:463:6:testTriangles	56	static
../menu/Src/GFX_FUNCTIONS.c:480:6:testFilledTriangles	56	static
../menu/Src/GFX_FUNCTIONS.c:493:6:testRoundRects	56	static
../menu/Src/GFX_FUNCTIONS.c:510:6:testFilledRoundRects	48	static
../menu/Src/GFX_FUNCTIONS.c:525:6:testFillScreen	8	static
../menu/Src/GFX_FUNCTIONS.c:534:6:testAll	8	static
