Archive member included to satisfy reference by file (symbol)

c:/st/stm32cubeide_1.6.1/stm32cubeide/plugins/com.st.stm32cube.ide.mcu.externaltools.gnu-tools-for-stm32.10.3-2021.10.win32_1.0.0.202111181127/tools/bin/../lib/gcc/arm-none-eabi/10.3.1/../../../../arm-none-eabi/lib/thumb/v7e-m+fp/hard\libc_nano.a(lib_a-errno.o)
                              ./Core/Src/syscalls.o (__errno)
c:/st/stm32cubeide_1.6.1/stm32cubeide/plugins/com.st.stm32cube.ide.mcu.externaltools.gnu-tools-for-stm32.10.3-2021.10.win32_1.0.0.202111181127/tools/bin/../lib/gcc/arm-none-eabi/10.3.1/../../../../arm-none-eabi/lib/thumb/v7e-m+fp/hard\libc_nano.a(lib_a-exit.o)
                              c:/st/stm32cubeide_1.6.1/stm32cubeide/plugins/com.st.stm32cube.ide.mcu.externaltools.gnu-tools-for-stm32.10.3-2021.10.win32_1.0.0.202111181127/tools/bin/../lib/gcc/arm-none-eabi/10.3.1/../../../../arm-none-eabi/lib/thumb/v7e-m+fp/hard/crt0.o (exit)
c:/st/stm32cubeide_1.6.1/stm32cubeide/plugins/com.st.stm32cube.ide.mcu.externaltools.gnu-tools-for-stm32.10.3-2021.10.win32_1.0.0.202111181127/tools/bin/../lib/gcc/arm-none-eabi/10.3.1/../../../../arm-none-eabi/lib/thumb/v7e-m+fp/hard\libc_nano.a(lib_a-impure.o)
                              c:/st/stm32cubeide_1.6.1/stm32cubeide/plugins/com.st.stm32cube.ide.mcu.externaltools.gnu-tools-for-stm32.10.3-2021.10.win32_1.0.0.202111181127/tools/bin/../lib/gcc/arm-none-eabi/10.3.1/../../../../arm-none-eabi/lib/thumb/v7e-m+fp/hard\libc_nano.a(lib_a-exit.o) (_global_impure_ptr)
c:/st/stm32cubeide_1.6.1/stm32cubeide/plugins/com.st.stm32cube.ide.mcu.externaltools.gnu-tools-for-stm32.10.3-2021.10.win32_1.0.0.202111181127/tools/bin/../lib/gcc/arm-none-eabi/10.3.1/../../../../arm-none-eabi/lib/thumb/v7e-m+fp/hard\libc_nano.a(lib_a-init.o)
                              c:/st/stm32cubeide_1.6.1/stm32cubeide/plugins/com.st.stm32cube.ide.mcu.externaltools.gnu-tools-for-stm32.10.3-2021.10.win32_1.0.0.202111181127/tools/bin/../lib/gcc/arm-none-eabi/10.3.1/../../../../arm-none-eabi/lib/thumb/v7e-m+fp/hard/crt0.o (__libc_init_array)
c:/st/stm32cubeide_1.6.1/stm32cubeide/plugins/com.st.stm32cube.ide.mcu.externaltools.gnu-tools-for-stm32.10.3-2021.10.win32_1.0.0.202111181127/tools/bin/../lib/gcc/arm-none-eabi/10.3.1/../../../../arm-none-eabi/lib/thumb/v7e-m+fp/hard\libc_nano.a(lib_a-memset.o)
                              c:/st/stm32cubeide_1.6.1/stm32cubeide/plugins/com.st.stm32cube.ide.mcu.externaltools.gnu-tools-for-stm32.10.3-2021.10.win32_1.0.0.202111181127/tools/bin/../lib/gcc/arm-none-eabi/10.3.1/../../../../arm-none-eabi/lib/thumb/v7e-m+fp/hard/crt0.o (memset)
c:/st/stm32cubeide_1.6.1/stm32cubeide/plugins/com.st.stm32cube.ide.mcu.externaltools.gnu-tools-for-stm32.10.3-2021.10.win32_1.0.0.202111181127/tools/bin/../lib/gcc/arm-none-eabi/10.3.1/../../../../arm-none-eabi/lib/thumb/v7e-m+fp/hard\libc_nano.a(lib_a-sprintf.o)
                              ./menu/Src/menu_definition.o (sprintf)
c:/st/stm32cubeide_1.6.1/stm32cubeide/plugins/com.st.stm32cube.ide.mcu.externaltools.gnu-tools-for-stm32.10.3-2021.10.win32_1.0.0.202111181127/tools/bin/../lib/gcc/arm-none-eabi/10.3.1/../../../../arm-none-eabi/lib/thumb/v7e-m+fp/hard\libc_nano.a(lib_a-nano-svfprintf.o)
                              c:/st/stm32cubeide_1.6.1/stm32cubeide/plugins/com.st.stm32cube.ide.mcu.externaltools.gnu-tools-for-stm32.10.3-2021.10.win32_1.0.0.202111181127/tools/bin/../lib/gcc/arm-none-eabi/10.3.1/../../../../arm-none-eabi/lib/thumb/v7e-m+fp/hard\libc_nano.a(lib_a-sprintf.o) (_svfprintf_r)
c:/st/stm32cubeide_1.6.1/stm32cubeide/plugins/com.st.stm32cube.ide.mcu.externaltools.gnu-tools-for-stm32.10.3-2021.10.win32_1.0.0.202111181127/tools/bin/../lib/gcc/arm-none-eabi/10.3.1/../../../../arm-none-eabi/lib/thumb/v7e-m+fp/hard\libc_nano.a(lib_a-nano-vfprintf_i.o)
                              c:/st/stm32cubeide_1.6.1/stm32cubeide/plugins/com.st.stm32cube.ide.mcu.externaltools.gnu-tools-for-stm32.10.3-2021.10.win32_1.0.0.202111181127/tools/bin/../lib/gcc/arm-none-eabi/10.3.1/../../../../arm-none-eabi/lib/thumb/v7e-m+fp/hard\libc_nano.a(lib_a-nano-svfprintf.o) (_printf_i)
c:/st/stm32cubeide_1.6.1/stm32cubeide/plugins/com.st.stm32cube.ide.mcu.externaltools.gnu-tools-for-stm32.10.3-2021.10.win32_1.0.0.202111181127/tools/bin/../lib/gcc/arm-none-eabi/10.3.1/../../../../arm-none-eabi/lib/thumb/v7e-m+fp/hard\libc_nano.a(lib_a-memchr.o)
                              c:/st/stm32cubeide_1.6.1/stm32cubeide/plugins/com.st.stm32cube.ide.mcu.externaltools.gnu-tools-for-stm32.10.3-2021.10.win32_1.0.0.202111181127/tools/bin/../lib/gcc/arm-none-eabi/10.3.1/../../../../arm-none-eabi/lib/thumb/v7e-m+fp/hard\libc_nano.a(lib_a-nano-svfprintf.o) (memchr)
c:/st/stm32cubeide_1.6.1/stm32cubeide/plugins/com.st.stm32cube.ide.mcu.externaltools.gnu-tools-for-stm32.10.3-2021.10.win32_1.0.0.202111181127/tools/bin/../lib/gcc/arm-none-eabi/10.3.1/../../../../arm-none-eabi/lib/thumb/v7e-m+fp/hard\libc_nano.a(lib_a-memcpy-stub.o)
[...]
Memory Configuration

Name             Origin             Length             Attributes
CCMRAM           0x0000000010000000 0x0000000000010000 xrw
RAM              0x0000000020000000 0x0000000000020000 xrw
FLASH            0x0000000008000000 0x0000000000100000 xr
*default*        0x0000000000000000 0xffffffffffffffff

Linker script and memory map

LOAD c:/st/stm32cubeide_1.6.1/stm32cubeide/plugins/com.st.stm32cube.ide.mcu.externaltools.gnu-tools-for-stm32.10.3-2021.10.win32_1.0.0.202111181127/tools/bin/../lib/gcc/arm-none-eabi/10.3.1/thumb/v7e-m+fp/hard/crti.o
LOAD c:/st/stm32cubeide_1.6.1/stm32cubeide/plugins/com.st.stm32cube.ide.mcu.externaltools.gnu-tools-for-stm32.10.3-2021.10.win32_1.0.0.202111181127/tools/bin/../lib/gcc/arm-none-eabi/10.3.1/thumb/v7e-m+fp/hard/crtbegin.o
LOAD c:/st/stm32cubeide_1.6.1/stm32cubeide/plugins/com.st.stm32cube.ide.mcu.externaltools.gnu-tools-for-stm32.10.3-2021.10.win32_1.0.0.202111181127/tools/bin/../lib/gcc/arm-none-eabi/10.3.1/../../../../arm-none-eabi/lib/thumb/v7e-m+fp/hard/crt0.o
LOAD ./Core/Src/dac.o
LOAD ./Core/Src/dma.o
LOAD ./Core/Src/gpio.o
LOAD ./Core/Src/main.o
LOAD ./Core/Src/spi.o
LOAD ./Core/Src/stm32f4xx_hal_msp.o
LOAD ./Core/Src/stm32f4xx_it.o
LOAD ./Core/Src/syscalls.o
LOAD ./Core/Src/sysmem.o
LOAD ./Core/Src/system_stm32f4xx.o
LOAD ./Core/Src/tim.o
LOAD ./Core/Src/usart.o
LOAD ./Core/Src/waveform_gen.o
LOAD ./Core/Startup/startup_stm32f407vgtx.o
LOAD ./Drivers/STM32F4xx_HAL_Driver/Src/stm32f4xx_hal.o
LOAD ./Drivers/STM32F4xx_HAL_Driver/Src/stm32f4xx_hal_cortex.o
LOAD ./Drivers/STM32F4xx_HAL_Driver/Src/stm32f4xx_hal_dac.o
LOAD ./Drivers/STM32F4xx_HAL_Driver/Src/stm32f4xx_hal_dac_ex.o
LOAD ./Drivers/STM32F4xx_HAL_Driver/Src/stm32f4xx_hal_dma.o
LOAD ./Drivers/STM32F4xx_HAL_Driver/Src/stm32f4xx_hal_dma_ex.o
LOAD ./Drivers/STM32F4xx_HAL_Driver/Src/stm32f4xx_hal_exti.o
LOAD ./Drivers/STM32F4xx_HAL_Driver/Src/stm32f4xx_hal_flash.o
LOAD ./Drivers/STM32F4xx_HAL_Driver/Src/stm32f4xx_hal_flash_ex.o
LOAD ./Drivers/STM32F4xx_HAL_Driver/Src/stm32f4xx_hal_flash_ramfunc.o
LOAD ./Drivers/STM32F4xx_HAL_Driver/Src/stm32f4xx_hal_gpio.o
LOAD ./Drivers/STM32F4xx_HAL_Driver/Src/stm32f4xx_hal_pwr.o
LOAD ./Drivers/STM32F4xx_HAL_Driver/Src/stm32f4xx_hal_pwr_ex.o
LOAD ./Drivers/STM32F4xx_HAL_Driver/Src/stm32f4xx_hal_rcc.o
LOAD ./Drivers/STM32F4xx_HAL_Driver/Src/stm32f4xx_hal_rcc_ex.o
LOAD ./Drivers/STM32F4xx_HAL_Driver/Src/stm32f4xx_hal_spi.o
LOAD ./Drivers/STM32F4xx_HAL_Driver/Src/stm32f4xx_hal_tim.o
LOAD ./Drivers/STM32F4xx_HAL_Driver/Src/stm32f4xx_hal_tim_ex.o
LOAD ./Drivers/STM32F4xx_HAL_Driver/Src/stm32f4xx_hal_uart.o
LOAD ./menu/Src/GFX_FUNCTIONS.o
LOAD ./menu/Src/ST7735.o
LOAD ./menu/Src/encoder.o
LOAD ./menu/Src/fonts.o
LOAD ./menu/Src/menu.o
LOAD ./menu/Src/menu_definition.o
LOAD ./menu/Src/ugui.o
START GROUP
LOAD c:/st/stm32cubeide_1.6.1/stm32cubeide/plugins/com.st.stm32cube.ide.mcu.externaltools.gnu-tools-for-stm32.10.3-2021.10.win32_1.0.0.202111181127/tools/bin/../lib/gcc/arm-none-eabi/10.3.1/../../../../arm-none-eabi/lib/thumb/v7e-m+fp/hard\libc_nano.a
LOAD c:/st/stm32cubeide_1.6.1/stm32cubeide/plugins/com.st.stm32cube.ide.mcu.externaltools.gnu-tools-for-stm32.10.3-2021.10.win32_1.0.0.202111181127/tools/bin/../lib/gcc/arm-none-eabi/10.3.1/../../../../arm-none-eabi/lib/thumb/v7e-m+fp/hard\libm.a
END GROUP
START GROUP
LOAD c:/st/stm32cubeide_1.6.1/stm32cubeide/plugins/com.st.stm32cube.ide.mcu.externaltools.gnu-tools-for-stm32.10.3-2021.10.win32_1.0.0.202111181127/tools/bin/../lib/gcc/arm-none-eabi/10.3.1/thumb/v7e-m+fp/hard\libgcc.a
LOAD c:/st/stm32cubeide_1.6.1/stm32cubeide/plugins/com.st.stm32cube.ide.mcu.externaltools.gnu-tools-for-stm32.10.3-2021.10.win32_1.0.0.202111181127/tools/bin/../lib/gcc/arm-none-eabi/10.3.1/../../../../arm-none-eabi/lib/thumb/v7e-m+fp/hard\libc_nano.a
END GROUP
START GROUP
LOAD c:/st/stm32cubeide_1.6.1/stm32cubeide/plugins/com.st.stm32cube.ide.mcu.externaltools.gnu-tools-for-stm32.10.3-2021.10.win32_1.0.0.202111181127/tools/bin/../lib/gcc/arm-none-eabi/10.3.1/thumb/v7e-m+fp/hard\libgcc.a
LOAD c:/st/stm32cubeide_1.6.1/stm32cubeide/plugins/com.st.stm32cube.ide.mcu.externaltools.gnu-tools-for-stm32.10.3-2021.10.win32_1.0.0.202111181127/tools/bin/../lib/gcc/arm-none-eabi/10.3.1/../../../../arm-none-eabi/lib/thumb/v7e-m+fp/hard\libc_nano.a
LOAD c:/st/stm32cubeide_1.6.1/stm32cubeide/plugins/com.st.stm32cube.ide.mcu.externaltools.gnu-tools-for-stm32.10.3-2021.10.win32_1.0.0.202111181127/tools/bin/../lib/gcc/arm-none-eabi/10.3.1/../../../../arm-none-eabi/lib/thumb/v7e-m+fp/hard\libnosys.a
END GROUP
START GROUP
LOAD c:/st/stm32cubeide_1.6.1/stm32cubeide/plugins/com.st.stm32cube.ide.mcu.externaltools.gnu-tools-for-stm32.10.3-2021.10.win32_1.0.0.202111181127/tools/bin/../lib/gcc/arm-none-eabi/10.3.1/thumb/v7e-m+fp/hard\libgcc.a
LOAD c:/st/stm32cubeide_1.6.1/stm32cubeide/plugins/com.st.stm32cube.ide.mcu.externaltools.gnu-tools-for-stm32.10.3-2021.10.win32_1.0.0.202111181127/tools/bin/../lib/gcc/arm-none-eabi/10.3.1/../../../../arm-none-eabi/lib/thumb/v7e-m+fp/hard\libc_nano.a
LOAD c:/st/stm32cubeide_1.6.1/stm32cubeide/plugins/com.st.stm32cube.ide.mcu.externaltools.gnu-tools-for-stm32.10.3-2021.10.win32_1.0.0.202111181127/tools/bin/../lib/gcc/arm-none-eabi/10.3.1/../../../../arm-none-eabi/lib/thumb/v7e-m+fp/hard\libnosys.a
END GROUP
LOAD c:/st/stm32cubeide_1.6.1/stm32cubeide/plugins/com.st.stm32cube.ide.mcu.externaltools.gnu-tools-for-stm32.10.3-2021.10.win32_1.0.0.202111181127/tools/bin/../lib/gcc/arm-none-eabi/10.3.1/thumb/v7e-m+fp/hard/crtend.o
LOAD c:/st/stm32cubeide_1.6.1/stm32cubeide/plugins/com.st.stm32cube.ide.mcu.externaltools.gnu-tools-for-stm32.10.3-2021.10.win32_1.0.0.202111181127/tools/bin/../lib/gcc/arm-none-eabi/10.3.1/thumb/v7e-m+fp/hard/crtn.o
                0x0000000020020000                _estack = (ORIGIN (RAM) + LENGTH (RAM))
                0x0000000000000200                _Min_Heap_Size = 0x200
                0x0000000000000400                _Min_Stack_Size = 0x400

.isr_vector     0x0000000008000000      0x188
                0x0000000008000000                . = ALIGN (0x4)
 *(.isr_vector)
 .isr_vector    0x0000000008000000      0x188 ./Core/Startup/startup_stm32f407vgtx.o
                0x0000000008000000                g_pfnVectors
                0x0000000008000188                . = ALIGN (0x4)

.text           0x0000000008000190     0x83c4
                0x0000000008000190                . = ALIGN (0x4)
 *(.text)
 .text          0x0000000008000190       0x40 c:/st/stm32cubeide_1.6.1/stm32cubeide/plugins/com.st.stm32cube.ide.mcu.externaltools.gnu-tools-for-stm32.10.3-2021.10.win32_1.0.0.202111181127/tools/bin/../lib/gcc/arm-none-eabi/10.3.1/thumb/v7e-m+fp/hard/crtbegin.o
 .text          0x00000000080001d0       0xa0 c:/st/stm32cubeide_1.6.1/stm32cubeide/plugins/com.st.stm32cube.ide.mcu.externaltools.gnu-tools-for-stm32.10.3-2021.10.win32_1.0.0.202111181127/tools/bin/../lib/gcc/arm-none-eabi/10.3.1/../../../../arm-none-eabi/lib/thumb/v7e-m+fp/hard\libc_nano.a(lib_a-memchr.o)
                0x00000000080001d0                memchr
 .text          0x0000000008000270      0x378 c:/st/stm32cubeide_1.6.1/stm32cubeide/plugins/com.st.stm32cube.ide.mcu.externaltools.gnu-tools-for-stm32.10.3-2021.10.win32_1.0.0.202111181127/tools/bin/../lib/gcc/arm-none-eabi/10.3.1/thumb/v7e-m+fp/hard\libgcc.a(_arm_addsubdf3.o)
                0x0000000008000270                __aeabi_drsub
                0x0000000008000278                __aeabi_dsub
                0x0000000008000278                __subdf3
                0x000000000800027c                __aeabi_dadd
                0x000000000800027c                __adddf3
                0x00000000080004f4                __floatunsidf
                0x00000000080004f4                __aeabi_ui2d
                0x0000000008000514                __floatsidf
                0x0000000008000514                __aeabi_i2d
                0x0000000008000538                __aeabi_f2d
                0x0000000008000538                __extendsfdf2
                0x000000000800057c                __floatundidf
                0x000000000800057c                __aeabi_ul2d
                0x000000000800058c                __floatdidf
                0x000000000800058c                __aeabi_l2d
 .text          0x00000000080005e8      0x424 c:/st/stm32cubeide_1.6.1/stm32cubeide/plugins/com.st.stm32cube.ide.mcu.externaltools.gnu-tools-for-stm32.10.3-2021.10.win32_1.0.0.202111181127/tools/bin/../lib/gcc/arm-none-eabi/10.3.1/thumb/v7e-m+fp/hard\libgcc.a(_arm_muldivdf3.o)
                0x00000000080005e8                __aeabi_dmul
                0x00000000080005e8                __muldf3
                0x000000000800083c                __divdf3
                0x000000000800083c                __aeabi_ddiv
 .text          0x0000000008000a0c      0x110 c:/st/stm32cubeide_1.6.1/stm32cubeide/plugins/com.st.stm32cube.ide.mcu.externaltools.gnu-tools-for-stm32.10.3-2021.10.win32_1.0.0.202111181127/tools/bin/../lib/gcc/arm-none-eabi/10.3.1/thumb/v7e-m+fp/hard\libgcc.a(_arm_cmpdf2.o)
                0x0000000008000a0c                __gtdf2
                0x0000000008000a0c                __gedf2
                0x0000000008000a14                __ltdf2
                0x0000000008000a14                __ledf2
                0x0000000008000a1c                __nedf2
                0x0000000008000a1c                __eqdf2
                0x0000000008000a1c                __cmpdf2
                0x0000000008000a98                __aeabi_cdrcmple
                0x0000000008000aa8                __aeabi_cdcmpeq
                0x0000000008000aa8                __aeabi_cdcmple
                0x0000000008000ab8                __aeabi_dcmpeq
                0x0000000008000acc                __aeabi_dcmplt
                0x0000000008000ae0                __aeabi_dcmple
                0x0000000008000af4                __aeabi_dcmpge
                0x0000000008000b08                __aeabi_dcmpgt
 .text          0x0000000008000b1c       0x50 c:/st/stm32cubeide_1.6.1/stm32cubeide/plugins/com.st.stm32cube.ide.mcu.externaltools.gnu-tools-for-stm32.10.3-2021.10.win32_1.0.0.202111181127/tools/bin/../lib/gcc/arm-none-eabi/10.3.1/thumb/v7e-m+fp/hard\libgcc.a(_arm_fixdfsi.o)
                0x0000000008000b1c                __aeabi_d2iz
                0x0000000008000b1c                __fixdfsi
 .text          0x0000000008000b6c       0x40 c:/st/stm32cubeide_1.6.1/stm32cubeide/plugins/com.st.stm32cube.ide.mcu.externaltools.gnu-tools-for-stm32.10.3-2021.10.win32_1.0.0.202111181127/tools/bin/../lib/gcc/arm-none-eabi/10.3.1/thumb/v7e-m+fp/hard\libgcc.a(_arm_fixunsdfsi.o)
                0x0000000008000b6c                __aeabi_d2uiz
                0x0000000008000b6c                __fixunsdfsi
 .text          0x0000000008000bac       0x30 c:/st/stm32cubeide_1.6.1/stm32cubeide/plugins/com.st.stm32cube.ide.mcu.externaltools.gnu-tools-for-stm32.10.3-2021.10.win32_1.0.0.202111181127/tools/bin/../lib/gcc/arm-none-eabi/10.3.1/thumb/v7e-m+fp/hard\libgcc.a(_aeabi_uldivmod.o)
                0x0000000008000bac                __aeabi_uldivmod
 .text          0x0000000008000bdc       0x3c c:/st/stm32cubeide_1.6.1/stm32cubeide/plugins/com.st.stm32cube.ide.mcu.externaltools.gnu-tools-for-stm32.10.3-2021.10.win32_1.0.0.202111181127/tools/bin/../lib/gcc/arm-none-eabi/10.3.1/thumb/v7e-m+fp/hard\libgcc.a(_fixunsdfdi.o)
                0x0000000008000bdc                __fixunsdfdi
                0x0000000008000bdc                __aeabi_d2ulz
 .text          0x0000000008000c18      0x2d0 c:/st/stm32cubeide_1.6.1/stm32cubeide/plugins/com.st.stm32cube.ide.mcu.externaltools.gnu-tools-for-stm32.10.3-2021.10.win32_1.0.0.202111181127/tools/bin/../lib/gcc/arm-none-eabi/10.3.1/thumb/v7e-m+fp/hard\libgcc.a(_udivmoddi4.o)
                0x0000000008000c18                __udivmoddi4
 .text          0x0000000008000ee8        0x4 c:/st/stm32cubeide_1.6.1/stm32cubeide/plugins/com.st.stm32cube.ide.mcu.externaltools.gnu-tools-for-stm32.10.3-2021.10.win32_1.0.0.202111181127/tools/bin/../lib/gcc/arm-none-eabi/10.3.1/thumb/v7e-m+fp/hard\libgcc.a(_dvmd_tls.o)
                0x0000000008000ee8                __aeabi_idiv0
                0x0000000008000ee8                __aeabi_ldiv0
 *(.text*)
 .text.MX_DAC_Init
                0x0000000008000eec       0x6c ./Core/Src/dac.o
                0x0000000008000eec                MX_DAC_Init
 .text.HAL_DAC_MspInit
                0x0000000008000f58      0x160 ./Core/Src/dac.o
                0x0000000008000f58                HAL_DAC_MspInit
 .text.MX_DMA_Init
                0x00000000080010b8       0x50 ./Core/Src/dma.o
                0x00000000080010b8                MX_DMA_Init
 .text.MX_GPIO_Init
                0x0000000008001108      0x10c ./Core/Src/gpio.o
                0x0000000008001108                MX_GPIO_Init
 .text.main     0x0000000008001214       0xb4 ./Core/Src/main.o
                0x0000000008001214                main
 .text.SystemClock_Config
                0x00000000080012c8       0xd4 ./Core/Src/main.o
                0x00000000080012c8                SystemClock_Config
 .text.menu_encoder_event
                0x000000000800139c       0x3c ./Core/Src/main.o
                0x000000000800139c                menu_encoder_event
 .text.HAL_UART_RxCpltCallback
                0x00000000080013d8       0xac ./Core/Src/main.o
                0x00000000080013d8                HAL_UART_RxCpltCallback
 .text.Error_Handler
                0x0000000008001484        0xa ./Core/Src/main.o
                0x0000000008001484                Error_Handler
 *fill*         0x000000000800148e        0x2 
 .text.MX_SPI1_Init
                0x0000000008001490       0x70 ./Core/Src/spi.o
                0x0000000008001490                MX_SPI1_Init
 .text.HAL_SPI_MspInit
                0x0000000008001500       0x90 ./Core/Src/spi.o
                0x0000000008001500                HAL_SPI_MspInit
 .text.HAL_MspInit
                0x0000000008001590       0x50 ./Core/Src/stm32f4xx_hal_msp.o
                0x0000000008001590                HAL_MspInit
 .text.NMI_Handler
                0x00000000080015e0        0x6 ./Core/Src/stm32f4xx_it.o
                0x00000000080015e0                NMI_Handler
 .text.HardFault_Handler
                0x00000000080015e6        0x6 ./Core/Src/stm32f4xx_it.o
                0x00000000080015e6                HardFault_Handler
 .text.MemManage_Handler
                0x00000000080015ec        0x6 ./Core/Src/stm32f4xx_it.o
                0x00000000080015ec                MemManage_Handler
 .text.BusFault_Handler
                0x00000000080015f2        0x6 ./Core/Src/stm32f4xx_it.o
                0x00000000080015f2                BusFault_Handler
 .text.UsageFault_Handler
                0x00000000080015f8        0x6 ./Core/Src/stm32f4xx_it.o
                0x00000000080015f8                UsageFault_Handler
 .text.SVC_Handler
                0x00000000080015fe        0xe ./Core/Src/stm32f4xx_it.o
                0x00000000080015fe                SVC_Handler
 .text.DebugMon_Handler
                0x000000000800160c        0xe ./Core/Src/stm32f4xx_it.o
                0x000000000800160c                DebugMon_Handler
 .text.PendSV_Handler
                0x000000000800161a        0xe ./Core/Src/stm32f4xx_it.o
                0x000000000800161a                PendSV_Handler
 .text.SysTick_Handler
                0x0000000008001628        0xc ./Core/Src/stm32f4xx_it.o
                0x0000000008001628                SysTick_Handler
 .text.DMA1_Stream5_IRQHandler
                0x0000000008001634       0x14 ./Core/Src/stm32f4xx_it.o
                0x0000000008001634                DMA1_Stream5_IRQHandler
 .text.DMA1_Stream6_IRQHandler
                0x0000000008001648       0x14 ./Core/Src/stm32f4xx_it.o
                0x0000000008001648                DMA1_Stream6_IRQHandler
 .text.USART1_IRQHandler
                0x000000000800165c       0x14 ./Core/Src/stm32f4xx_it.o
                0x000000000800165c                USART1_IRQHandler
 .text.EXTI15_10_IRQHandler
                0x0000000008001670       0x10 ./Core/Src/stm32f4xx_it.o
                0x0000000008001670                EXTI15_10_IRQHandler
 .text._sbrk    0x0000000008001680       0x6c ./Core/Src/sysmem.o
                0x0000000008001680                _sbrk
 .text.SystemInit
                0x00000000080016ec       0x24 ./Core/Src/system_stm32f4xx.o
                0x00000000080016ec                SystemInit
 .text.MX_TIM1_Init
                0x0000000008001710       0xac ./Core/Src/tim.o
                0x0000000008001710                MX_TIM1_Init
 .text.MX_TIM2_Init
                0x00000000080017bc       0x98 ./Core/Src/tim.o
                0x00000000080017bc                MX_TIM2_Init
 .text.MX_TIM5_Init
                0x0000000008001854       0x98 ./Core/Src/tim.o
                0x0000000008001854                MX_TIM5_Init
 .text.MX_TIM7_Init
                0x00000000080018ec       0x6c ./Core/Src/tim.o
                0x00000000080018ec                MX_TIM7_Init
 .text.HAL_TIM_Encoder_MspInit
                0x0000000008001958       0x90 ./Core/Src/tim.o
                0x0000000008001958                HAL_TIM_Encoder_MspInit
 .text.HAL_TIM_Base_MspInit
                0x00000000080019e8       0x98 ./Core/Src/tim.o
                0x00000000080019e8                HAL_TIM_Base_MspInit
 .text.MX_USART1_UART_Init
                0x0000000008001a80       0x54 ./Core/Src/usart.o
                0x0000000008001a80                MX_USART1_UART_Init
 .text.HAL_UART_MspInit
                0x0000000008001ad4       0xa0 ./Core/Src/usart.o
                0x0000000008001ad4                HAL_UART_MspInit
 *fill*         0x0000000008001b74        0x4 
 .text.calcsin  0x0000000008001b78       0xb4 ./Core/Src/waveform_gen.o
                0x0000000008001b78                calcsin
 .text.Reset_Handler
                0x0000000008001c2c       0x50 ./Core/Startup/startup_stm32f407vgtx.o
                0x0000000008001c2c                Reset_Handler
 .text.Default_Handler
                0x0000000008001c7c        0x2 ./Core/Startup/startup_stm32f407vgtx.o
                0x0000000008001c7c                RTC_Alarm_IRQHandler
                0x0000000008001c7c                HASH_RNG_IRQHandler
                0x0000000008001c7c                EXTI2_IRQHandler
                0x0000000008001c7c                TIM8_CC_IRQHandler
                0x0000000008001c7c                TIM1_CC_IRQHandler
                0x0000000008001c7c                DMA2_Stream5_IRQHandler
                0x0000000008001c7c                PVD_IRQHandler
                0x0000000008001c7c                SDIO_IRQHandler
                0x0000000008001c7c                TAMP_STAMP_IRQHandler
                0x0000000008001c7c                CAN2_RX1_IRQHandler
                0x0000000008001c7c                EXTI3_IRQHandler
                0x0000000008001c7c                TIM8_TRG_COM_TIM14_IRQHandler
                0x0000000008001c7c                TIM1_UP_TIM10_IRQHandler
                0x0000000008001c7c                TIM8_UP_TIM13_IRQHandler
                0x0000000008001c7c                I2C3_ER_IRQHandler
                0x0000000008001c7c                EXTI0_IRQHandler
                0x0000000008001c7c                I2C2_EV_IRQHandler
                0x0000000008001c7c                DMA1_Stream2_IRQHandler
                0x0000000008001c7c                CAN1_RX0_IRQHandler
                0x0000000008001c7c                FPU_IRQHandler
                0x0000000008001c7c                OTG_HS_WKUP_IRQHandler
                0x0000000008001c7c                CAN2_SCE_IRQHandler
                0x0000000008001c7c                DMA2_Stream2_IRQHandler
                0x0000000008001c7c                SPI1_IRQHandler
                0x0000000008001c7c                TIM6_DAC_IRQHandler
                0x0000000008001c7c                TIM1_BRK_TIM9_IRQHandler
                0x0000000008001c7c                DCMI_IRQHandler
                0x0000000008001c7c                CAN2_RX0_IRQHandler
                0x0000000008001c7c                DMA2_Stream3_IRQHandler
                0x0000000008001c7c                USART6_IRQHandler
                0x0000000008001c7c                USART3_IRQHandler
                0x0000000008001c7c                CAN1_RX1_IRQHandler
                0x0000000008001c7c                UART5_IRQHandler
                0x0000000008001c7c                DMA2_Stream0_IRQHandler
                0x0000000008001c7c                TIM4_IRQHandler
                0x0000000008001c7c                I2C1_EV_IRQHandler
                0x0000000008001c7c                DMA1_Stream1_IRQHandler
                0x0000000008001c7c                UART4_IRQHandler
                0x0000000008001c7c                TIM3_IRQHandler
                0x0000000008001c7c                RCC_IRQHandler
                0x0000000008001c7c                TIM8_BRK_TIM12_IRQHandler
                0x0000000008001c7c                Default_Handler
                0x0000000008001c7c                ADC_IRQHandler
                0x0000000008001c7c                DMA1_Stream7_IRQHandler
                0x0000000008001c7c                TIM7_IRQHandler
                0x0000000008001c7c                CAN2_TX_IRQHandler
                0x0000000008001c7c                TIM5_IRQHandler
                0x0000000008001c7c                DMA2_Stream7_IRQHandler
                0x0000000008001c7c                I2C3_EV_IRQHandler
                0x0000000008001c7c                EXTI9_5_IRQHandler
                0x0000000008001c7c                RTC_WKUP_IRQHandler
                0x0000000008001c7c                ETH_WKUP_IRQHandler
                0x0000000008001c7c                SPI2_IRQHandler
                0x0000000008001c7c                OTG_HS_EP1_IN_IRQHandler
                0x0000000008001c7c                DMA1_Stream0_IRQHandler
                0x0000000008001c7c                CAN1_TX_IRQHandler
                0x0000000008001c7c                EXTI4_IRQHandler
                0x0000000008001c7c                FSMC_IRQHandler
                0x0000000008001c7c                ETH_IRQHandler
                0x0000000008001c7c                OTG_HS_EP1_OUT_IRQHandler
                0x0000000008001c7c                WWDG_IRQHandler
                0x0000000008001c7c                TIM2_IRQHandler
                0x0000000008001c7c                OTG_FS_WKUP_IRQHandler
                0x0000000008001c7c                TIM1_TRG_COM_TIM11_IRQHandler
                0x0000000008001c7c                OTG_HS_IRQHandler
                0x0000000008001c7c                EXTI1_IRQHandler
                0x0000000008001c7c                USART2_IRQHandler
                0x0000000008001c7c                I2C2_ER_IRQHandler
                0x0000000008001c7c                DMA2_Stream1_IRQHandler
                0x0000000008001c7c                CAN1_SCE_IRQHandler
                0x0000000008001c7c                FLASH_IRQHandler
                0x0000000008001c7c                DMA2_Stream4_IRQHandler
                0x0000000008001c7c                OTG_FS_IRQHandler
                0x0000000008001c7c                SPI3_IRQHandler
                0x0000000008001c7c                DMA1_Stream4_IRQHandler
                0x0000000008001c7c                I2C1_ER_IRQHandler
                0x0000000008001c7c                DMA2_Stream6_IRQHandler
                0x0000000008001c7c                DMA1_Stream3_IRQHandler
 *fill*         0x0000000008001c7e        0x2 
 .text.HAL_Init
                0x0000000008001c80       0x44 ./Drivers/STM32F4xx_HAL_Driver/Src/stm32f4xx_hal.o
                0x0000000008001c80                HAL_Init
 .text.HAL_InitTick
                0x0000000008001cc4       0x60 ./Drivers/STM32F4xx_HAL_Driver/Src/stm32f4xx_hal.o
                0x0000000008001cc4                HAL_InitTick
 .text.HAL_IncTick
                0x0000000008001d24       0x28 ./Drivers/STM32F4xx_HAL_Driver/Src/stm32f4xx_hal.o
                0x0000000008001d24                HAL_IncTick
 .text.HAL_GetTick
                0x0000000008001d4c       0x18 ./Drivers/STM32F4xx_HAL_Driver/Src/stm32f4xx_hal.o
                0x0000000008001d4c                HAL_GetTick
 .text.HAL_Delay
                0x0000000008001d64       0x48 ./Drivers/STM32F4xx_HAL_Driver/Src/stm32f4xx_hal.o
                0x0000000008001d64                HAL_Delay
 .text.__NVIC_SetPriorityGrouping
                0x0000000008001dac       0x48 ./Drivers/STM32F4xx_HAL_Driver/Src/stm32f4xx_hal_cortex.o
 .text.__NVIC_GetPriorityGrouping
                0x0000000008001df4       0x1c ./Drivers/STM32F4xx_HAL_Driver/Src/stm32f4xx_hal_cortex.o
 .text.__NVIC_EnableIRQ
                0x0000000008001e10       0x3c ./Drivers/STM32F4xx_HAL_Driver/Src/stm32f4xx_hal_cortex.o
 .text.__NVIC_SetPriority
                0x0000000008001e4c       0x54 ./Drivers/STM32F4xx_HAL_Driver/Src/stm32f4xx_hal_cortex.o
 .text.NVIC_EncodePriority
                0x0000000008001ea0       0x66 ./Drivers/STM32F4xx_HAL_Driver/Src/stm32f4xx_hal_cortex.o
 *fill*         0x0000000008001f06        0x2 
 .text.SysTick_Config
                0x0000000008001f08       0x44 ./Drivers/STM32F4xx_HAL_Driver/Src/stm32f4xx_hal_cortex.o
 .text.HAL_NVIC_SetPriorityGrouping
                0x0000000008001f4c       0x16 ./Drivers/STM32F4xx_HAL_Driver/Src/stm32f4xx_hal_cortex.o
                0x0000000008001f4c                HAL_NVIC_SetPriorityGrouping
 .text.HAL_NVIC_SetPriority
                0x0000000008001f62       0x38 ./Drivers/STM32F4xx_HAL_Driver/Src/stm32f4xx_hal_cortex.o
                0x0000000008001f62                HAL_NVIC_SetPriority
 .text.HAL_NVIC_EnableIRQ
                0x0000000008001f9a       0x1c ./Drivers/STM32F4xx_HAL_Driver/Src/stm32f4xx_hal_cortex.o
                0x0000000008001f9a                HAL_NVIC_EnableIRQ
 .text.HAL_SYSTICK_Config
                0x0000000008001fb6       0x18 ./Drivers/STM32F4xx_HAL_Driver/Src/stm32f4xx_hal_cortex.o
                0x0000000008001fb6                HAL_SYSTICK_Config
 .text.HAL_DAC_Init
                0x0000000008001fce       0x44 ./Drivers/STM32F4xx_HAL_Driver/Src/stm32f4xx_hal_dac.o
                0x0000000008001fce                HAL_DAC_Init
 *fill*         0x0000000008002012        0x2 
 .text.HAL_DAC_Start_DMA
                0x0000000008002014      0x19c ./Drivers/STM32F4xx_HAL_Driver/Src/stm32f4xx_hal_dac.o
                0x0000000008002014                HAL_DAC_Start_DMA
 .text.HAL_DAC_ConvCpltCallbackCh1
                0x00000000080021b0       0x14 ./Drivers/STM32F4xx_HAL_Driver/Src/stm32f4xx_hal_dac.o
                0x00000000080021b0                HAL_DAC_ConvCpltCallbackCh1
 .text.HAL_DAC_ConvHalfCpltCallbackCh1
                0x00000000080021c4       0x14 ./Drivers/STM32F4xx_HAL_Driver/Src/stm32f4xx_hal_dac.o
                0x00000000080021c4                HAL_DAC_ConvHalfCpltCallbackCh1
 .text.HAL_DAC_ErrorCallbackCh1
                0x00000000080021d8       0x14 ./Drivers/STM32F4xx_HAL_Driver/Src/stm32f4xx_hal_dac.o
                0x00000000080021d8                HAL_DAC_ErrorCallbackCh1
 .text.HAL_DAC_ConfigChannel
                0x00000000080021ec       0x9e ./Drivers/STM32F4xx_HAL_Driver/Src/stm32f4xx_hal_dac.o
                0x00000000080021ec                HAL_DAC_ConfigChannel
 .text.DAC_DMAConvCpltCh1
                0x000000000800228a       0x22 ./Drivers/STM32F4xx_HAL_Driver/Src/stm32f4xx_hal_dac.o
                0x000000000800228a                DAC_DMAConvCpltCh1
 .text.DAC_DMAHalfConvCpltCh1
                0x00000000080022ac       0x1c ./Drivers/STM32F4xx_HAL_Driver/Src/stm32f4xx_hal_dac.o
                0x00000000080022ac                DAC_DMAHalfConvCpltCh1
 .text.DAC_DMAErrorCh1
                0x00000000080022c8       0x2e ./Drivers/STM32F4xx_HAL_Driver/Src/stm32f4xx_hal_dac.o
                0x00000000080022c8                DAC_DMAErrorCh1
 .text.HAL_DACEx_ConvCpltCallbackCh2
                0x00000000080022f6       0x14 ./Drivers/STM32F4xx_HAL_Driver/Src/stm32f4xx_hal_dac_ex.o
                0x00000000080022f6                HAL_DACEx_ConvCpltCallbackCh2
 .text.HAL_DACEx_ConvHalfCpltCallbackCh2
                0x000000000800230a       0x14 ./Drivers/STM32F4xx_HAL_Driver/Src/stm32f4xx_hal_dac_ex.o
                0x000000000800230a                HAL_DACEx_ConvHalfCpltCallbackCh2
 .text.HAL_DACEx_ErrorCallbackCh2
                0x000000000800231e       0x14 ./Drivers/STM32F4xx_HAL_Driver/Src/stm32f4xx_hal_dac_ex.o
                0x000000000800231e                HAL_DACEx_ErrorCallbackCh2
 .text.DAC_DMAConvCpltCh2
                0x0000000008002332       0x22 ./Drivers/STM32F4xx_HAL_Driver/Src/stm32f4xx_hal_dac_ex.o
                0x0000000008002332                DAC_DMAConvCpltCh2
 .text.DAC_DMAHalfConvCpltCh2
                0x0000000008002354       0x1c ./Drivers/STM32F4xx_HAL_Driver/Src/stm32f4xx_hal_dac_ex.o
                0x0000000008002354                DAC_DMAHalfConvCpltCh2
 .text.DAC_DMAErrorCh2
                0x0000000008002370       0x2e ./Drivers/STM32F4xx_HAL_Driver/Src/stm32f4xx_hal_dac_ex.o
                0x0000000008002370                DAC_DMAErrorCh2
 *fill*         0x000000000800239e        0x2 
 .text.HAL_DMA_Init
                0x00000000080023a0      0x15c ./Drivers/STM32F4xx_HAL_Driver/Src/stm32f4xx_hal_dma.o
                0x00000000080023a0                HAL_DMA_Init
 .text.HAL_DMA_Start_IT
                0x00000000080024fc       0xb0 ./Drivers/STM32F4xx_HAL_Driver/Src/stm32f4xx_hal_dma.o
                0x00000000080024fc                HAL_DMA_Start_IT
 .text.HAL_DMA_Abort
                0x00000000080025ac       0xe0 ./Drivers/STM32F4xx_HAL_Driver/Src/stm32f4xx_hal_dma.o
                0x00000000080025ac                HAL_DMA_Abort
 .text.HAL_DMA_Abort_IT
                0x000000000800268c       0x44 ./Drivers/STM32F4xx_HAL_Driver/Src/stm32f4xx_hal_dma.o
                0x000000000800268c                HAL_DMA_Abort_IT
 .text.HAL_DMA_IRQHandler
                0x00000000080026d0      0x314 ./Drivers/STM32F4xx_HAL_Driver/Src/stm32f4xx_hal_dma.o
                0x00000000080026d0                HAL_DMA_IRQHandler
 .text.DMA_SetConfig
                0x00000000080029e4       0x5c ./Drivers/STM32F4xx_HAL_Driver/Src/stm32f4xx_hal_dma.o
 .text.DMA_CalcBaseAndBitshift
                0x0000000008002a40       0x6c ./Drivers/STM32F4xx_HAL_Driver/Src/stm32f4xx_hal_dma.o
 .text.DMA_CheckFifoParam
                0x0000000008002aac       0xf8 ./Drivers/STM32F4xx_HAL_Driver/Src/stm32f4xx_hal_dma.o
 .text.HAL_GPIO_Init
                0x0000000008002ba4      0x338 ./Drivers/STM32F4xx_HAL_Driver/Src/stm32f4xx_hal_gpio.o
                0x0000000008002ba4                HAL_GPIO_Init
 .text.HAL_GPIO_WritePin
                0x0000000008002edc       0x32 ./Drivers/STM32F4xx_HAL_Driver/Src/stm32f4xx_hal_gpio.o
                0x0000000008002edc                HAL_GPIO_WritePin
 *fill*         0x0000000008002f0e        0x2 
 .text.HAL_GPIO_EXTI_IRQHandler
                0x0000000008002f10       0x30 ./Drivers/STM32F4xx_HAL_Driver/Src/stm32f4xx_hal_gpio.o
                0x0000000008002f10                HAL_GPIO_EXTI_IRQHandler
 .text.HAL_RCC_OscConfig
                0x0000000008002f40      0x4f0 ./Drivers/STM32F4xx_HAL_Driver/Src/stm32f4xx_hal_rcc.o
                0x0000000008002f40                HAL_RCC_OscConfig
 .text.HAL_RCC_ClockConfig
                0x0000000008003430      0x1cc ./Drivers/STM32F4xx_HAL_Driver/Src/stm32f4xx_hal_rcc.o
                0x0000000008003430                HAL_RCC_ClockConfig
 .text.HAL_RCC_GetSysClockFreq
                0x00000000080035fc      0x20c ./Drivers/STM32F4xx_HAL_Driver/Src/stm32f4xx_hal_rcc.o
                0x00000000080035fc                HAL_RCC_GetSysClockFreq
 .text.HAL_RCC_GetHCLKFreq
                0x0000000008003808       0x18 ./Drivers/STM32F4xx_HAL_Driver/Src/stm32f4xx_hal_rcc.o
                0x0000000008003808                HAL_RCC_GetHCLKFreq
 .text.HAL_RCC_GetPCLK1Freq
                0x0000000008003820       0x28 ./Drivers/STM32F4xx_HAL_Driver/Src/stm32f4xx_hal_rcc.o
                0x0000000008003820                HAL_RCC_GetPCLK1Freq
 .text.HAL_RCC_GetPCLK2Freq
                0x0000000008003848       0x28 ./Drivers/STM32F4xx_HAL_Driver/Src/stm32f4xx_hal_rcc.o
                0x0000000008003848                HAL_RCC_GetPCLK2Freq
 .text.HAL_SPI_Init
                0x0000000008003870      0x112 ./Drivers/STM32F4xx_HAL_Driver/Src/stm32f4xx_hal_spi.o
                0x0000000008003870                HAL_SPI_Init
 .text.HAL_SPI_Transmit
                0x0000000008003982      0x278 ./Drivers/STM32F4xx_HAL_Driver/Src/stm32f4xx_hal_spi.o
                0x0000000008003982                HAL_SPI_Transmit
 *fill*         0x0000000008003bfa        0x2 
 .text.SPI_WaitFlagStateUntilTimeout
                0x0000000008003bfc      0x110 ./Drivers/STM32F4xx_HAL_Driver/Src/stm32f4xx_hal_spi.o
 .text.SPI_EndRxTxTransaction
                0x0000000008003d0c       0x84 ./Drivers/STM32F4xx_HAL_Driver/Src/stm32f4xx_hal_spi.o
 .text.HAL_TIM_Base_Init
                0x0000000008003d90       0x9e ./Drivers/STM32F4xx_HAL_Driver/Src/stm32f4xx_hal_tim.o
                0x0000000008003d90                HAL_TIM_Base_Init
 *fill*         0x0000000008003e2e        0x2 
 .text.HAL_TIM_Base_Start
                0x0000000008003e30       0xd0 ./Drivers/STM32F4xx_HAL_Driver/Src/stm32f4xx_hal_tim.o
                0x0000000008003e30                HAL_TIM_Base_Start
 .text.HAL_TIM_Encoder_Init
                0x0000000008003f00      0x14c ./Drivers/STM32F4xx_HAL_Driver/Src/stm32f4xx_hal_tim.o
                0x0000000008003f00                HAL_TIM_Encoder_Init
 .text.HAL_TIM_Encoder_Start
                0x000000000800404c      0x11c ./Drivers/STM32F4xx_HAL_Driver/Src/stm32f4xx_hal_tim.o
                0x000000000800404c                HAL_TIM_Encoder_Start
 .text.HAL_TIM_ConfigClockSource
                0x0000000008004168      0x188 ./Drivers/STM32F4xx_HAL_Driver/Src/stm32f4xx_hal_tim.o
                0x0000000008004168                HAL_TIM_ConfigClockSource
 .text.TIM_Base_SetConfig
                0x00000000080042f0      0x140 ./Drivers/STM32F4xx_HAL_Driver/Src/stm32f4xx_hal_tim.o
                0x00000000080042f0                TIM_Base_SetConfig
 .text.TIM_TI1_ConfigInputStage
                0x0000000008004430       0x5e ./Drivers/STM32F4xx_HAL_Driver/Src/stm32f4xx_hal_tim.o
 .text.TIM_TI2_ConfigInputStage
                0x000000000800448e       0x60 ./Drivers/STM32F4xx_HAL_Driver/Src/stm32f4xx_hal_tim.o
 .text.TIM_ITRx_SetConfig
                0x00000000080044ee       0x36 ./Drivers/STM32F4xx_HAL_Driver/Src/stm32f4xx_hal_tim.o
 .text.TIM_ETR_SetConfig
                0x0000000008004524       0x40 ./Drivers/STM32F4xx_HAL_Driver/Src/stm32f4xx_hal_tim.o
                0x0000000008004524                TIM_ETR_SetConfig
 .text.TIM_CCxChannelCmd
                0x0000000008004564       0x4a ./Drivers/STM32F4xx_HAL_Driver/Src/stm32f4xx_hal_tim.o
                0x0000000008004564                TIM_CCxChannelCmd
 *fill*         0x00000000080045ae        0x2 
 .text.HAL_TIMEx_MasterConfigSynchronization
                0x00000000080045b0       0xf8 ./Drivers/STM32F4xx_HAL_Driver/Src/stm32f4xx_hal_tim_ex.o
                0x00000000080045b0                HAL_TIMEx_MasterConfigSynchronization
 .text.HAL_UART_Init
                0x00000000080046a8       0x9a ./Drivers/STM32F4xx_HAL_Driver/Src/stm32f4xx_hal_uart.o
                0x00000000080046a8                HAL_UART_Init
 .text.HAL_UART_Receive_DMA
                0x0000000008004742       0x60 ./Drivers/STM32F4xx_HAL_Driver/Src/stm32f4xx_hal_uart.o
                0x0000000008004742                HAL_UART_Receive_DMA
 *fill*         0x00000000080047a2        0x2 
 .text.HAL_UART_IRQHandler
                0x00000000080047a4      0x358 ./Drivers/STM32F4xx_HAL_Driver/Src/stm32f4xx_hal_uart.o
                0x00000000080047a4                HAL_UART_IRQHandler
 .text.HAL_UART_TxCpltCallback
                0x0000000008004afc       0x14 ./Drivers/STM32F4xx_HAL_Driver/Src/stm32f4xx_hal_uart.o
                0x0000000008004afc                HAL_UART_TxCpltCallback
 .text.HAL_UART_RxHalfCpltCallback
                0x0000000008004b10       0x14 ./Drivers/STM32F4xx_HAL_Driver/Src/stm32f4xx_hal_uart.o
                0x0000000008004b10                HAL_UART_RxHalfCpltCallback
 .text.HAL_UART_ErrorCallback
                0x0000000008004b24       0x14 ./Drivers/STM32F4xx_HAL_Driver/Src/stm32f4xx_hal_uart.o
                0x0000000008004b24                HAL_UART_ErrorCallback
 .text.HAL_UARTEx_RxEventCallback
                0x0000000008004b38       0x18 ./Drivers/STM32F4xx_HAL_Driver/Src/stm32f4xx_hal_uart.o
                0x0000000008004b38                HAL_UARTEx_RxEventCallback
 .text.UART_DMAReceiveCplt
                0x0000000008004b50       0x96 ./Drivers/STM32F4xx_HAL_Driver/Src/stm32f4xx_hal_uart.o
 .text.UART_DMARxHalfCplt
                0x0000000008004be6       0x36 ./Drivers/STM32F4xx_HAL_Driver/Src/stm32f4xx_hal_uart.o
 .text.UART_DMAError
                0x0000000008004c1c       0x94 ./Drivers/STM32F4xx_HAL_Driver/Src/stm32f4xx_hal_uart.o
 .text.UART_Start_Receive_DMA
                0x0000000008004cb0       0xc8 ./Drivers/STM32F4xx_HAL_Driver/Src/stm32f4xx_hal_uart.o
                0x0000000008004cb0                UART_Start_Receive_DMA
 .text.UART_EndTxTransfer
                0x0000000008004d78       0x2c ./Drivers/STM32F4xx_HAL_Driver/Src/stm32f4xx_hal_uart.o
 .text.UART_EndRxTransfer
                0x0000000008004da4       0x5a ./Drivers/STM32F4xx_HAL_Driver/Src/stm32f4xx_hal_uart.o
 .text.UART_DMAAbortOnError
                0x0000000008004dfe       0x28 ./Drivers/STM32F4xx_HAL_Driver/Src/stm32f4xx_hal_uart.o
 .text.UART_Transmit_IT
                0x0000000008004e26       0xa0 ./Drivers/STM32F4xx_HAL_Driver/Src/stm32f4xx_hal_uart.o
 .text.UART_EndTransmit_IT
                0x0000000008004ec6       0x30 ./Drivers/STM32F4xx_HAL_Driver/Src/stm32f4xx_hal_uart.o
 .text.UART_Receive_IT
                0x0000000008004ef6      0x12e ./Drivers/STM32F4xx_HAL_Driver/Src/stm32f4xx_hal_uart.o
 .text.UART_SetConfig
                0x0000000008005024      0x4e8 ./Drivers/STM32F4xx_HAL_Driver/Src/stm32f4xx_hal_uart.o
 .text.ST7735_Select
                0x000000000800550c       0x18 ./menu/Src/ST7735.o
                0x000000000800550c                ST7735_Select
 .text.ST7735_Unselect
                0x0000000008005524       0x18 ./menu/Src/ST7735.o
                0x0000000008005524                ST7735_Unselect
 .text.ST7735_Reset
                0x000000000800553c       0x28 ./menu/Src/ST7735.o
                0x000000000800553c                ST7735_Reset
 .text.ST7735_WriteCommand
                0x0000000008005564       0x34 ./menu/Src/ST7735.o
                0x0000000008005564                ST7735_WriteCommand
 .text.ST7735_WriteData
                0x0000000008005598       0x34 ./menu/Src/ST7735.o
                0x0000000008005598                ST7735_WriteData
 .text.DisplayInit
                0x00000000080055cc       0x92 ./menu/Src/ST7735.o
                0x00000000080055cc                DisplayInit
 *fill*         0x000000000800565e        0x2 
 .text.ST7735_SetAddressWindow
                0x0000000008005660       0x90 ./menu/Src/ST7735.o
                0x0000000008005660                ST7735_SetAddressWindow
 .text.ST7735_Init
                0x00000000080056f0       0x58 ./menu/Src/ST7735.o
                0x00000000080056f0                ST7735_Init
 .text.ST7735_SetRotation
                0x0000000008005748      0x100 ./menu/Src/ST7735.o
                0x0000000008005748                ST7735_SetRotation
 .text.ST7735_DrawPixel
                0x0000000008005848       0x7c ./menu/Src/ST7735.o
                0x0000000008005848                ST7735_DrawPixel
 .text.HAL_GPIO_EXTI_Callback
                0x00000000080058c4       0x28 ./menu/Src/encoder.o
                0x00000000080058c4                HAL_GPIO_EXTI_Callback
 .text.encoder_struct_init
                0x00000000080058ec       0x24 ./menu/Src/encoder.o
                0x00000000080058ec                encoder_struct_init
 .text.encoder_reset_flags
                0x0000000008005910       0x26 ./menu/Src/encoder.o
                0x0000000008005910                encoder_reset_flags
 .text.encoder_check_counter
                0x0000000008005936       0x20 ./menu/Src/encoder.o
                0x0000000008005936                encoder_check_counter
 .text.encoder_toggle_button
                0x0000000008005956       0x2a ./menu/Src/encoder.o
                0x0000000008005956                encoder_toggle_button
 .text.encoder_check_direction
                0x0000000008005980       0xc4 ./menu/Src/encoder.o
                0x0000000008005980                encoder_check_direction
 .text.encoder_step_clockwise
                0x0000000008005a44       0x2a ./menu/Src/encoder.o
                0x0000000008005a44                encoder_step_clockwise
 .text.encoder_step_counterclockwise
                0x0000000008005a6e       0x2a ./menu/Src/encoder.o
                0x0000000008005a6e                encoder_step_counterclockwise
 .text.encoder_enter
                0x0000000008005a98       0x2a ./menu/Src/encoder.o
                0x0000000008005a98                encoder_enter
 *fill*         0x0000000008005ac2        0x2 
 .text.Menu_GetMenuItemsNo
                0x0000000008005ac4       0x38 ./menu/Src/menu.o
                0x0000000008005ac4                Menu_GetMenuItemsNo
 .text.Menu_GetMenuItem
                0x0000000008005afc       0x3c ./menu/Src/menu.o
                0x0000000008005afc                Menu_GetMenuItem
 .text.Menu_GetMenuRows
                0x0000000008005b38       0x10 ./menu/Src/menu.o
                0x0000000008005b38                Menu_GetMenuRows
 .text.Menu_Show
                0x0000000008005b48      0x1b4 ./menu/Src/menu.o
                0x0000000008005b48                Menu_Show
 .text.Menu_SelectNext
                0x0000000008005cfc       0xdc ./menu/Src/menu.o
                0x0000000008005cfc                Menu_SelectNext
 .text.Menu_SelectPrev
                0x0000000008005dd8       0x9c ./menu/Src/menu.o
                0x0000000008005dd8                Menu_SelectPrev
 .text.Menu_Back
                0x0000000008005e74       0x30 ./menu/Src/menu.o
                0x0000000008005e74                Menu_Back
 .text.Menu_Click
                0x0000000008005ea4       0x64 ./menu/Src/menu.o
                0x0000000008005ea4                Menu_Click
 .text.GUI_init
                0x0000000008005f08       0x3c ./menu/Src/menu.o
                0x0000000008005f08                GUI_init
 .text.func_A1  0x0000000008005f44       0x14 ./menu/Src/menu_definition.o
                0x0000000008005f44                func_A1
 .text.func_A2  0x0000000008005f58        0xe ./menu/Src/menu_definition.o
                0x0000000008005f58                func_A2
 *fill*         0x0000000008005f66        0x2 
 .text.func_B1  0x0000000008005f68       0x14 ./menu/Src/menu_definition.o
                0x0000000008005f68                func_B1
 .text.func_B2  0x0000000008005f7c        0xe ./menu/Src/menu_definition.o
                0x0000000008005f7c                func_B2
 *fill*         0x0000000008005f8a        0x2 
 .text.waveform_struct_init
                0x0000000008005f8c       0x64 ./menu/Src/menu_definition.o
                0x0000000008005f8c                waveform_struct_init
 .text.SET_wave_ARR
                0x0000000008005ff0       0xd4 ./menu/Src/menu_definition.o
                0x0000000008005ff0                SET_wave_ARR
 .text.CHANGE_cursor
                0x00000000080060c4       0x84 ./menu/Src/menu_definition.o
                0x00000000080060c4                CHANGE_cursor
 .text.CHANGE_temperature
                0x0000000008006148       0xbc ./menu/Src/menu_definition.o
                0x0000000008006148                CHANGE_temperature
 .text.CALC_temperature
                0x0000000008006204      0x108 ./menu/Src/menu_definition.o
                0x0000000008006204                CALC_temperature
 .text.SHOW_temperature
                0x000000000800630c       0xec ./menu/Src/menu_definition.o
                0x000000000800630c                SHOW_temperature
 .text.SHOW_cursor
                0x00000000080063f8      0x1bc ./menu/Src/menu_definition.o
                0x00000000080063f8                SHOW_cursor
 .text.UG_Init  0x00000000080065b4      0x10c ./menu/Src/ugui.o
                0x00000000080065b4                UG_Init
 .text.UG_FontSelect
                0x00000000080066c0       0x3c ./menu/Src/ugui.o
                0x00000000080066c0                UG_FontSelect
 .text.UG_FillScreen
                0x00000000080066fc       0x44 ./menu/Src/ugui.o
                0x00000000080066fc                UG_FillScreen
 .text.UG_FillFrame
                0x0000000008006740       0xe0 ./menu/Src/ugui.o
                0x0000000008006740                UG_FillFrame
 .text.UG_PutString
                0x0000000008006820       0xd0 ./menu/Src/ugui.o
                0x0000000008006820                UG_PutString
 .text.UG_PutChar
                0x00000000080068f0      0x218 ./menu/Src/ugui.o
                0x00000000080068f0                UG_PutChar
 .text.UG_SetForecolor
                0x0000000008006b08       0x20 ./menu/Src/ugui.o
                0x0000000008006b08                UG_SetForecolor
 .text.UG_SetBackcolor
                0x0000000008006b28       0x20 ./menu/Src/ugui.o
                0x0000000008006b28                UG_SetBackcolor
 .text.UG_GetXDim
                0x0000000008006b48       0x1c ./menu/Src/ugui.o
                0x0000000008006b48                UG_GetXDim
 .text.__errno  0x0000000008006b64        0xc c:/st/stm32cubeide_1.6.1/stm32cubeide/plugins/com.st.stm32cube.ide.mcu.externaltools.gnu-tools-for-stm32.10.3-2021.10.win32_1.0.0.202111181127/tools/bin/../lib/gcc/arm-none-eabi/10.3.1/../../../../arm-none-eabi/lib/thumb/v7e-m+fp/hard\libc_nano.a(lib_a-errno.o)
                0x0000000008006b64                __errno
 .text.__libc_init_array
                0x0000000008006b70       0x48 c:/st/stm32cubeide_1.6.1/stm32cubeide/plugins/com.st.stm32cube.ide.mcu.externaltools.gnu-tools-for-stm32.10.3-2021.10.win32_1.0.0.202111181127/tools/bin/../lib/gcc/arm-none-eabi/10.3.1/../../../../arm-none-eabi/lib/thumb/v7e-m+fp/hard\libc_nano.a(lib_a-init.o)
                0x0000000008006b70                __libc_init_array
 .text.memset   0x0000000008006bb8       0x10 c:/st/stm32cubeide_1.6.1/stm32cubeide/plugins/com.st.stm32cube.ide.mcu.externaltools.gnu-tools-for-stm32.10.3-2021.10.win32_1.0.0.202111181127/tools/bin/../lib/gcc/arm-none-eabi/10.3.1/../../../../arm-none-eabi/lib/thumb/v7e-m+fp/hard\libc_nano.a(lib_a-memset.o)
                0x0000000008006bb8                memset
 .text.sprintf  0x0000000008006bc8       0x40 c:/st/stm32cubeide_1.6.1/stm32cubeide/plugins/com.st.stm32cube.ide.mcu.externaltools.gnu-tools-for-stm32.10.3-2021.10.win32_1.0.0.202111181127/tools/bin/../lib/gcc/arm-none-eabi/10.3.1/../../../../arm-none-eabi/lib/thumb/v7e-m+fp/hard\libc_nano.a(lib_a-sprintf.o)
                0x0000000008006bc8                siprintf
                0x0000000008006bc8                sprintf
 .text.__ssputs_r
                0x0000000008006c08       0xb6 c:/st/stm32cubeide_1.6.1/stm32cubeide/plugins/com.st.stm32cube.ide.mcu.externaltools.gnu-tools-for-stm32.10.3-2021.10.win32_1.0.0.202111181127/tools/bin/../lib/gcc/arm-none-eabi/10.3.1/../../../../arm-none-eabi/lib/thumb/v7e-m+fp/hard\libc_nano.a(lib_a-nano-svfprintf.o)
                0x0000000008006c08                __ssputs_r
 *fill*         0x0000000008006cbe        0x2 
 .text._svfprintf_r
                0x0000000008006cc0      0x200 c:/st/stm32cubeide_1.6.1/stm32cubeide/plugins/com.st.stm32cube.ide.mcu.externaltools.gnu-tools-for-stm32.10.3-2021.10.win32_1.0.0.202111181127/tools/bin/../lib/gcc/arm-none-eabi/10.3.1/../../../../arm-none-eabi/lib/thumb/v7e-m+fp/hard\libc_nano.a(lib_a-nano-svfprintf.o)
                0x0000000008006cc0                _svfiprintf_r
                0x0000000008006cc0                _svfprintf_r
 .text._printf_common
                0x0000000008006ec0       0xda c:/st/stm32cubeide_1.6.1/stm32cubeide/plugins/com.st.stm32cube.ide.mcu.externaltools.gnu-tools-for-stm32.10.3-2021.10.win32_1.0.0.202111181127/tools/bin/../lib/gcc/arm-none-eabi/10.3.1/../../../../arm-none-eabi/lib/thumb/v7e-m+fp/hard\libc_nano.a(lib_a-nano-vfprintf_i.o)
                0x0000000008006ec0                _printf_common
 *fill*         0x0000000008006f9a        0x2 
 .text._printf_i
                0x0000000008006f9c      0x24c c:/st/stm32cubeide_1.6.1/stm32cubeide/plugins/com.st.stm32cube.ide.mcu.externaltools.gnu-tools-for-stm32.10.3-2021.10.win32_1.0.0.202111181127/tools/bin/../lib/gcc/arm-none-eabi/10.3.1/../../../../arm-none-eabi/lib/thumb/v7e-m+fp/hard\libc_nano.a(lib_a-nano-vfprintf_i.o)
                0x0000000008006f9c                _printf_i
 .text.memcpy   0x00000000080071e8       0x1c c:/st/stm32cubeide_1.6.1/stm32cubeide/plugins/com.st.stm32cube.ide.mcu.externaltools.gnu-tools-for-stm32.10.3-2021.10.win32_1.0.0.202111181127/tools/bin/../lib/gcc/arm-none-eabi/10.3.1/../../../../arm-none-eabi/lib/thumb/v7e-m+fp/hard\libc_nano.a(lib_a-memcpy-stub.o)
                0x00000000080071e8                memcpy
 .text.memmove  0x0000000008007204       0x34 c:/st/stm32cubeide_1.6.1/stm32cubeide/plugins/com.st.stm32cube.ide.mcu.externaltools.gnu-tools-for-stm32.10.3-2021.10.win32_1.0.0.202111181127/tools/bin/../lib/gcc/arm-none-eabi/10.3.1/../../../../arm-none-eabi/lib/thumb/v7e-m+fp/hard\libc_nano.a(lib_a-memmove.o)
                0x0000000008007204                memmove
 .text._free_r  0x0000000008007238       0x98 c:/st/stm32cubeide_1.6.1/stm32cubeide/plugins/com.st.stm32cube.ide.mcu.externaltools.gnu-tools-for-stm32.10.3-2021.10.win32_1.0.0.202111181127/tools/bin/../lib/gcc/arm-none-eabi/10.3.1/../../../../arm-none-eabi/lib/thumb/v7e-m+fp/hard\libc_nano.a(lib_a-nano-freer.o)
                0x0000000008007238                _free_r
 .text.sbrk_aligned
                0x00000000080072d0       0x40 c:/st/stm32cubeide_1.6.1/stm32cubeide/plugins/com.st.stm32cube.ide.mcu.externaltools.gnu-tools-for-stm32.10.3-2021.10.win32_1.0.0.202111181127/tools/bin/../lib/gcc/arm-none-eabi/10.3.1/../../../../arm-none-eabi/lib/thumb/v7e-m+fp/hard\libc_nano.a(lib_a-nano-mallocr.o)
 .text._malloc_r
                0x0000000008007310       0xe8 c:/st/stm32cubeide_1.6.1/stm32cubeide/plugins/com.st.stm32cube.ide.mcu.externaltools.gnu-tools-for-stm32.10.3-2021.10.win32_1.0.0.202111181127/tools/bin/../lib/gcc/arm-none-eabi/10.3.1/../../../../arm-none-eabi/lib/thumb/v7e-m+fp/hard\libc_nano.a(lib_a-nano-mallocr.o)
                0x0000000008007310                _malloc_r
 .text._realloc_r
                0x00000000080073f8       0x5e c:/st/stm32cubeide_1.6.1/stm32cubeide/plugins/com.st.stm32cube.ide.mcu.externaltools.gnu-tools-for-stm32.10.3-2021.10.win32_1.0.0.202111181127/tools/bin/../lib/gcc/arm-none-eabi/10.3.1/../../../../arm-none-eabi/lib/thumb/v7e-m+fp/hard\libc_nano.a(lib_a-nano-reallocr.o)
                0x00000000080073f8                _realloc_r
 *fill*         0x0000000008007456        0x2 
 .text._sbrk_r  0x0000000008007458       0x20 c:/st/stm32cubeide_1.6.1/stm32cubeide/plugins/com.st.stm32cube.ide.mcu.externaltools.gnu-tools-for-stm32.10.3-2021.10.win32_1.0.0.202111181127/tools/bin/../lib/gcc/arm-none-eabi/10.3.1/../../../../arm-none-eabi/lib/thumb/v7e-m+fp/hard\libc_nano.a(lib_a-sbrkr.o)
                0x0000000008007458                _sbrk_r
 .text.__malloc_lock
                0x0000000008007478        0xc c:/st/stm32cubeide_1.6.1/stm32cubeide/plugins/com.st.stm32cube.ide.mcu.externaltools.gnu-tools-for-stm32.10.3-2021.10.win32_1.0.0.202111181127/tools/bin/../lib/gcc/arm-none-eabi/10.3.1/../../../../arm-none-eabi/lib/thumb/v7e-m+fp/hard\libc_nano.a(lib_a-mlock.o)
                0x0000000008007478                __malloc_lock
 .text.__malloc_unlock
                0x0000000008007484        0xc c:/st/stm32cubeide_1.6.1/stm32cubeide/plugins/com.st.stm32cube.ide.mcu.externaltools.gnu-tools-for-stm32.10.3-2021.10.win32_1.0.0.202111181127/tools/bin/../lib/gcc/arm-none-eabi/10.3.1/../../../../arm-none-eabi/lib/thumb/v7e-m+fp/hard\libc_nano.a(lib_a-mlock.o)
                0x0000000008007484                __malloc_unlock
 .text._malloc_usable_size_r
                0x0000000008007490       0x10 c:/st/stm32cubeide_1.6.1/stm32cubeide/plugins/com.st.stm32cube.ide.mcu.externaltools.gnu-tools-for-stm32.10.3-2021.10.win32_1.0.0.202111181127/tools/bin/../lib/gcc/arm-none-eabi/10.3.1/../../../../arm-none-eabi/lib/thumb/v7e-m+fp/hard\libc_nano.a(lib_a-nano-msizer.o)
                0x0000000008007490                _malloc_usable_size_r
 .text.__retarget_lock_acquire_recursive
                0x00000000080074a0        0x2 c:/st/stm32cubeide_1.6.1/stm32cubeide/plugins/com.st.stm32cube.ide.mcu.externaltools.gnu-tools-for-stm32.10.3-2021.10.win32_1.0.0.202111181127/tools/bin/../lib/gcc/arm-none-eabi/10.3.1/../../../../arm-none-eabi/lib/thumb/v7e-m+fp/hard\libc_nano.a(lib_a-lock.o)
                0x00000000080074a0                __retarget_lock_acquire_recursive
 .text.__retarget_lock_release_recursive
                0x00000000080074a2        0x2 c:/st/stm32cubeide_1.6.1/stm32cubeide/plugins/com.st.stm32cube.ide.mcu.externaltools.gnu-tools-for-stm32.10.3-2021.10.win32_1.0.0.202111181127/tools/bin/../lib/gcc/arm-none-eabi/10.3.1/../../../../arm-none-eabi/lib/thumb/v7e-m+fp/hard\libc_nano.a(lib_a-lock.o)
                0x00000000080074a2                __retarget_lock_release_recursive
 *fill*         0x00000000080074a4        0x4 
 .text.sin      0x00000000080074a8       0xb0 c:/st/stm32cubeide_1.6.1/stm32cubeide/plugins/com.st.stm32cube.ide.mcu.externaltools.gnu-tools-for-stm32.10.3-2021.10.win32_1.0.0.202111181127/tools/bin/../lib/gcc/arm-none-eabi/10.3.1/../../../../arm-none-eabi/lib/thumb/v7e-m+fp/hard\libm.a(lib_a-s_sin.o)
                0x00000000080074a8                sin
 .text.__ieee754_rem_pio2
                0x0000000008007558      0x418 c:/st/stm32cubeide_1.6.1/stm32cubeide/plugins/com.st.stm32cube.ide.mcu.externaltools.gnu-tools-for-stm32.10.3-2021.10.win32_1.0.0.202111181127/tools/bin/../lib/gcc/arm-none-eabi/10.3.1/../../../../arm-none-eabi/lib/thumb/v7e-m+fp/hard\libm.a(lib_a-e_rem_pio2.o)
                0x0000000008007558                __ieee754_rem_pio2
 .text.__kernel_cos
                0x0000000008007970      0x18c c:/st/stm32cubeide_1.6.1/stm32cubeide/plugins/com.st.stm32cube.ide.mcu.externaltools.gnu-tools-for-stm32.10.3-2021.10.win32_1.0.0.202111181127/tools/bin/../lib/gcc/arm-none-eabi/10.3.1/../../../../arm-none-eabi/lib/thumb/v7e-m+fp/hard\libm.a(lib_a-k_cos.o)
                0x0000000008007970                __kernel_cos
 *fill*         0x0000000008007afc        0x4 
 .text.__kernel_rem_pio2
                0x0000000008007b00      0x69c c:/st/stm32cubeide_1.6.1/stm32cubeide/plugins/com.st.stm32cube.ide.mcu.externaltools.gnu-tools-for-stm32.10.3-2021.10.win32_1.0.0.202111181127/tools/bin/../lib/gcc/arm-none-eabi/10.3.1/../../../../arm-none-eabi/lib/thumb/v7e-m+fp/hard\libm.a(lib_a-k_rem_pio2.o)
                0x0000000008007b00                __kernel_rem_pio2
 *fill*         0x000000000800819c        0x4 
 .text.__kernel_sin
                0x00000000080081a0      0x17c c:/st/stm32cubeide_1.6.1/stm32cubeide/plugins/com.st.stm32cube.ide.mcu.externaltools.gnu-tools-for-stm32.10.3-2021.10.win32_1.0.0.202111181127/tools/bin/../lib/gcc/arm-none-eabi/10.3.1/../../../../arm-none-eabi/lib/thumb/v7e-m+fp/hard\libm.a(lib_a-k_sin.o)
                0x00000000080081a0                __kernel_sin
 .text.fabs     0x000000000800831c       0x12 c:/st/stm32cubeide_1.6.1/stm32cubeide/plugins/com.st.stm32cube.ide.mcu.externaltools.gnu-tools-for-stm32.10.3-2021.10.win32_1.0.0.202111181127/tools/bin/../lib/gcc/arm-none-eabi/10.3.1/../../../../arm-none-eabi/lib/thumb/v7e-m+fp/hard\libm.a(lib_a-s_fabs.o)
                0x000000000800831c                fabs
 *fill*         0x000000000800832e        0x2 
 .text.floor    0x0000000008008330      0x100 c:/st/stm32cubeide_1.6.1/stm32cubeide/plugins/com.st.stm32cube.ide.mcu.externaltools.gnu-tools-for-stm32.10.3-2021.10.win32_1.0.0.202111181127/tools/bin/../lib/gcc/arm-none-eabi/10.3.1/../../../../arm-none-eabi/lib/thumb/v7e-m+fp/hard\libm.a(lib_a-s_floor.o)
                0x0000000008008330                floor
 .text.scalbn   0x0000000008008430      0x10c c:/st/stm32cubeide_1.6.1/stm32cubeide/plugins/com.st.stm32cube.ide.mcu.externaltools.gnu-tools-for-stm32.10.3-2021.10.win32_1.0.0.202111181127/tools/bin/../lib/gcc/arm-none-eabi/10.3.1/../../../../arm-none-eabi/lib/thumb/v7e-m+fp/hard\libm.a(lib_a-s_scalbn.o)
                0x0000000008008430                scalbn
 *(.glue_7)
 .glue_7        0x000000000800853c        0x0 linker stubs
 *(.glue_7t)
 .glue_7t       0x000000000800853c        0x0 linker stubs
 *(.eh_frame)
 .eh_frame      0x000000000800853c        0x0 c:/st/stm32cubeide_1.6.1/stm32cubeide/plugins/com.st.stm32cube.ide.mcu.externaltools.gnu-tools-for-stm32.10.3-2021.10.win32_1.0.0.202111181127/tools/bin/../lib/gcc/arm-none-eabi/10.3.1/thumb/v7e-m+fp/hard/crtbegin.o
 *(.init)
 .init          0x000000000800853c        0x4 c:/st/stm32cubeide_1.6.1/stm32cubeide/plugins/com.st.stm32cube.ide.mcu.externaltools.gnu-tools-for-stm32.10.3-2021.10.win32_1.0.0.202111181127/tools/bin/../lib/gcc/arm-none-eabi/10.3.1/thumb/v7e-m+fp/hard/crti.o
                0x000000000800853c                _init
 .init          0x0000000008008540        0x8 c:/st/stm32cubeide_1.6.1/stm32cubeide/plugins/com.st.stm32cube.ide.mcu.externaltools.gnu-tools-for-stm32.10.3-2021.10.win32_1.0.0.202111181127/tools/bin/../lib/gcc/arm-none-eabi/10.3.1/thumb/v7e-m+fp/hard/crtn.o
 *(.fini)
 .fini          0x0000000008008548        0x4 c:/st/stm32cubeide_1.6.1/stm32cubeide/plugins/com.st.stm32cube.ide.mcu.externaltools.gnu-tools-for-stm32.10.3-2021.10.win32_1.0.0.202111181127/tools/bin/../lib/gcc/arm-none-eabi/10.3.1/thumb/v7e-m+fp/hard/crti.o
                0x0000000008008548                _fini
 .fini          0x000000000800854c        0x8 c:/st/stm32cubeide_1.6.1/stm32cubeide/plugins/com.st.stm32cube.ide.mcu.externaltools.gnu-tools-for-stm32.10.3-2021.10.win32_1.0.0.202111181127/tools/bin/../lib/gcc/arm-none-eabi/10.3.1/thumb/v7e-m+fp/hard/crtn.o
                0x0000000008008554                . = ALIGN (0x4)
                0x0000000008008554                _etext = .

.vfp11_veneer   0x0000000008008554        0x0
 .vfp11_veneer  0x0000000008008554        0x0 linker stubs

.v4_bx          0x0000000008008554        0x0
 .v4_bx         0x0000000008008554        0x0 linker stubs

.iplt           0x0000000008008554        0x0
 .iplt          0x0000000008008554        0x0 c:/st/stm32cubeide_1.6.1/stm32cubeide/plugins/com.st.stm32cube.ide.mcu.externaltools.gnu-tools-for-stm32.10.3-2021.10.win32_1.0.0.202111181127/tools/bin/../lib/gcc/arm-none-eabi/10.3.1/thumb/v7e-m+fp/hard/crtbegin.o

.rodata         0x0000000008008558      0xb88
                0x0000000008008558                . = ALIGN (0x4)
 *(.rodata)
 .rodata        0x0000000008008558        0xa ./menu/Src/menu.o
 *fill*         0x0000000008008562        0x2 
 .rodata        0x0000000008008564       0x2f ./menu/Src/menu_definition.o
 *(.rodata*)
 *fill*         0x0000000008008593        0x1 
 .rodata.AHBPrescTable
                0x0000000008008594       0x10 ./Core/Src/system_stm32f4xx.o
                0x0000000008008594                AHBPrescTable
 .rodata.APBPrescTable
                0x00000000080085a4        0x8 ./Core/Src/system_stm32f4xx.o
                0x00000000080085a4                APBPrescTable
 .rodata.flagBitshiftOffset.0
                0x00000000080085ac        0x8 ./Drivers/STM32F4xx_HAL_Driver/Src/stm32f4xx_hal_dma.o
 .rodata.init_cmds1
                0x00000000080085b4       0x38 ./menu/Src/ST7735.o
                0x00000000080085b4                init_cmds1
 .rodata.init_cmds2
                0x00000000080085ec        0xd ./menu/Src/ST7735.o
                0x00000000080085ec                init_cmds2
 *fill*         0x00000000080085f9        0x3 
 .rodata.init_cmds3
                0x00000000080085fc       0x2b ./menu/Src/ST7735.o
                0x00000000080085fc                init_cmds3
 *fill*         0x0000000008008627        0x1 
 .rodata.menu_link
                0x0000000008008628       0x14 ./menu/Src/menu_definition.o
                0x0000000008008628                menu_link
 .rodata.menu_link_1
                0x000000000800863c       0x14 ./menu/Src/menu_definition.o
                0x000000000800863c                menu_link_1
 .rodata.menu_link_A1
                0x0000000008008650       0x14 ./menu/Src/menu_definition.o
                0x0000000008008650                menu_link_A1
 .rodata.menu_link_B1
                0x0000000008008664       0x14 ./menu/Src/menu_definition.o
                0x0000000008008664                menu_link_B1
 .rodata.menu_link_B3
                0x0000000008008678       0x14 ./menu/Src/menu_definition.o
                0x0000000008008678                menu_link_B3
 .rodata.menu_link_B2
                0x000000000800868c       0x14 ./menu/Src/menu_definition.o
                0x000000000800868c                menu_link_B2
 .rodata.menu_link_A3
                0x00000000080086a0       0x14 ./menu/Src/menu_definition.o
                0x00000000080086a0                menu_link_A3
 .rodata.menu_link_A2
                0x00000000080086b4       0x14 ./menu/Src/menu_definition.o
                0x00000000080086b4                menu_link_A2
 .rodata.font_6x8
                0x00000000080086c8      0x800 ./menu/Src/ugui.o
                0x00000000080086c8                font_6x8
 .rodata.FONT_6X8
                0x0000000008008ec8        0x8 ./menu/Src/ugui.o
                0x0000000008008ec8                FONT_6X8
 .rodata._svfprintf_r.str1.1
                0x0000000008008ed0       0x11 c:/st/stm32cubeide_1.6.1/stm32cubeide/plugins/com.st.stm32cube.ide.mcu.externaltools.gnu-tools-for-stm32.10.3-2021.10.win32_1.0.0.202111181127/tools/bin/../lib/gcc/arm-none-eabi/10.3.1/../../../../arm-none-eabi/lib/thumb/v7e-m+fp/hard\libc_nano.a(lib_a-nano-svfprintf.o)
 .rodata._printf_i.str1.1
                0x0000000008008ee1       0x22 c:/st/stm32cubeide_1.6.1/stm32cubeide/plugins/com.st.stm32cube.ide.mcu.externaltools.gnu-tools-for-stm32.10.3-2021.10.win32_1.0.0.202111181127/tools/bin/../lib/gcc/arm-none-eabi/10.3.1/../../../../arm-none-eabi/lib/thumb/v7e-m+fp/hard\libc_nano.a(lib_a-nano-vfprintf_i.o)
 *fill*         0x0000000008008f03        0x1 
 .rodata.npio2_hw
                0x0000000008008f04       0x80 c:/st/stm32cubeide_1.6.1/stm32cubeide/plugins/com.st.stm32cube.ide.mcu.externaltools.gnu-tools-for-stm32.10.3-2021.10.win32_1.0.0.202111181127/tools/bin/../lib/gcc/arm-none-eabi/10.3.1/../../../../arm-none-eabi/lib/thumb/v7e-m+fp/hard\libm.a(lib_a-e_rem_pio2.o)
 .rodata.two_over_pi
                0x0000000008008f84      0x108 c:/st/stm32cubeide_1.6.1/stm32cubeide/plugins/com.st.stm32cube.ide.mcu.externaltools.gnu-tools-for-stm32.10.3-2021.10.win32_1.0.0.202111181127/tools/bin/../lib/gcc/arm-none-eabi/10.3.1/../../../../arm-none-eabi/lib/thumb/v7e-m+fp/hard\libm.a(lib_a-e_rem_pio2.o)
 *fill*         0x000000000800908c        0x4 
 .rodata.PIo2   0x0000000008009090       0x40 c:/st/stm32cubeide_1.6.1/stm32cubeide/plugins/com.st.stm32cube.ide.mcu.externaltools.gnu-tools-for-stm32.10.3-2021.10.win32_1.0.0.202111181127/tools/bin/../lib/gcc/arm-none-eabi/10.3.1/../../../../arm-none-eabi/lib/thumb/v7e-m+fp/hard\libm.a(lib_a-k_rem_pio2.o)
 .rodata.init_jk
                0x00000000080090d0       0x10 c:/st/stm32cubeide_1.6.1/stm32cubeide/plugins/com.st.stm32cube.ide.mcu.externaltools.gnu-tools-for-stm32.10.3-2021.10.win32_1.0.0.202111181127/tools/bin/../lib/gcc/arm-none-eabi/10.3.1/../../../../arm-none-eabi/lib/thumb/v7e-m+fp/hard\libm.a(lib_a-k_rem_pio2.o)
                0x00000000080090e0                . = ALIGN (0x4)

.ARM.extab      0x00000000080090e0        0x0
                0x00000000080090e0                . = ALIGN (0x4)
 *(.ARM.extab* .gnu.linkonce.armextab.*)
                0x00000000080090e0                . = ALIGN (0x4)

.ARM            0x00000000080090e0        0x8
                0x00000000080090e0                . = ALIGN (0x4)
                0x00000000080090e0                __exidx_start = .
 *(.ARM.exidx*)
 .ARM.exidx     0x00000000080090e0        0x8 c:/st/stm32cubeide_1.6.1/stm32cubeide/plugins/com.st.stm32cube.ide.mcu.externaltools.gnu-tools-for-stm32.10.3-2021.10.win32_1.0.0.202111181127/tools/bin/../lib/gcc/arm-none-eabi/10.3.1/thumb/v7e-m+fp/hard\libgcc.a(_udivmoddi4.o)
                0x00000000080090e8                __exidx_end = .
                0x00000000080090e8                . = ALIGN (0x4)

.rel.dyn        0x00000000080090e8        0x0
 .rel.iplt      0x00000000080090e8        0x0 c:/st/stm32cubeide_1.6.1/stm32cubeide/plugins/com.st.stm32cube.ide.mcu.externaltools.gnu-tools-for-stm32.10.3-2021.10.win32_1.0.0.202111181127/tools/bin/../lib/gcc/arm-none-eabi/10.3.1/thumb/v7e-m+fp/hard/crtbegin.o

.preinit_array  0x00000000080090e8        0x0
                0x00000000080090e8                . = ALIGN (0x4)
                0x00000000080090e8                PROVIDE (__preinit_array_start = .)
 *(.preinit_array*)
                0x00000000080090e8                PROVIDE (__preinit_array_end = .)
                0x00000000080090e8                . = ALIGN (0x4)

.init_array     0x00000000080090e8        0x4
                0x00000000080090e8                . = ALIGN (0x4)
                0x00000000080090e8                PROVIDE (__init_array_start = .)
 *(SORT_BY_NAME(.init_array.*))
 *(.init_array*)
 .init_array    0x00000000080090e8        0x4 c:/st/stm32cubeide_1.6.1/stm32cubeide/plugins/com.st.stm32cube.ide.mcu.externaltools.gnu-tools-for-stm32.10.3-2021.10.win32_1.0.0.202111181127/tools/bin/../lib/gcc/arm-none-eabi/10.3.1/thumb/v7e-m+fp/hard/crtbegin.o
                0x00000000080090ec                PROVIDE (__init_array_end = .)
                0x00000000080090ec                . = ALIGN (0x4)

.fini_array     0x00000000080090ec        0x4
                0x00000000080090ec                . = ALIGN (0x4)
                [!provide]                        PROVIDE (__fini_array_start = .)
 *(SORT_BY_NAME(.fini_array.*))
 *(.fini_array*)
 .fini_array    0x00000000080090ec        0x4 c:/st/stm32cubeide_1.6.1/stm32cubeide/plugins/com.st.stm32cube.ide.mcu.externaltools.gnu-tools-for-stm32.10.3-2021.10.win32_1.0.0.202111181127/tools/bin/../lib/gcc/arm-none-eabi/10.3.1/thumb/v7e-m+fp/hard/crtbegin.o
                [!provide]                        PROVIDE (__fini_array_end = .)
                0x00000000080090f0                . = ALIGN (0x4)
                0x00000000080090f0                _sidata = LOADADDR (.data)

.data           0x0000000020000000       0xd4 load address 0x00000000080090f0
                0x0000000020000000                . = ALIGN (0x4)
                0x0000000020000000                _sdata = .
 *(.data)
 *(.data*)
 .data.SystemCoreClock
                0x0000000020000000        0x4 ./Core/Src/system_stm32f4xx.o
                0x0000000020000000                SystemCoreClock
 .data.uwTickPrio
                0x0000000020000004        0x4 ./Drivers/STM32F4xx_HAL_Driver/Src/stm32f4xx_hal.o
                0x0000000020000004                uwTickPrio
 .data.uwTickFreq
                0x0000000020000008        0x1 ./Drivers/STM32F4xx_HAL_Driver/Src/stm32f4xx_hal.o
                0x0000000020000008                uwTickFreq
 *fill*         0x0000000020000009        0x3 
 .data.currMenuPtr
                0x000000002000000c        0x4 ./menu/Src/menu.o
 .data.__compound_literal.0
                0x0000000020000010        0x7 ./menu/Src/menu_definition.o
 *fill*         0x0000000020000017        0x1 
 .data.__compound_literal.1
                0x0000000020000018        0xa ./menu/Src/menu_definition.o
 *fill*         0x0000000020000022        0x2 
 .data.__compound_literal.2
                0x0000000020000024        0xa ./menu/Src/menu_definition.o
 *fill*         0x000000002000002e        0x2 
 .data.__compound_literal.3
                0x0000000020000030        0x7 ./menu/Src/menu_definition.o
 *fill*         0x0000000020000037        0x1 
 .data.__compound_literal.4
                0x0000000020000038        0xa ./menu/Src/menu_definition.o
 *fill*         0x0000000020000042        0x2 
 .data.__compound_literal.5
                0x0000000020000044        0xa ./menu/Src/menu_definition.o
 *fill*         0x000000002000004e        0x2 
 .data.__compound_literal.6
                0x0000000020000050        0xe ./menu/Src/menu_definition.o
 *fill*         0x000000002000005e        0x2 
 .data.__compound_literal.7
                0x0000000020000060        0xe ./menu/Src/menu_definition.o
 *fill*         0x000000002000006e        0x2 
 .data._impure_ptr
                0x0000000020000070        0x4 c:/st/stm32cubeide_1.6.1/stm32cubeide/plugins/com.st.stm32cube.ide.mcu.externaltools.gnu-tools-for-stm32.10.3-2021.10.win32_1.0.0.202111181127/tools/bin/../lib/gcc/arm-none-eabi/10.3.1/../../../../arm-none-eabi/lib/thumb/v7e-m+fp/hard\libc_nano.a(lib_a-impure.o)
                0x0000000020000070                _impure_ptr
 .data.impure_data
                0x0000000020000074       0x60 c:/st/stm32cubeide_1.6.1/stm32cubeide/plugins/com.st.stm32cube.ide.mcu.externaltools.gnu-tools-for-stm32.10.3-2021.10.win32_1.0.0.202111181127/tools/bin/../lib/gcc/arm-none-eabi/10.3.1/../../../../arm-none-eabi/lib/thumb/v7e-m+fp/hard\libc_nano.a(lib_a-impure.o)
 *(.RamFunc)
 *(.RamFunc*)
                0x00000000200000d4                . = ALIGN (0x4)
                0x00000000200000d4                _edata = .

.igot.plt       0x00000000200000d4        0x0 load address 0x00000000080091c4
 .igot.plt      0x00000000200000d4        0x0 c:/st/stm32cubeide_1.6.1/stm32cubeide/plugins/com.st.stm32cube.ide.mcu.externaltools.gnu-tools-for-stm32.10.3-2021.10.win32_1.0.0.202111181127/tools/bin/../lib/gcc/arm-none-eabi/10.3.1/thumb/v7e-m+fp/hard/crtbegin.o
                0x00000000200000d4                . = ALIGN (0x4)

.bss            0x00000000200000d4      0xb84 load address 0x00000000080091c4
                0x00000000200000d4                _sbss = .
                0x00000000200000d4                __bss_start__ = _sbss
 *(.bss)
 .bss           0x00000000200000d4       0x1c c:/st/stm32cubeide_1.6.1/stm32cubeide/plugins/com.st.stm32cube.ide.mcu.externaltools.gnu-tools-for-stm32.10.3-2021.10.win32_1.0.0.202111181127/tools/bin/../lib/gcc/arm-none-eabi/10.3.1/thumb/v7e-m+fp/hard/crtbegin.o
 *(.bss*)
 .bss.hdac      0x00000000200000f0       0x14 ./Core/Src/dac.o
                0x00000000200000f0                hdac
 .bss.hdma_dac1
                0x0000000020000104       0x60 ./Core/Src/dac.o
                0x0000000020000104                hdma_dac1
 .bss.hdma_dac2
                0x0000000020000164       0x60 ./Core/Src/dac.o
                0x0000000020000164                hdma_dac2
 .bss.encoder_1
                0x00000000200001c4       0x10 ./Core/Src/main.o
                0x00000000200001c4                encoder_1
 .bss.sine_val  0x00000000200001d4      0x800 ./Core/Src/main.o
                0x00000000200001d4                sine_val
 .bss.gui1      0x00000000200009d4       0x5c ./Core/Src/main.o
                0x00000000200009d4                gui1
 .bss._width    0x0000000020000a30        0x2 ./Core/Src/main.o
                0x0000000020000a30                _width
 .bss._height   0x0000000020000a32        0x2 ./Core/Src/main.o
                0x0000000020000a32                _height
 .bss.rotation  0x0000000020000a34        0x1 ./Core/Src/main.o
                0x0000000020000a34                rotation
 .bss._colstart
                0x0000000020000a35        0x1 ./Core/Src/main.o
                0x0000000020000a35                _colstart
 .bss._rowstart
                0x0000000020000a36        0x1 ./Core/Src/main.o
                0x0000000020000a36                _rowstart
 .bss._xstart   0x0000000020000a37        0x1 ./Core/Src/main.o
                0x0000000020000a37                _xstart
 .bss._ystart   0x0000000020000a38        0x1 ./Core/Src/main.o
                0x0000000020000a38                _ystart
 *fill*         0x0000000020000a39        0x3 
 .bss.ramp      0x0000000020000a3c       0x18 ./Core/Src/main.o
                0x0000000020000a3c                ramp
 .bss.sine      0x0000000020000a54       0x18 ./Core/Src/main.o
                0x0000000020000a54                sine
 .bss.UART1_rxBuffer
                0x0000000020000a6c        0xc ./Core/Src/main.o
                0x0000000020000a6c                UART1_rxBuffer
 .bss.result.0  0x0000000020000a78        0x4 ./Core/Src/main.o
 .bss.hspi1     0x0000000020000a7c       0x58 ./Core/Src/spi.o
                0x0000000020000a7c                hspi1
 .bss.__sbrk_heap_end
                0x0000000020000ad4        0x4 ./Core/Src/sysmem.o
 .bss.htim1     0x0000000020000ad8       0x48 ./Core/Src/tim.o
                0x0000000020000ad8                htim1
 .bss.htim2     0x0000000020000b20       0x48 ./Core/Src/tim.o
                0x0000000020000b20                htim2
 .bss.htim5     0x0000000020000b68       0x48 ./Core/Src/tim.o
                0x0000000020000b68                htim5
 .bss.htim7     0x0000000020000bb0       0x48 ./Core/Src/tim.o
                0x0000000020000bb0                htim7
 .bss.huart1    0x0000000020000bf8       0x44 ./Core/Src/usart.o
                0x0000000020000bf8                huart1
 .bss.uwTick    0x0000000020000c3c        0x4 ./Drivers/STM32F4xx_HAL_Driver/Src/stm32f4xx_hal.o
                0x0000000020000c3c                uwTick
 .bss.menuindex
                0x0000000020000c40        0x1 ./menu/Src/menu.o
 .bss.menufirstpos
                0x0000000020000c41        0x1 ./menu/Src/menu.o
 *fill*         0x0000000020000c42        0x2 
 .bss.gui       0x0000000020000c44        0x4 ./menu/Src/ugui.o
 .bss.__malloc_free_list
                0x0000000020000c48        0x4 c:/st/stm32cubeide_1.6.1/stm32cubeide/plugins/com.st.stm32cube.ide.mcu.externaltools.gnu-tools-for-stm32.10.3-2021.10.win32_1.0.0.202111181127/tools/bin/../lib/gcc/arm-none-eabi/10.3.1/../../../../arm-none-eabi/lib/thumb/v7e-m+fp/hard\libc_nano.a(lib_a-nano-mallocr.o)
                0x0000000020000c48                __malloc_free_list
 .bss.__malloc_sbrk_start
                0x0000000020000c4c        0x4 c:/st/stm32cubeide_1.6.1/stm32cubeide/plugins/com.st.stm32cube.ide.mcu.externaltools.gnu-tools-for-stm32.10.3-2021.10.win32_1.0.0.202111181127/tools/bin/../lib/gcc/arm-none-eabi/10.3.1/../../../../arm-none-eabi/lib/thumb/v7e-m+fp/hard\libc_nano.a(lib_a-nano-mallocr.o)
                0x0000000020000c4c                __malloc_sbrk_start
 .bss.errno     0x0000000020000c50        0x4 c:/st/stm32cubeide_1.6.1/stm32cubeide/plugins/com.st.stm32cube.ide.mcu.externaltools.gnu-tools-for-stm32.10.3-2021.10.win32_1.0.0.202111181127/tools/bin/../lib/gcc/arm-none-eabi/10.3.1/../../../../arm-none-eabi/lib/thumb/v7e-m+fp/hard\libc_nano.a(lib_a-reent.o)
                0x0000000020000c50                errno
 .bss.__lock___malloc_recursive_mutex
                0x0000000020000c54        0x1 c:/st/stm32cubeide_1.6.1/stm32cubeide/plugins/com.st.stm32cube.ide.mcu.externaltools.gnu-tools-for-stm32.10.3-2021.10.win32_1.0.0.202111181127/tools/bin/../lib/gcc/arm-none-eabi/10.3.1/../../../../arm-none-eabi/lib/thumb/v7e-m+fp/hard\libc_nano.a(lib_a-lock.o)
                0x0000000020000c54                __lock___malloc_recursive_mutex
 *(COMMON)
                0x0000000020000c58                . = ALIGN (0x4)
 *fill*         0x0000000020000c55        0x3 
                0x0000000020000c58                _ebss = .
                0x0000000020000c58                __bss_end__ = _ebss

._user_heap_stack
                0x0000000020000c58      0x600 load address 0x00000000080091c4
                0x0000000020000c58                . = ALIGN (0x8)
                [!provide]                        PROVIDE (end = .)
                0x0000000020000c58                PROVIDE (_end = .)
                0x0000000020000e58                . = (. + _Min_Heap_Size)
 *fill*         0x0000000020000c58      0x200 
                0x0000000020001258                . = (. + _Min_Stack_Size)
 *fill*         0x0000000020000e58      0x400 
                0x0000000020001258                . = ALIGN (0x8)

/DISCARD/
 libc.a(*)
 libm.a(*)
 libgcc.a(*)

.ARM.attributes
                0x0000000000000000       0x30
 *(.ARM.attributes)
 .ARM.attributes
                0x0000000000000000       0x1e c:/st/stm32cubeide_1.6.1/stm32cubeide/plugins/com.st.stm32cube.ide.mcu.externaltools.gnu-tools-for-stm32.10.3-2021.10.win32_1.0.0.202111181127/tools/bin/../lib/gcc/arm-none-eabi/10.3.1/thumb/v7e-m+fp/hard/crti.o
 .ARM.attributes
                0x000000000000001e       0x34 c:/st/stm32cubeide_1.6.1/stm32cubeide/plugins/com.st.stm32cube.ide.mcu.externaltools.gnu-tools-for-stm32.10.3-2021.10.win32_1.0.0.202111181127/tools/bin/../lib/gcc/arm-none-eabi/10.3.1/thumb/v7e-m+fp/hard/crtbegin.o
 .ARM.attributes
                0x0000000000000052       0x34 ./Core/Src/dac.o
 .ARM.attributes
                0x0000000000000086       0x34 ./Core/Src/dma.o
 .ARM.attributes
                0x00000000000000ba       0x34 ./Core/Src/gpio.o
 .ARM.attributes
                0x00000000000000ee       0x34 ./Core/Src/main.o
 .ARM.attributes
                0x0000000000000122       0x34 ./Core/Src/spi.o
 .ARM.attributes
                0x0000000000000156       0x34 ./Core/Src/stm32f4xx_hal_msp.o
 .ARM.attributes
                0x000000000000018a       0x34 ./Core/Src/stm32f4xx_it.o
 .ARM.attributes
                0x00000000000001be       0x34 ./Core/Src/sysmem.o
 .ARM.attributes
                0x00000000000001f2       0x34 ./Core/Src/system_stm32f4xx.o
 .ARM.attributes
                0x0000000000000226       0x34 ./Core/Src/tim.o
 .ARM.attributes
                0x000000000000025a       0x34 ./Core/Src/usart.o
 .ARM.attributes
                0x000000000000028e       0x34 ./Core/Src/waveform_gen.o
 .ARM.attributes
                0x00000000000002c2       0x21 ./Core/Startup/startup_stm32f407vgtx.o
 .ARM.attributes
                0x00000000000002e3       0x34 ./Drivers/STM32F4xx_HAL_Driver/Src/stm32f4xx_hal.o
 .ARM.attributes
                0x0000000000000317       0x34 ./Drivers/STM32F4xx_HAL_Driver/Src/stm32f4xx_hal_cortex.o
 .ARM.attributes
                0x000000000000034b       0x34 ./Drivers/STM32F4xx_HAL_Driver/Src/stm32f4xx_hal_dac.o
 .ARM.attributes
                0x000000000000037f       0x34 ./Drivers/STM32F4xx_HAL_Driver/Src/stm32f4xx_hal_dac_ex.o
 .ARM.attributes
                0x00000000000003b3       0x34 ./Drivers/STM32F4xx_HAL_Driver/Src/stm32f4xx_hal_dma.o
 .ARM.attributes
                0x00000000000003e7       0x34 ./Drivers/STM32F4xx_HAL_Driver/Src/stm32f4xx_hal_gpio.o
 .ARM.attributes
                0x000000000000041b       0x34 ./Drivers/STM32F4xx_HAL_Driver/Src/stm32f4xx_hal_rcc.o
 .ARM.attributes
                0x000000000000044f       0x34 ./Drivers/STM32F4xx_HAL_Driver/Src/stm32f4xx_hal_spi.o
 .ARM.attributes
                0x0000000000000483       0x34 ./Drivers/STM32F4xx_HAL_Driver/Src/stm32f4xx_hal_tim.o
 .ARM.attributes
                0x00000000000004b7       0x34 ./Drivers/STM32F4xx_HAL_Driver/Src/stm32f4xx_hal_tim_ex.o
 .ARM.attributes
                0x00000000000004eb       0x34 ./Drivers/STM32F4xx_HAL_Driver/Src/stm32f4xx_hal_uart.o
 .ARM.attributes
                0x000000000000051f       0x34 ./menu/Src/ST7735.o
 .ARM.attributes
                0x0000000000000553       0x34 ./menu/Src/encoder.o
 .ARM.attributes
                0x0000000000000587       0x34 ./menu/Src/menu.o
 .ARM.attributes
                0x00000000000005bb       0x34 ./menu/Src/menu_definition.o
 .ARM.attributes
                0x00000000000005ef       0x34 ./menu/Src/ugui.o
 .ARM.attributes
                0x0000000000000623       0x34 c:/st/stm32cubeide_1.6.1/stm32cubeide/plugins/com.st.stm32cube.ide.mcu.externaltools.gnu-tools-for-stm32.10.3-2021.10.win32_1.0.0.202111181127/tools/bin/../lib/gcc/arm-none-eabi/10.3.1/../../../../arm-none-eabi/lib/thumb/v7e-m+fp/hard\libc_nano.a(lib_a-errno.o)
 .ARM.attributes
                0x0000000000000657       0x34 c:/st/stm32cubeide_1.6.1/stm32cubeide/plugins/com.st.stm32cube.ide.mcu.externaltools.gnu-tools-for-stm32.10.3-2021.10.win32_1.0.0.202111181127/tools/bin/../lib/gcc/arm-none-eabi/10.3.1/../../../../arm-none-eabi/lib/thumb/v7e-m+fp/hard\libc_nano.a(lib_a-impure.o)
 .ARM.attributes
                0x000000000000068b       0x34 c:/st/stm32cubeide_1.6.1/stm32cubeide/plugins/com.st.stm32cube.ide.mcu.externaltools.gnu-tools-for-stm32.10.3-2021.10.win32_1.0.0.202111181127/tools/bin/../lib/gcc/arm-none-eabi/10.3.1/../../../../arm-none-eabi/lib/thumb/v7e-m+fp/hard\libc_nano.a(lib_a-init.o)
 .ARM.attributes
                0x00000000000006bf       0x34 c:/st/stm32cubeide_1.6.1/stm32cubeide/plugins/com.st.stm32cube.ide.mcu.externaltools.gnu-tools-for-stm32.10.3-2021.10.win32_1.0.0.202111181127/tools/bin/../lib/gcc/arm-none-eabi/10.3.1/../../../../arm-none-eabi/lib/thumb/v7e-m+fp/hard\libc_nano.a(lib_a-memset.o)
 .ARM.attributes
                0x00000000000006f3       0x34 c:/st/stm32cubeide_1.6.1/stm32cubeide/plugins/com.st.stm32cube.ide.mcu.externaltools.gnu-tools-for-stm32.10.3-2021.10.win32_1.0.0.202111181127/tools/bin/../lib/gcc/arm-none-eabi/10.3.1/../../../../arm-none-eabi/lib/thumb/v7e-m+fp/hard\libc_nano.a(lib_a-sprintf.o)
 .ARM.attributes
                0x0000000000000727       0x34 c:/st/stm32cubeide_1.6.1/stm32cubeide/plugins/com.st.stm32cube.ide.mcu.externaltools.gnu-tools-for-stm32.10.3-2021.10.win32_1.0.0.202111181127/tools/bin/../lib/gcc/arm-none-eabi/10.3.1/../../../../arm-none-eabi/lib/thumb/v7e-m+fp/hard\libc_nano.a(lib_a-nano-svfprintf.o)
 .ARM.attributes
                0x000000000000075b       0x34 c:/st/stm32cubeide_1.6.1/stm32cubeide/plugins/com.st.stm32cube.ide.mcu.externaltools.gnu-tools-for-stm32.10.3-2021.10.win32_1.0.0.202111181127/tools/bin/../lib/gcc/arm-none-eabi/10.3.1/../../../../arm-none-eabi/lib/thumb/v7e-m+fp/hard\libc_nano.a(lib_a-nano-vfprintf_i.o)
 .ARM.attributes
                0x000000000000078f       0x1c c:/st/stm32cubeide_1.6.1/stm32cubeide/plugins/com.st.stm32cube.ide.mcu.externaltools.gnu-tools-for-stm32.10.3-2021.10.win32_1.0.0.202111181127/tools/bin/../lib/gcc/arm-none-eabi/10.3.1/../../../../arm-none-eabi/lib/thumb/v7e-m+fp/hard\libc_nano.a(lib_a-memchr.o)
 .ARM.attributes
                0x00000000000007ab       0x34 c:/st/stm32cubeide_1.6.1/stm32cubeide/plugins/com.st.stm32cube.ide.mcu.externaltools.gnu-tools-for-stm32.10.3-2021.10.win32_1.0.0.202111181127/tools/bin/../lib/gcc/arm-none-eabi/10.3.1/../../../../arm-none-eabi/lib/thumb/v7e-m+fp/hard\libc_nano.a(lib_a-memcpy-stub.o)
 .ARM.attributes
                0x00000000000007df       0x34 c:/st/stm32cubeide_1.6.1/stm32cubeide/plugins/com.st.stm32cube.ide.mcu.externaltools.gnu-tools-for-stm32.10.3-2021.10.win32_1.0.0.202111181127/tools/bin/../lib/gcc/arm-none-eabi/10.3.1/../../../../arm-none-eabi/lib/thumb/v7e-m+fp/hard\libc_nano.a(lib_a-memmove.o)
 .ARM.attributes
                0x0000000000000813       0x34 c:/st/stm32cubeide_1.6.1/stm32cubeide/plugins/com.st.stm32cube.ide.mcu.externaltools.gnu-tools-for-stm32.10.3-2021.10.win32_1.0.0.202111181127/tools/bin/../lib/gcc/arm-none-eabi/10.3.1/../../../../arm-none-eabi/lib/thumb/v7e-m+fp/hard\libc_nano.a(lib_a-nano-freer.o)
 .ARM.attributes
                0x0000000000000847       0x34 c:/st/stm32cubeide_1.6.1/stm32cubeide/plugins/com.st.stm32cube.ide.mcu.externaltools.gnu-tools-for-stm32.10.3-2021.10.win32_1.0.0.202111181127/tools/bin/../lib/gcc/arm-none-eabi/10.3.1/../../../../arm-none-eabi/lib/thumb/v7e-m+fp/hard\libc_nano.a(lib_a-nano-mallocr.o)
 .ARM.attributes
                0x000000000000087b       0x34 c:/st/stm32cubeide_1.6.1/stm32cubeide/plugins/com.st.stm32cube.ide.mcu.externaltools.gnu-tools-for-stm32.10.3-2021.10.win32_1.0.0.202111181127/tools/bin/../lib/gcc/arm-none-eabi/10.3.1/../../../../arm-none-eabi/lib/thumb/v7e-m+fp/hard\libc_nano.a(lib_a-nano-reallocr.o)
 .ARM.attributes
                0x00000000000008af       0x34 c:/st/stm32cubeide_1.6.1/stm32cubeide/plugins/com.st.stm32cube.ide.mcu.externaltools.gnu-tools-for-stm32.10.3-2021.10.win32_1.0.0.202111181127/tools/bin/../lib/gcc/arm-none-eabi/10.3.1/../../../../arm-none-eabi/lib/thumb/v7e-m+fp/hard\libc_nano.a(lib_a-sbrkr.o)
 .ARM.attributes
                0x00000000000008e3       0x34 c:/st/stm32cubeide_1.6.1/stm32cubeide/plugins/com.st.stm32cube.ide.mcu.externaltools.gnu-tools-for-stm32.10.3-2021.10.win32_1.0.0.202111181127/tools/bin/../lib/gcc/arm-none-eabi/10.3.1/../../../../arm-none-eabi/lib/thumb/v7e-m+fp/hard\libc_nano.a(lib_a-mlock.o)
 .ARM.attributes
                0x0000000000000917       0x34 c:/st/stm32cubeide_1.6.1/stm32cubeide/plugins/com.st.stm32cube.ide.mcu.externaltools.gnu-tools-for-stm32.10.3-2021.10.win32_1.0.0.202111181127/tools/bin/../lib/gcc/arm-none-eabi/10.3.1/../../../../arm-none-eabi/lib/thumb/v7e-m+fp/hard\libc_nano.a(lib_a-nano-msizer.o)
 .ARM.attributes
                0x000000000000094b       0x34 c:/st/stm32cubeide_1.6.1/stm32cubeide/plugins/com.st.stm32cube.ide.mcu.externaltools.gnu-tools-for-stm32.10.3-2021.10.win32_1.0.0.202111181127/tools/bin/../lib/gcc/arm-none-eabi/10.3.1/../../../../arm-none-eabi/lib/thumb/v7e-m+fp/hard\libc_nano.a(lib_a-reent.o)
 .ARM.attributes
                0x000000000000097f       0x34 c:/st/stm32cubeide_1.6.1/stm32cubeide/plugins/com.st.stm32cube.ide.mcu.externaltools.gnu-tools-for-stm32.10.3-2021.10.win32_1.0.0.202111181127/tools/bin/../lib/gcc/arm-none-eabi/10.3.1/../../../../arm-none-eabi/lib/thumb/v7e-m+fp/hard\libc_nano.a(lib_a-lock.o)
 .ARM.attributes
                0x00000000000009b3       0x34 c:/st/stm32cubeide_1.6.1/stm32cubeide/plugins/com.st.stm32cube.ide.mcu.externaltools.gnu-tools-for-stm32.10.3-2021.10.win32_1.0.0.202111181127/tools/bin/../lib/gcc/arm-none-eabi/10.3.1/../../../../arm-none-eabi/lib/thumb/v7e-m+fp/hard\libm.a(lib_a-s_sin.o)
 .ARM.attributes
                0x00000000000009e7       0x34 c:/st/stm32cubeide_1.6.1/stm32cubeide/plugins/com.st.stm32cube.ide.mcu.externaltools.gnu-tools-for-stm32.10.3-2021.10.win32_1.0.0.202111181127/tools/bin/../lib/gcc/arm-none-eabi/10.3.1/../../../../arm-none-eabi/lib/thumb/v7e-m+fp/hard\libm.a(lib_a-e_rem_pio2.o)
 .ARM.attributes
                0x0000000000000a1b       0x34 c:/st/stm32cubeide_1.6.1/stm32cubeide/plugins/com.st.stm32cube.ide.mcu.externaltools.gnu-tools-for-stm32.10.3-2021.10.win32_1.0.0.202111181127/tools/bin/../lib/gcc/arm-none-eabi/10.3.1/../../../../arm-none-eabi/lib/thumb/v7e-m+fp/hard\libm.a(lib_a-k_cos.o)
 .ARM.attributes
                0x0000000000000a4f       0x34 c:/st/stm32cubeide_1.6.1/stm32cubeide/plugins/com.st.stm32cube.ide.mcu.externaltools.gnu-tools-for-stm32.10.3-2021.10.win32_1.0.0.202111181127/tools/bin/../lib/gcc/arm-none-eabi/10.3.1/../../../../arm-none-eabi/lib/thumb/v7e-m+fp/hard\libm.a(lib_a-k_rem_pio2.o)
 .ARM.attributes
                0x0000000000000a83       0x34 c:/st/stm32cubeide_1.6.1/stm32cubeide/plugins/com.st.stm32cube.ide.mcu.externaltools.gnu-tools-for-stm32.10.3-2021.10.win32_1.0.0.202111181127/tools/bin/../lib/gcc/arm-none-eabi/10.3.1/../../../../arm-none-eabi/lib/thumb/v7e-m+fp/hard\libm.a(lib_a-k_sin.o)
 .ARM.attributes
                0x0000000000000ab7       0x34 c:/st/stm32cubeide_1.6.1/stm32cubeide/plugins/com.st.stm32cube.ide.mcu.externaltools.gnu-tools-for-stm32.10.3-2021.10.win32_1.0.0.202111181127/tools/bin/../lib/gcc/arm-none-eabi/10.3.1/../../../../arm-none-eabi/lib/thumb/v7e-m+fp/hard\libm.a(lib_a-s_fabs.o)
 .ARM.attributes
                0x0000000000000aeb       0x34 c:/st/stm32cubeide_1.6.1/stm32cubeide/plugins/com.st.stm32cube.ide.mcu.externaltools.gnu-tools-for-stm32.10.3-2021.10.win32_1.0.0.202111181127/tools/bin/../lib/gcc/arm-none-eabi/10.3.1/../../../../arm-none-eabi/lib/thumb/v7e-m+fp/hard\libm.a(lib_a-s_floor.o)
 .ARM.attributes
                0x0000000000000b1f       0x34 c:/st/stm32cubeide_1.6.1/stm32cubeide/plugins/com.st.stm32cube.ide.mcu.externaltools.gnu-tools-for-stm32.10.3-2021.10.win32_1.0.0.202111181127/tools/bin/../lib/gcc/arm-none-eabi/10.3.1/../../../../arm-none-eabi/lib/thumb/v7e-m+fp/hard\libm.a(lib_a-s_scalbn.o)
 .ARM.attributes
                0x0000000000000b53       0x1e c:/st/stm32cubeide_1.6.1/stm32cubeide/plugins/com.st.stm32cube.ide.mcu.externaltools.gnu-tools-for-stm32.10.3-2021.10.win32_1.0.0.202111181127/tools/bin/../lib/gcc/arm-none-eabi/10.3.1/thumb/v7e-m+fp/hard\libgcc.a(_arm_addsubdf3.o)
 .ARM.attributes
                0x0000000000000b71       0x1e c:/st/stm32cubeide_1.6.1/stm32cubeide/plugins/com.st.stm32cube.ide.mcu.externaltools.gnu-tools-for-stm32.10.3-2021.10.win32_1.0.0.202111181127/tools/bin/../lib/gcc/arm-none-eabi/10.3.1/thumb/v7e-m+fp/hard\libgcc.a(_arm_muldivdf3.o)
 .ARM.attributes
                0x0000000000000b8f       0x1e c:/st/stm32cubeide_1.6.1/stm32cubeide/plugins/com.st.stm32cube.ide.mcu.externaltools.gnu-tools-for-stm32.10.3-2021.10.win32_1.0.0.202111181127/tools/bin/../lib/gcc/arm-none-eabi/10.3.1/thumb/v7e-m+fp/hard\libgcc.a(_arm_cmpdf2.o)
 .ARM.attributes
                0x0000000000000bad       0x1e c:/st/stm32cubeide_1.6.1/stm32cubeide/plugins/com.st.stm32cube.ide.mcu.externaltools.gnu-tools-for-stm32.10.3-2021.10.win32_1.0.0.202111181127/tools/bin/../lib/gcc/arm-none-eabi/10.3.1/thumb/v7e-m+fp/hard\libgcc.a(_arm_fixdfsi.o)
 .ARM.attributes
                0x0000000000000bcb       0x1e c:/st/stm32cubeide_1.6.1/stm32cubeide/plugins/com.st.stm32cube.ide.mcu.externaltools.gnu-tools-for-stm32.10.3-2021.10.win32_1.0.0.202111181127/tools/bin/../lib/gcc/arm-none-eabi/10.3.1/thumb/v7e-m+fp/hard\libgcc.a(_arm_fixunsdfsi.o)
 .ARM.attributes
                0x0000000000000be9       0x1e c:/st/stm32cubeide_1.6.1/stm32cubeide/plugins/com.st.stm32cube.ide.mcu.externaltools.gnu-tools-for-stm32.10.3-2021.10.win32_1.0.0.202111181127/tools/bin/../lib/gcc/arm-none-eabi/10.3.1/thumb/v7e-m+fp/hard\libgcc.a(_aeabi_uldivmod.o)
 .ARM.attributes
                0x0000000000000c07       0x34 c:/st/stm32cubeide_1.6.1/stm32cubeide/plugins/com.st.stm32cube.ide.mcu.externaltools.gnu-tools-for-stm32.10.3-2021.10.win32_1.0.0.202111181127/tools/bin/../lib/gcc/arm-none-eabi/10.3.1/thumb/v7e-m+fp/hard\libgcc.a(_fixunsdfdi.o)
 .ARM.attributes
                0x0000000000000c3b       0x34 c:/st/stm32cubeide_1.6.1/stm32cubeide/plugins/com.st.stm32cube.ide.mcu.externaltools.gnu-tools-for-stm32.10.3-2021.10.win32_1.0.0.202111181127/tools/bin/../lib/gcc/arm-none-eabi/10.3.1/thumb/v7e-m+fp/hard\libgcc.a(_udivmoddi4.o)
 .ARM.attributes
                0x0000000000000c6f       0x1e c:/st/stm32cubeide_1.6.1/stm32cubeide/plugins/com.st.stm32cube.ide.mcu.externaltools.gnu-tools-for-stm32.10.3-2021.10.win32_1.0.0.202111181127/tools/bin/../lib/gcc/arm-none-eabi/10.3.1/thumb/v7e-m+fp/hard\libgcc.a(_dvmd_tls.o)
 .ARM.attributes
                0x0000000000000c8d       0x1e c:/st/stm32cubeide_1.6.1/stm32cubeide/plugins/com.st.stm32cube.ide.mcu.externaltools.gnu-tools-for-stm32.10.3-2021.10.win32_1.0.0.202111181127/tools/bin/../lib/gcc/arm-none-eabi/10.3.1/thumb/v7e-m+fp/hard/crtn.o
OUTPUT(discovery-stm32f407vg-DAC.elf elf32-littlearm)
LOAD linker stubs
LOAD c:/st/stm32cubeide_1.6.1/stm32cubeide/plugins/com.st.stm32cube.ide.mcu.externaltools.gnu-tools-for-stm32.10.3-2021.10.win32_1.0.0.202111181127/tools/bin/../lib/gcc/arm-none-eabi/10.3.1/../../../../arm-none-eabi/lib/thumb/v7e-m+fp/hard\libc.a
LOAD c:/st/stm32cubeide_1.6.1/stm32cubeide/plugins/com.st.stm32cube.ide.mcu.externaltools.gnu-tools-for-stm32.10.3-2021.10.win32_1.0.0.202111181127/tools/bin/../lib/gcc/arm-none-eabi/10.3.1/../../../../arm-none-eabi/lib/thumb/v7e-m+fp/hard\libm.a
LOAD c:/st/stm32cubeide_1.6.1/stm32cubeide/plugins/com.st.stm32cube.ide.mcu.externaltools.gnu-tools-for-stm32.10.3-2021.10.win32_1.0.0.202111181127/tools/bin/../lib/gcc/arm-none-eabi/10.3.1/thumb/v7e-m+fp/hard\libgcc.a

.debug_info     0x0000000000000000    0x192aa
 .debug_info    0x0000000000000000      0x980 ./Core/Src/dac.o
 .debug_info    0x0000000000000980      0x4ec ./Core/Src/dma.o
 .debug_info    0x0000000000000e6c      0x6ef ./Core/Src/gpio.o
 .debug_info    0x000000000000155b     0x1aa6 ./Core/Src/main.o
 .debug_info    0x0000000000003001      0x9eb ./Core/Src/spi.o
 .debug_info    0x00000000000039ec      0x2a8 ./Core/Src/stm32f4xx_hal_msp.o
 .debug_info    0x0000000000003c94      0x6cd ./Core/Src/stm32f4xx_it.o
 .debug_info    0x0000000000004361      0x171 ./Core/Src/sysmem.o
 .debug_info    0x00000000000044d2      0x523 ./Core/Src/system_stm32f4xx.o
 .debug_info    0x00000000000049f5      0xdac ./Core/Src/tim.o
 .debug_info    0x00000000000057a1      0xc09 ./Core/Src/usart.o
 .debug_info    0x00000000000063aa      0x107 ./Core/Src/waveform_gen.o
 .debug_info    0x00000000000064b1       0x22 ./Core/Startup/startup_stm32f407vgtx.o
 .debug_info    0x00000000000064d3      0x97c ./Drivers/STM32F4xx_HAL_Driver/Src/stm32f4xx_hal.o
 .debug_info    0x0000000000006e4f      0xe1b ./Drivers/STM32F4xx_HAL_Driver/Src/stm32f4xx_hal_cortex.o
 .debug_info    0x0000000000007c6a      0xa5d ./Drivers/STM32F4xx_HAL_Driver/Src/stm32f4xx_hal_dac.o
 .debug_info    0x00000000000086c7      0x7bb ./Drivers/STM32F4xx_HAL_Driver/Src/stm32f4xx_hal_dac_ex.o
 .debug_info    0x0000000000008e82      0x94f ./Drivers/STM32F4xx_HAL_Driver/Src/stm32f4xx_hal_dma.o
 .debug_info    0x00000000000097d1      0x76a ./Drivers/STM32F4xx_HAL_Driver/Src/stm32f4xx_hal_gpio.o
 .debug_info    0x0000000000009f3b      0x966 ./Drivers/STM32F4xx_HAL_Driver/Src/stm32f4xx_hal_rcc.o
 .debug_info    0x000000000000a8a1     0x1758 ./Drivers/STM32F4xx_HAL_Driver/Src/stm32f4xx_hal_spi.o
 .debug_info    0x000000000000bff9     0x2a2d ./Drivers/STM32F4xx_HAL_Driver/Src/stm32f4xx_hal_tim.o
 .debug_info    0x000000000000ea26     0x1560 ./Drivers/STM32F4xx_HAL_Driver/Src/stm32f4xx_hal_tim_ex.o