Archive member included to satisfy reference by file (symbol)

c:/st/stm32cubeide_1.6.1/stm32cubeide/plugins/com.st.stm32cube.ide.mcu.externaltools.gnu-tools-for-stm32.9-2020-q2-update.win32_1.5.0.202011040924/tools/bin/../lib/gcc/arm-none-eabi/9.3.1/../../../../arm-none-eabi/lib/thumb/v7e-m+fp/hard\libc_nano.a(lib_a-errno.o)
                              Core/Src/syscalls.o (__errno)
c:/st/stm32cubeide_1.6.1/stm32cubeide/plugins/com.st.stm32cube.ide.mcu.externaltools.gnu-tools-for-stm32.9-2020-q2-update.win32_1.5.0.202011040924/tools/bin/../lib/gcc/arm-none-eabi/9.3.1/../../../../arm-none-eabi/lib/thumb/v7e-m+fp/hard\libc_nano.a(lib_a-exit.o)
                              c:/st/stm32cubeide_1.6.1/stm32cubeide/plugins/com.st.stm32cube.ide.mcu.externaltools.gnu-tools-for-stm32.9-2020-q2-update.win32_1.5.0.202011040924/tools/bin/../lib/gcc/arm-none-eabi/9.3.1/../../../../arm-none-eabi/lib/thumb/v7e-m+fp/hard/crt0.o (exit)
c:/st/stm32cubeide_1.6.1/stm32cubeide/plugins/com.st.stm32cube.ide.mcu.externaltools.gnu-tools-for-stm32.9-2020-q2-update.win32_1.5.0.202011040924/tools/bin/../lib/gcc/arm-none-eabi/9.3.1/../../../../arm-none-eabi/lib/thumb/v7e-m+fp/hard\libc_nano.a(lib_a-impure.o)
                              c:/st/stm32cubeide_1.6.1/stm32cubeide/plugins/com.st.stm32cube.ide.mcu.externaltools.gnu-tools-for-stm32.9-2020-q2-update.win32_1.5.0.202011040924/tools/bin/../lib/gcc/arm-none-eabi/9.3.1/../../../../arm-none-eabi/lib/thumb/v7e-m+fp/hard\libc_nano.a(lib_a-exit.o) (_global_impure_ptr)
c:/st/stm32cubeide_1.6.1/stm32cubeide/plugins/com.st.stm32cube.ide.mcu.externaltools.gnu-tools-for-stm32.9-2020-q2-update.win32_1.5.0.202011040924/tools/bin/../lib/gcc/arm-none-eabi/9.3.1/../../../../arm-none-eabi/lib/thumb/v7e-m+fp/hard\libc_nano.a(lib_a-init.o)
                              c:/st/stm32cubeide_1.6.1/stm32cubeide/plugins/com.st.stm32cube.ide.mcu.externaltools.gnu-tools-for-stm32.9-2020-q2-update.win32_1.5.0.202011040924/tools/bin/../lib/gcc/arm-none-eabi/9.3.1/../../../../arm-none-eabi/lib/thumb/v7e-m+fp/hard/crt0.o (__libc_init_array)
c:/st/stm32cubeide_1.6.1/stm32cubeide/plugins/com.st.stm32cube.ide.mcu.externaltools.gnu-tools-for-stm32.9-2020-q2-update.win32_1.5.0.202011040924/tools/bin/../lib/gcc/arm-none-eabi/9.3.1/../../../../arm-none-eabi/lib/thumb/v7e-m+fp/hard\libc_nano.a(lib_a-memset.o)
                              c:/st/stm32cubeide_1.6.1/stm32cubeide/plugins/com.st.stm32cube.ide.mcu.externaltools.gnu-tools-for-stm32.9-2020-q2-update.win32_1.5.0.202011040924/tools/bin/../lib/gcc/arm-none-eabi/9.3.1/../../../../arm-none-eabi/lib/thumb/v7e-m+fp/hard/crt0.o (memset)
c:/st/stm32cubeide_1.6.1/stm32cubeide/plugins/com.st.stm32cube.ide.mcu.externaltools.gnu-tools-for-stm32.9-2020-q2-update.win32_1.5.0.202011040924/tools/bin/../lib/gcc/arm-none-eabi/9.3.1/thumb/v7e-m+fp/hard\libgcc.a(_aeabi_uldivmod.o)
                              Drivers/STM32F4xx_HAL_Driver/Src/stm32f4xx_hal_rcc.o (__aeabi_uldivmod)
c:/st/stm32cubeide_1.6.1/stm32cubeide/plugins/com.st.stm32cube.ide.mcu.externaltools.gnu-tools-for-stm32.9-2020-q2-update.win32_1.5.0.202011040924/tools/bin/../lib/gcc/arm-none-eabi/9.3.1/thumb/v7e-m+fp/hard\libgcc.a(_udivmoddi4.o)
                              c:/st/stm32cubeide_1.6.1/stm32cubeide/plugins/com.st.stm32cube.ide.mcu.externaltools.gnu-tools-for-stm32.9-2020-q2-update.win32_1.5.0.202011040924/tools/bin/../lib/gcc/arm-none-eabi/9.3.1/thumb/v7e-m+fp/hard\libgcc.a(_aeabi_uldivmod.o) (__udivmoddi4)
c:/st/stm32cubeide_1.6.1/stm32cubeide/plugins/com.st.stm32cube.ide.mcu.externaltools.gnu-tools-for-stm32.9-2020-q2-update.win32_1.5.0.202011040924/tools/bin/../lib/gcc/arm-none-eabi/9.3.1/thumb/v7e-m+fp/hard\libgcc.a(_dvmd_tls.o)
                              c:/st/stm32cubeide_1.6.1/stm32cubeide/plugins/com.st.stm32cube.ide.mcu.externaltools.gnu-tools-for-stm32.9-2020-q2-update.win32_1.5.0.202011040924/tools/bin/../lib/gcc/arm-none-eabi/9.3.1/thumb/v7e-m+fp/hard\libgcc.a(_aeabi_uldivmod.o) (__aeabi_ldiv0)

Allocating common symbols
Common symbol       size              file

htim8               0x48              Core/Src/tim.o
hdma_tim8_ch1       0x60              Core/Src/tim.o
uwTick              0x4               Drivers/STM32F4xx_HAL_Driver/Src/stm32f4xx_hal.o
pFlash              0x20              Drivers/STM32F4xx_HAL_Driver/Src/stm32f4xx_hal_flash.o
huart1              0x44              Core/Src/usart.o
htim1               0x48              Core/Src/tim.o
htim9               0x48              Core/Src/tim.o
hspi1               0x58              Core/Src/spi.o

Discarded input sections

 .text          0x0000000000000000        0x0 c:/st/stm32cubeide_1.6.1/stm32cubeide/plugins/com.st.stm32cube.ide.mcu.externaltools.gnu-tools-for-stm32.9-2020-q2-update.win32_1.5.0.202011040924/tools/bin/../lib/gcc/arm-none-eabi/9.3.1/thumb/v7e-m+fp/hard/crti.o
[...]
Memory Configuration

Name             Origin             Length             Attributes
CCMRAM           0x0000000010000000 0x0000000000010000 xrw
RAM              0x0000000020000000 0x0000000000020000 xrw
FLASH            0x0000000008000000 0x0000000000100000 xr
*default*        0x0000000000000000 0xffffffffffffffff

Linker script and memory map

LOAD c:/st/stm32cubeide_1.6.1/stm32cubeide/plugins/com.st.stm32cube.ide.mcu.externaltools.gnu-tools-for-stm32.9-2020-q2-update.win32_1.5.0.202011040924/tools/bin/../lib/gcc/arm-none-eabi/9.3.1/thumb/v7e-m+fp/hard/crti.o
LOAD c:/st/stm32cubeide_1.6.1/stm32cubeide/plugins/com.st.stm32cube.ide.mcu.externaltools.gnu-tools-for-stm32.9-2020-q2-update.win32_1.5.0.202011040924/tools/bin/../lib/gcc/arm-none-eabi/9.3.1/thumb/v7e-m+fp/hard/crtbegin.o
LOAD c:/st/stm32cubeide_1.6.1/stm32cubeide/plugins/com.st.stm32cube.ide.mcu.externaltools.gnu-tools-for-stm32.9-2020-q2-update.win32_1.5.0.202011040924/tools/bin/../lib/gcc/arm-none-eabi/9.3.1/../../../../arm-none-eabi/lib/thumb/v7e-m+fp/hard/crt0.o
LOAD Core/Src/dma.o
LOAD Core/Src/gpio.o
LOAD Core/Src/main.o
LOAD Core/Src/spi.o
LOAD Core/Src/stm32f4xx_hal_msp.o
LOAD Core/Src/stm32f4xx_it.o
LOAD Core/Src/syscalls.o
LOAD Core/Src/sysmem.o
LOAD Core/Src/system_stm32f4xx.o
LOAD Core/Src/tim.o
LOAD Core/Src/usart.o
LOAD Core/Src/waveform_gen.o
LOAD Core/Startup/startup_stm32f407vgtx.o
LOAD Drivers/STM32F4xx_HAL_Driver/Src/stm32f4xx_hal.o
LOAD Drivers/STM32F4xx_HAL_Driver/Src/stm32f4xx_hal_cortex.o
LOAD Drivers/STM32F4xx_HAL_Driver/Src/stm32f4xx_hal_dma.o
LOAD Drivers/STM32F4xx_HAL_Driver/Src/stm32f4xx_hal_dma_ex.o
LOAD Drivers/STM32F4xx_HAL_Driver/Src/stm32f4xx_hal_exti.o
LOAD Drivers/STM32F4xx_HAL_Driver/Src/stm32f4xx_hal_flash.o
LOAD Drivers/STM32F4xx_HAL_Driver/Src/stm32f4xx_hal_flash_ex.o
LOAD Drivers/STM32F4xx_HAL_Driver/Src/stm32f4xx_hal_flash_ramfunc.o
LOAD Drivers/STM32F4xx_HAL_Driver/Src/stm32f4xx_hal_gpio.o
LOAD Drivers/STM32F4xx_HAL_Driver/Src/stm32f4xx_hal_pwr.o
LOAD Drivers/STM32F4xx_HAL_Driver/Src/stm32f4xx_hal_pwr_ex.o
LOAD Drivers/STM32F4xx_HAL_Driver/Src/stm32f4xx_hal_rcc.o
LOAD Drivers/STM32F4xx_HAL_Driver/Src/stm32f4xx_hal_rcc_ex.o
LOAD Drivers/STM32F4xx_HAL_Driver/Src/stm32f4xx_hal_spi.o
LOAD Drivers/STM32F4xx_HAL_Driver/Src/stm32f4xx_hal_tim.o
LOAD Drivers/STM32F4xx_HAL_Driver/Src/stm32f4xx_hal_tim_ex.o
LOAD Drivers/STM32F4xx_HAL_Driver/Src/stm32f4xx_hal_uart.o
START GROUP
LOAD c:/st/stm32cubeide_1.6.1/stm32cubeide/plugins/com.st.stm32cube.ide.mcu.externaltools.gnu-tools-for-stm32.9-2020-q2-update.win32_1.5.0.202011040924/tools/bin/../lib/gcc/arm-none-eabi/9.3.1/../../../../arm-none-eabi/lib/thumb/v7e-m+fp/hard\libc_nano.a
LOAD c:/st/stm32cubeide_1.6.1/stm32cubeide/plugins/com.st.stm32cube.ide.mcu.externaltools.gnu-tools-for-stm32.9-2020-q2-update.win32_1.5.0.202011040924/tools/bin/../lib/gcc/arm-none-eabi/9.3.1/../../../../arm-none-eabi/lib/thumb/v7e-m+fp/hard\libm.a
END GROUP
START GROUP
LOAD c:/st/stm32cubeide_1.6.1/stm32cubeide/plugins/com.st.stm32cube.ide.mcu.externaltools.gnu-tools-for-stm32.9-2020-q2-update.win32_1.5.0.202011040924/tools/bin/../lib/gcc/arm-none-eabi/9.3.1/thumb/v7e-m+fp/hard\libgcc.a
LOAD c:/st/stm32cubeide_1.6.1/stm32cubeide/plugins/com.st.stm32cube.ide.mcu.externaltools.gnu-tools-for-stm32.9-2020-q2-update.win32_1.5.0.202011040924/tools/bin/../lib/gcc/arm-none-eabi/9.3.1/../../../../arm-none-eabi/lib/thumb/v7e-m+fp/hard\libc_nano.a
END GROUP
START GROUP
LOAD c:/st/stm32cubeide_1.6.1/stm32cubeide/plugins/com.st.stm32cube.ide.mcu.externaltools.gnu-tools-for-stm32.9-2020-q2-update.win32_1.5.0.202011040924/tools/bin/../lib/gcc/arm-none-eabi/9.3.1/thumb/v7e-m+fp/hard\libgcc.a
LOAD c:/st/stm32cubeide_1.6.1/stm32cubeide/plugins/com.st.stm32cube.ide.mcu.externaltools.gnu-tools-for-stm32.9-2020-q2-update.win32_1.5.0.202011040924/tools/bin/../lib/gcc/arm-none-eabi/9.3.1/../../../../arm-none-eabi/lib/thumb/v7e-m+fp/hard\libc_nano.a
LOAD c:/st/stm32cubeide_1.6.1/stm32cubeide/plugins/com.st.stm32cube.ide.mcu.externaltools.gnu-tools-for-stm32.9-2020-q2-update.win32_1.5.0.202011040924/tools/bin/../lib/gcc/arm-none-eabi/9.3.1/../../../../arm-none-eabi/lib/thumb/v7e-m+fp/hard\libnosys.a
END GROUP
START GROUP
LOAD c:/st/stm32cubeide_1.6.1/stm32cubeide/plugins/com.st.stm32cube.ide.mcu.externaltools.gnu-tools-for-stm32.9-2020-q2-update.win32_1.5.0.202011040924/tools/bin/../lib/gcc/arm-none-eabi/9.3.1/thumb/v7e-m+fp/hard\libgcc.a
LOAD c:/st/stm32cubeide_1.6.1/stm32cubeide/plugins/com.st.stm32cube.ide.mcu.externaltools.gnu-tools-for-stm32.9-2020-q2-update.win32_1.5.0.202011040924/tools/bin/../lib/gcc/arm-none-eabi/9.3.1/../../../../arm-none-eabi/lib/thumb/v7e-m+fp/hard\libc_nano.a
LOAD c:/st/stm32cubeide_1.6.1/stm32cubeide/plugins/com.st.stm32cube.ide.mcu.externaltools.gnu-tools-for-stm32.9-2020-q2-update.win32_1.5.0.202011040924/tools/bin/../lib/gcc/arm-none-eabi/9.3.1/../../../../arm-none-eabi/lib/thumb/v7e-m+fp/hard\libnosys.a
END GROUP
LOAD c:/st/stm32cubeide_1.6.1/stm32cubeide/plugins/com.st.stm32cube.ide.mcu.externaltools.gnu-tools-for-stm32.9-2020-q2-update.win32_1.5.0.202011040924/tools/bin/../lib/gcc/arm-none-eabi/9.3.1/thumb/v7e-m+fp/hard/crtend.o
LOAD c:/st/stm32cubeide_1.6.1/stm32cubeide/plugins/com.st.stm32cube.ide.mcu.externaltools.gnu-tools-for-stm32.9-2020-q2-update.win32_1.5.0.202011040924/tools/bin/../lib/gcc/arm-none-eabi/9.3.1/thumb/v7e-m+fp/hard/crtn.o
                0x0000000020020000                _estack = (ORIGIN (RAM) + LENGTH (RAM))
                0x0000000000000200                _Min_Heap_Size = 0x200
                0x0000000000000400                _Min_Stack_Size = 0x400

.isr_vector     0x0000000008000000      0x188
                0x0000000008000000                . = ALIGN (0x4)
 *(.isr_vector)
 .isr_vector    0x0000000008000000      0x188 Core/Startup/startup_stm32f407vgtx.o
                0x0000000008000000                g_pfnVectors
                0x0000000008000188                . = ALIGN (0x4)

.text           0x0000000008000188     0x3b5c
                0x0000000008000188                . = ALIGN (0x4)
 *(.text)
 .text          0x0000000008000188       0x40 c:/st/stm32cubeide_1.6.1/stm32cubeide/plugins/com.st.stm32cube.ide.mcu.externaltools.gnu-tools-for-stm32.9-2020-q2-update.win32_1.5.0.202011040924/tools/bin/../lib/gcc/arm-none-eabi/9.3.1/thumb/v7e-m+fp/hard/crtbegin.o
 .text          0x00000000080001c8       0x30 c:/st/stm32cubeide_1.6.1/stm32cubeide/plugins/com.st.stm32cube.ide.mcu.externaltools.gnu-tools-for-stm32.9-2020-q2-update.win32_1.5.0.202011040924/tools/bin/../lib/gcc/arm-none-eabi/9.3.1/thumb/v7e-m+fp/hard\libgcc.a(_aeabi_uldivmod.o)
                0x00000000080001c8                __aeabi_uldivmod
 .text          0x00000000080001f8      0x2c4 c:/st/stm32cubeide_1.6.1/stm32cubeide/plugins/com.st.stm32cube.ide.mcu.externaltools.gnu-tools-for-stm32.9-2020-q2-update.win32_1.5.0.202011040924/tools/bin/../lib/gcc/arm-none-eabi/9.3.1/thumb/v7e-m+fp/hard\libgcc.a(_udivmoddi4.o)
                0x00000000080001f8                __udivmoddi4
 .text          0x00000000080004bc        0x4 c:/st/stm32cubeide_1.6.1/stm32cubeide/plugins/com.st.stm32cube.ide.mcu.externaltools.gnu-tools-for-stm32.9-2020-q2-update.win32_1.5.0.202011040924/tools/bin/../lib/gcc/arm-none-eabi/9.3.1/thumb/v7e-m+fp/hard\libgcc.a(_dvmd_tls.o)
                0x00000000080004bc                __aeabi_idiv0
                0x00000000080004bc                __aeabi_ldiv0
 *(.text*)
 .text.MX_DMA_Init
                0x00000000080004c0       0x40 Core/Src/dma.o
                0x00000000080004c0                MX_DMA_Init
 .text.MX_GPIO_Init
                0x0000000008000500      0x124 Core/Src/gpio.o
                0x0000000008000500                MX_GPIO_Init
 .text.main     0x0000000008000624       0x70 Core/Src/main.o
                0x0000000008000624                main
 .text.SystemClock_Config
                0x0000000008000694       0xd4 Core/Src/main.o
                0x0000000008000694                SystemClock_Config
 .text.Error_Handler
                0x0000000008000768        0xa Core/Src/main.o
                0x0000000008000768                Error_Handler
 *fill*         0x0000000008000772        0x2 
 .text.MX_SPI1_Init
                0x0000000008000774       0x70 Core/Src/spi.o
                0x0000000008000774                MX_SPI1_Init
 .text.HAL_SPI_MspInit
                0x00000000080007e4       0x90 Core/Src/spi.o
                0x00000000080007e4                HAL_SPI_MspInit
 .text.HAL_MspInit
                0x0000000008000874       0x50 Core/Src/stm32f4xx_hal_msp.o
                0x0000000008000874                HAL_MspInit
 .text.NMI_Handler
                0x00000000080008c4        0x6 Core/Src/stm32f4xx_it.o
                0x00000000080008c4                NMI_Handler
 .text.HardFault_Handler
                0x00000000080008ca        0x6 Core/Src/stm32f4xx_it.o
                0x00000000080008ca                HardFault_Handler
 .text.MemManage_Handler
                0x00000000080008d0        0x6 Core/Src/stm32f4xx_it.o
                0x00000000080008d0                MemManage_Handler
 .text.BusFault_Handler
                0x00000000080008d6        0x6 Core/Src/stm32f4xx_it.o
                0x00000000080008d6                BusFault_Handler
 .text.UsageFault_Handler
                0x00000000080008dc        0x6 Core/Src/stm32f4xx_it.o
                0x00000000080008dc                UsageFault_Handler
 .text.SVC_Handler
                0x00000000080008e2        0xe Core/Src/stm32f4xx_it.o
                0x00000000080008e2                SVC_Handler
 .text.DebugMon_Handler
                0x00000000080008f0        0xe Core/Src/stm32f4xx_it.o
                0x00000000080008f0                DebugMon_Handler
 .text.PendSV_Handler
                0x00000000080008fe        0xe Core/Src/stm32f4xx_it.o
                0x00000000080008fe                PendSV_Handler
 .text.SysTick_Handler
                0x000000000800090c        0xc Core/Src/stm32f4xx_it.o
                0x000000000800090c                SysTick_Handler
 .text.DMA2_Stream2_IRQHandler
                0x0000000008000918       0x14 Core/Src/stm32f4xx_it.o
                0x0000000008000918                DMA2_Stream2_IRQHandler
 .text.SystemInit
                0x000000000800092c       0x24 Core/Src/system_stm32f4xx.o
                0x000000000800092c                SystemInit
 .text.MX_TIM1_Init
                0x0000000008000950       0xac Core/Src/tim.o
                0x0000000008000950                MX_TIM1_Init
 .text.MX_TIM8_Init
                0x00000000080009fc      0x144 Core/Src/tim.o
                0x00000000080009fc                MX_TIM8_Init
 .text.MX_TIM9_Init
                0x0000000008000b40       0xc4 Core/Src/tim.o
                0x0000000008000b40                MX_TIM9_Init
 .text.HAL_TIM_Encoder_MspInit
                0x0000000008000c04       0x90 Core/Src/tim.o
                0x0000000008000c04                HAL_TIM_Encoder_MspInit
 .text.HAL_TIM_Base_MspInit
                0x0000000008000c94       0xd8 Core/Src/tim.o
                0x0000000008000c94                HAL_TIM_Base_MspInit
 .text.HAL_TIM_MspPostInit
                0x0000000008000d6c       0x74 Core/Src/tim.o
                0x0000000008000d6c                HAL_TIM_MspPostInit
 .text.MX_USART1_UART_Init
                0x0000000008000de0       0x54 Core/Src/usart.o
                0x0000000008000de0                MX_USART1_UART_Init
 .text.HAL_UART_MspInit
                0x0000000008000e34       0x90 Core/Src/usart.o
                0x0000000008000e34                HAL_UART_MspInit
 .text.Reset_Handler
                0x0000000008000ec4       0x50 Core/Startup/startup_stm32f407vgtx.o
                0x0000000008000ec4                Reset_Handler
 .text.Default_Handler
                0x0000000008000f14        0x2 Core/Startup/startup_stm32f407vgtx.o
                0x0000000008000f14                RTC_Alarm_IRQHandler
                0x0000000008000f14                HASH_RNG_IRQHandler
                0x0000000008000f14                EXTI2_IRQHandler
                0x0000000008000f14                TIM8_CC_IRQHandler
                0x0000000008000f14                TIM1_CC_IRQHandler
                0x0000000008000f14                DMA2_Stream5_IRQHandler
                0x0000000008000f14                DMA1_Stream5_IRQHandler
                0x0000000008000f14                PVD_IRQHandler
                0x0000000008000f14                SDIO_IRQHandler
                0x0000000008000f14                TAMP_STAMP_IRQHandler
                0x0000000008000f14                CAN2_RX1_IRQHandler
                0x0000000008000f14                EXTI3_IRQHandler
                0x0000000008000f14                TIM8_TRG_COM_TIM14_IRQHandler
                0x0000000008000f14                TIM1_UP_TIM10_IRQHandler
                0x0000000008000f14                TIM8_UP_TIM13_IRQHandler
                0x0000000008000f14                I2C3_ER_IRQHandler
                0x0000000008000f14                EXTI0_IRQHandler
                0x0000000008000f14                I2C2_EV_IRQHandler
                0x0000000008000f14                DMA1_Stream2_IRQHandler
                0x0000000008000f14                CAN1_RX0_IRQHandler
                0x0000000008000f14                FPU_IRQHandler
                0x0000000008000f14                OTG_HS_WKUP_IRQHandler
                0x0000000008000f14                CAN2_SCE_IRQHandler
                0x0000000008000f14                SPI1_IRQHandler
                0x0000000008000f14                TIM6_DAC_IRQHandler
                0x0000000008000f14                TIM1_BRK_TIM9_IRQHandler
                0x0000000008000f14                DCMI_IRQHandler
                0x0000000008000f14                CAN2_RX0_IRQHandler
                0x0000000008000f14                DMA2_Stream3_IRQHandler
                0x0000000008000f14                USART6_IRQHandler
                0x0000000008000f14                USART3_IRQHandler
                0x0000000008000f14                CAN1_RX1_IRQHandler
                0x0000000008000f14                UART5_IRQHandler
                0x0000000008000f14                DMA2_Stream0_IRQHandler
                0x0000000008000f14                TIM4_IRQHandler
                0x0000000008000f14                I2C1_EV_IRQHandler
                0x0000000008000f14                DMA1_Stream6_IRQHandler
                0x0000000008000f14                DMA1_Stream1_IRQHandler
                0x0000000008000f14                UART4_IRQHandler
                0x0000000008000f14                TIM3_IRQHandler
                0x0000000008000f14                RCC_IRQHandler
                0x0000000008000f14                TIM8_BRK_TIM12_IRQHandler
                0x0000000008000f14                Default_Handler
                0x0000000008000f14                EXTI15_10_IRQHandler
                0x0000000008000f14                ADC_IRQHandler
                0x0000000008000f14                DMA1_Stream7_IRQHandler
                0x0000000008000f14                TIM7_IRQHandler
                0x0000000008000f14                CAN2_TX_IRQHandler
                0x0000000008000f14                TIM5_IRQHandler
                0x0000000008000f14                DMA2_Stream7_IRQHandler
                0x0000000008000f14                I2C3_EV_IRQHandler
                0x0000000008000f14                EXTI9_5_IRQHandler
                0x0000000008000f14                RTC_WKUP_IRQHandler
                0x0000000008000f14                ETH_WKUP_IRQHandler
                0x0000000008000f14                SPI2_IRQHandler
                0x0000000008000f14                OTG_HS_EP1_IN_IRQHandler
                0x0000000008000f14                DMA1_Stream0_IRQHandler
                0x0000000008000f14                CAN1_TX_IRQHandler
                0x0000000008000f14                EXTI4_IRQHandler
                0x0000000008000f14                FSMC_IRQHandler
                0x0000000008000f14                ETH_IRQHandler
                0x0000000008000f14                OTG_HS_EP1_OUT_IRQHandler
                0x0000000008000f14                WWDG_IRQHandler
                0x0000000008000f14                TIM2_IRQHandler
                0x0000000008000f14                OTG_FS_WKUP_IRQHandler
                0x0000000008000f14                TIM1_TRG_COM_TIM11_IRQHandler
                0x0000000008000f14                OTG_HS_IRQHandler
                0x0000000008000f14                EXTI1_IRQHandler
                0x0000000008000f14                USART2_IRQHandler
                0x0000000008000f14                I2C2_ER_IRQHandler
                0x0000000008000f14                DMA2_Stream1_IRQHandler
                0x0000000008000f14                CAN1_SCE_IRQHandler
                0x0000000008000f14                FLASH_IRQHandler
                0x0000000008000f14                DMA2_Stream4_IRQHandler
                0x0000000008000f14                USART1_IRQHandler
                0x0000000008000f14                OTG_FS_IRQHandler
                0x0000000008000f14                SPI3_IRQHandler
                0x0000000008000f14                DMA1_Stream4_IRQHandler
                0x0000000008000f14                I2C1_ER_IRQHandler
                0x0000000008000f14                DMA2_Stream6_IRQHandler
                0x0000000008000f14                DMA1_Stream3_IRQHandler
 *fill*         0x0000000008000f16        0x2 
 .text.HAL_Init
                0x0000000008000f18       0x44 Drivers/STM32F4xx_HAL_Driver/Src/stm32f4xx_hal.o
                0x0000000008000f18                HAL_Init
 .text.HAL_InitTick
                0x0000000008000f5c       0x60 Drivers/STM32F4xx_HAL_Driver/Src/stm32f4xx_hal.o
                0x0000000008000f5c                HAL_InitTick
 .text.HAL_IncTick
                0x0000000008000fbc       0x28 Drivers/STM32F4xx_HAL_Driver/Src/stm32f4xx_hal.o
                0x0000000008000fbc                HAL_IncTick
 .text.HAL_GetTick
                0x0000000008000fe4       0x18 Drivers/STM32F4xx_HAL_Driver/Src/stm32f4xx_hal.o
                0x0000000008000fe4                HAL_GetTick
 .text.__NVIC_SetPriorityGrouping
                0x0000000008000ffc       0x48 Drivers/STM32F4xx_HAL_Driver/Src/stm32f4xx_hal_cortex.o
 .text.__NVIC_GetPriorityGrouping
                0x0000000008001044       0x1c Drivers/STM32F4xx_HAL_Driver/Src/stm32f4xx_hal_cortex.o
 .text.__NVIC_EnableIRQ
                0x0000000008001060       0x3c Drivers/STM32F4xx_HAL_Driver/Src/stm32f4xx_hal_cortex.o
 .text.__NVIC_SetPriority
                0x000000000800109c       0x54 Drivers/STM32F4xx_HAL_Driver/Src/stm32f4xx_hal_cortex.o
 .text.NVIC_EncodePriority
                0x00000000080010f0       0x66 Drivers/STM32F4xx_HAL_Driver/Src/stm32f4xx_hal_cortex.o
 *fill*         0x0000000008001156        0x2 
 .text.SysTick_Config
                0x0000000008001158       0x44 Drivers/STM32F4xx_HAL_Driver/Src/stm32f4xx_hal_cortex.o
 .text.HAL_NVIC_SetPriorityGrouping
                0x000000000800119c       0x16 Drivers/STM32F4xx_HAL_Driver/Src/stm32f4xx_hal_cortex.o
                0x000000000800119c                HAL_NVIC_SetPriorityGrouping
 .text.HAL_NVIC_SetPriority
                0x00000000080011b2       0x38 Drivers/STM32F4xx_HAL_Driver/Src/stm32f4xx_hal_cortex.o
                0x00000000080011b2                HAL_NVIC_SetPriority
 .text.HAL_NVIC_EnableIRQ
                0x00000000080011ea       0x1c Drivers/STM32F4xx_HAL_Driver/Src/stm32f4xx_hal_cortex.o
                0x00000000080011ea                HAL_NVIC_EnableIRQ
 .text.HAL_SYSTICK_Config
                0x0000000008001206       0x18 Drivers/STM32F4xx_HAL_Driver/Src/stm32f4xx_hal_cortex.o
                0x0000000008001206                HAL_SYSTICK_Config
 *fill*         0x000000000800121e        0x2 
 .text.HAL_DMA_Init
                0x0000000008001220      0x15c Drivers/STM32F4xx_HAL_Driver/Src/stm32f4xx_hal_dma.o
                0x0000000008001220                HAL_DMA_Init
 .text.HAL_DMA_Start_IT
                0x000000000800137c       0xb0 Drivers/STM32F4xx_HAL_Driver/Src/stm32f4xx_hal_dma.o
                0x000000000800137c                HAL_DMA_Start_IT
 .text.HAL_DMA_IRQHandler
                0x000000000800142c      0x314 Drivers/STM32F4xx_HAL_Driver/Src/stm32f4xx_hal_dma.o
                0x000000000800142c                HAL_DMA_IRQHandler
 .text.DMA_SetConfig
                0x0000000008001740       0x5c Drivers/STM32F4xx_HAL_Driver/Src/stm32f4xx_hal_dma.o
 .text.DMA_CalcBaseAndBitshift
                0x000000000800179c       0x6c Drivers/STM32F4xx_HAL_Driver/Src/stm32f4xx_hal_dma.o
 .text.DMA_CheckFifoParam
                0x0000000008001808       0xf8 Drivers/STM32F4xx_HAL_Driver/Src/stm32f4xx_hal_dma.o
 .text.HAL_GPIO_Init
                0x0000000008001900      0x338 Drivers/STM32F4xx_HAL_Driver/Src/stm32f4xx_hal_gpio.o
                0x0000000008001900                HAL_GPIO_Init
 .text.HAL_GPIO_WritePin
                0x0000000008001c38       0x32 Drivers/STM32F4xx_HAL_Driver/Src/stm32f4xx_hal_gpio.o
                0x0000000008001c38                HAL_GPIO_WritePin
 *fill*         0x0000000008001c6a        0x2 
 .text.HAL_RCC_OscConfig
                0x0000000008001c6c      0x4f0 Drivers/STM32F4xx_HAL_Driver/Src/stm32f4xx_hal_rcc.o
                0x0000000008001c6c                HAL_RCC_OscConfig
 .text.HAL_RCC_ClockConfig
                0x000000000800215c      0x1cc Drivers/STM32F4xx_HAL_Driver/Src/stm32f4xx_hal_rcc.o
                0x000000000800215c                HAL_RCC_ClockConfig
 .text.HAL_RCC_GetSysClockFreq
                0x0000000008002328      0x1c4 Drivers/STM32F4xx_HAL_Driver/Src/stm32f4xx_hal_rcc.o
                0x0000000008002328                HAL_RCC_GetSysClockFreq
 .text.HAL_RCC_GetHCLKFreq
                0x00000000080024ec       0x18 Drivers/STM32F4xx_HAL_Driver/Src/stm32f4xx_hal_rcc.o
                0x00000000080024ec                HAL_RCC_GetHCLKFreq
 .text.HAL_RCC_GetPCLK1Freq
                0x0000000008002504       0x28 Drivers/STM32F4xx_HAL_Driver/Src/stm32f4xx_hal_rcc.o
                0x0000000008002504                HAL_RCC_GetPCLK1Freq
 .text.HAL_RCC_GetPCLK2Freq
                0x000000000800252c       0x28 Drivers/STM32F4xx_HAL_Driver/Src/stm32f4xx_hal_rcc.o
                0x000000000800252c                HAL_RCC_GetPCLK2Freq
 .text.HAL_SPI_Init
                0x0000000008002554      0x112 Drivers/STM32F4xx_HAL_Driver/Src/stm32f4xx_hal_spi.o
                0x0000000008002554                HAL_SPI_Init
 .text.HAL_TIM_Base_Init
                0x0000000008002666       0x9e Drivers/STM32F4xx_HAL_Driver/Src/stm32f4xx_hal_tim.o
                0x0000000008002666                HAL_TIM_Base_Init
 .text.HAL_TIM_OC_Init
                0x0000000008002704       0x9e Drivers/STM32F4xx_HAL_Driver/Src/stm32f4xx_hal_tim.o
                0x0000000008002704                HAL_TIM_OC_Init
 .text.HAL_TIM_OC_MspInit
                0x00000000080027a2       0x14 Drivers/STM32F4xx_HAL_Driver/Src/stm32f4xx_hal_tim.o
                0x00000000080027a2                HAL_TIM_OC_MspInit
 *fill*         0x00000000080027b6        0x2 
 .text.HAL_TIM_OC_Start
                0x00000000080027b8      0x190 Drivers/STM32F4xx_HAL_Driver/Src/stm32f4xx_hal_tim.o
                0x00000000080027b8                HAL_TIM_OC_Start
 .text.HAL_TIM_PWM_Init
                0x0000000008002948       0x9e Drivers/STM32F4xx_HAL_Driver/Src/stm32f4xx_hal_tim.o
                0x0000000008002948                HAL_TIM_PWM_Init
 .text.HAL_TIM_PWM_MspInit
                0x00000000080029e6       0x14 Drivers/STM32F4xx_HAL_Driver/Src/stm32f4xx_hal_tim.o
                0x00000000080029e6                HAL_TIM_PWM_MspInit
 *fill*         0x00000000080029fa        0x2 
 .text.HAL_TIM_PWM_Start
                0x00000000080029fc      0x190 Drivers/STM32F4xx_HAL_Driver/Src/stm32f4xx_hal_tim.o
                0x00000000080029fc                HAL_TIM_PWM_Start
 .text.HAL_TIM_Encoder_Init
                0x0000000008002b8c      0x14c Drivers/STM32F4xx_HAL_Driver/Src/stm32f4xx_hal_tim.o
                0x0000000008002b8c                HAL_TIM_Encoder_Init
 .text.HAL_TIM_OC_ConfigChannel
                0x0000000008002cd8       0xb0 Drivers/STM32F4xx_HAL_Driver/Src/stm32f4xx_hal_tim.o
                0x0000000008002cd8                HAL_TIM_OC_ConfigChannel
 .text.HAL_TIM_PWM_ConfigChannel
                0x0000000008002d88      0x17c Drivers/STM32F4xx_HAL_Driver/Src/stm32f4xx_hal_tim.o
                0x0000000008002d88                HAL_TIM_PWM_ConfigChannel
 .text.HAL_TIM_ConfigClockSource
                0x0000000008002f04      0x188 Drivers/STM32F4xx_HAL_Driver/Src/stm32f4xx_hal_tim.o
                0x0000000008002f04                HAL_TIM_ConfigClockSource
 .text.TIM_Base_SetConfig
                0x000000000800308c      0x140 Drivers/STM32F4xx_HAL_Driver/Src/stm32f4xx_hal_tim.o
                0x000000000800308c                TIM_Base_SetConfig
 .text.TIM_OC1_SetConfig
                0x00000000080031cc       0xe0 Drivers/STM32F4xx_HAL_Driver/Src/stm32f4xx_hal_tim.o
 .text.TIM_OC2_SetConfig
                0x00000000080032ac       0xec Drivers/STM32F4xx_HAL_Driver/Src/stm32f4xx_hal_tim.o
                0x00000000080032ac                TIM_OC2_SetConfig
 .text.TIM_OC3_SetConfig
                0x0000000008003398       0xe8 Drivers/STM32F4xx_HAL_Driver/Src/stm32f4xx_hal_tim.o
 .text.TIM_OC4_SetConfig
                0x0000000008003480       0xac Drivers/STM32F4xx_HAL_Driver/Src/stm32f4xx_hal_tim.o
 .text.TIM_TI1_ConfigInputStage
                0x000000000800352c       0x5e Drivers/STM32F4xx_HAL_Driver/Src/stm32f4xx_hal_tim.o
 .text.TIM_TI2_ConfigInputStage
                0x000000000800358a       0x60 Drivers/STM32F4xx_HAL_Driver/Src/stm32f4xx_hal_tim.o
 .text.TIM_ITRx_SetConfig
                0x00000000080035ea       0x36 Drivers/STM32F4xx_HAL_Driver/Src/stm32f4xx_hal_tim.o
 .text.TIM_ETR_SetConfig
                0x0000000008003620       0x40 Drivers/STM32F4xx_HAL_Driver/Src/stm32f4xx_hal_tim.o
                0x0000000008003620                TIM_ETR_SetConfig
 .text.TIM_CCxChannelCmd
                0x0000000008003660       0x4a Drivers/STM32F4xx_HAL_Driver/Src/stm32f4xx_hal_tim.o
                0x0000000008003660                TIM_CCxChannelCmd
 *fill*         0x00000000080036aa        0x2 
 .text.HAL_TIMEx_MasterConfigSynchronization
                0x00000000080036ac       0xf8 Drivers/STM32F4xx_HAL_Driver/Src/stm32f4xx_hal_tim_ex.o
                0x00000000080036ac                HAL_TIMEx_MasterConfigSynchronization
 .text.HAL_TIMEx_ConfigBreakDeadTime
                0x00000000080037a4       0xa4 Drivers/STM32F4xx_HAL_Driver/Src/stm32f4xx_hal_tim_ex.o
                0x00000000080037a4                HAL_TIMEx_ConfigBreakDeadTime
 .text.HAL_UART_Init
                0x0000000008003848       0x9a Drivers/STM32F4xx_HAL_Driver/Src/stm32f4xx_hal_uart.o
                0x0000000008003848                HAL_UART_Init
 *fill*         0x00000000080038e2        0x2 
 .text.UART_SetConfig
                0x00000000080038e4      0x390 Drivers/STM32F4xx_HAL_Driver/Src/stm32f4xx_hal_uart.o
 .text.__libc_init_array
                0x0000000008003c74       0x48 c:/st/stm32cubeide_1.6.1/stm32cubeide/plugins/com.st.stm32cube.ide.mcu.externaltools.gnu-tools-for-stm32.9-2020-q2-update.win32_1.5.0.202011040924/tools/bin/../lib/gcc/arm-none-eabi/9.3.1/../../../../arm-none-eabi/lib/thumb/v7e-m+fp/hard\libc_nano.a(lib_a-init.o)
                0x0000000008003c74                __libc_init_array
 .text.memset   0x0000000008003cbc       0x10 c:/st/stm32cubeide_1.6.1/stm32cubeide/plugins/com.st.stm32cube.ide.mcu.externaltools.gnu-tools-for-stm32.9-2020-q2-update.win32_1.5.0.202011040924/tools/bin/../lib/gcc/arm-none-eabi/9.3.1/../../../../arm-none-eabi/lib/thumb/v7e-m+fp/hard\libc_nano.a(lib_a-memset.o)
                0x0000000008003cbc                memset
 *(.glue_7)
 .glue_7        0x0000000008003ccc        0x0 linker stubs
 *(.glue_7t)
 .glue_7t       0x0000000008003ccc        0x0 linker stubs
 *(.eh_frame)
 .eh_frame      0x0000000008003ccc        0x0 c:/st/stm32cubeide_1.6.1/stm32cubeide/plugins/com.st.stm32cube.ide.mcu.externaltools.gnu-tools-for-stm32.9-2020-q2-update.win32_1.5.0.202011040924/tools/bin/../lib/gcc/arm-none-eabi/9.3.1/thumb/v7e-m+fp/hard/crtbegin.o
 *(.init)
 .init          0x0000000008003ccc        0x4 c:/st/stm32cubeide_1.6.1/stm32cubeide/plugins/com.st.stm32cube.ide.mcu.externaltools.gnu-tools-for-stm32.9-2020-q2-update.win32_1.5.0.202011040924/tools/bin/../lib/gcc/arm-none-eabi/9.3.1/thumb/v7e-m+fp/hard/crti.o
                0x0000000008003ccc                _init
 .init          0x0000000008003cd0        0x8 c:/st/stm32cubeide_1.6.1/stm32cubeide/plugins/com.st.stm32cube.ide.mcu.externaltools.gnu-tools-for-stm32.9-2020-q2-update.win32_1.5.0.202011040924/tools/bin/../lib/gcc/arm-none-eabi/9.3.1/thumb/v7e-m+fp/hard/crtn.o
 *(.fini)
 .fini          0x0000000008003cd8        0x4 c:/st/stm32cubeide_1.6.1/stm32cubeide/plugins/com.st.stm32cube.ide.mcu.externaltools.gnu-tools-for-stm32.9-2020-q2-update.win32_1.5.0.202011040924/tools/bin/../lib/gcc/arm-none-eabi/9.3.1/thumb/v7e-m+fp/hard/crti.o
                0x0000000008003cd8                _fini
 .fini          0x0000000008003cdc        0x8 c:/st/stm32cubeide_1.6.1/stm32cubeide/plugins/com.st.stm32cube.ide.mcu.externaltools.gnu-tools-for-stm32.9-2020-q2-update.win32_1.5.0.202011040924/tools/bin/../lib/gcc/arm-none-eabi/9.3.1/thumb/v7e-m+fp/hard/crtn.o
                0x0000000008003ce4                . = ALIGN (0x4)
                0x0000000008003ce4                _etext = .

.vfp11_veneer   0x0000000008003ce4        0x0
 .vfp11_veneer  0x0000000008003ce4        0x0 linker stubs

.v4_bx          0x0000000008003ce4        0x0
 .v4_bx         0x0000000008003ce4        0x0 linker stubs

.iplt           0x0000000008003ce4        0x0
 .iplt          0x0000000008003ce4        0x0 c:/st/stm32cubeide_1.6.1/stm32cubeide/plugins/com.st.stm32cube.ide.mcu.externaltools.gnu-tools-for-stm32.9-2020-q2-update.win32_1.5.0.202011040924/tools/bin/../lib/gcc/arm-none-eabi/9.3.1/thumb/v7e-m+fp/hard/crtbegin.o

.rodata         0x0000000008003ce4       0x20
                0x0000000008003ce4                . = ALIGN (0x4)
 *(.rodata)
 *(.rodata*)
 .rodata.AHBPrescTable
                0x0000000008003ce4       0x10 Core/Src/system_stm32f4xx.o
                0x0000000008003ce4                AHBPrescTable
 .rodata.APBPrescTable
                0x0000000008003cf4        0x8 Core/Src/system_stm32f4xx.o
                0x0000000008003cf4                APBPrescTable
 .rodata.flagBitshiftOffset.8435
                0x0000000008003cfc        0x8 Drivers/STM32F4xx_HAL_Driver/Src/stm32f4xx_hal_dma.o
                0x0000000008003d04                . = ALIGN (0x4)

.ARM.extab      0x0000000008003d04        0x0
                0x0000000008003d04                . = ALIGN (0x4)
 *(.ARM.extab* .gnu.linkonce.armextab.*)
                0x0000000008003d04                . = ALIGN (0x4)

.ARM            0x0000000008003d04        0x8
                0x0000000008003d04                . = ALIGN (0x4)
                0x0000000008003d04                __exidx_start = .
 *(.ARM.exidx*)
 .ARM.exidx     0x0000000008003d04        0x8 c:/st/stm32cubeide_1.6.1/stm32cubeide/plugins/com.st.stm32cube.ide.mcu.externaltools.gnu-tools-for-stm32.9-2020-q2-update.win32_1.5.0.202011040924/tools/bin/../lib/gcc/arm-none-eabi/9.3.1/thumb/v7e-m+fp/hard\libgcc.a(_udivmoddi4.o)
                0x0000000008003d0c                __exidx_end = .
                0x0000000008003d0c                . = ALIGN (0x4)

.rel.dyn        0x0000000008003d0c        0x0
 .rel.iplt      0x0000000008003d0c        0x0 c:/st/stm32cubeide_1.6.1/stm32cubeide/plugins/com.st.stm32cube.ide.mcu.externaltools.gnu-tools-for-stm32.9-2020-q2-update.win32_1.5.0.202011040924/tools/bin/../lib/gcc/arm-none-eabi/9.3.1/thumb/v7e-m+fp/hard/crtbegin.o

.preinit_array  0x0000000008003d0c        0x0
                0x0000000008003d0c                . = ALIGN (0x4)
                0x0000000008003d0c                PROVIDE (__preinit_array_start = .)
 *(.preinit_array*)
                0x0000000008003d0c                PROVIDE (__preinit_array_end = .)
                0x0000000008003d0c                . = ALIGN (0x4)

.init_array     0x0000000008003d0c        0x4
                0x0000000008003d0c                . = ALIGN (0x4)
                0x0000000008003d0c                PROVIDE (__init_array_start = .)
 *(SORT_BY_NAME(.init_array.*))
 *(.init_array*)
 .init_array    0x0000000008003d0c        0x4 c:/st/stm32cubeide_1.6.1/stm32cubeide/plugins/com.st.stm32cube.ide.mcu.externaltools.gnu-tools-for-stm32.9-2020-q2-update.win32_1.5.0.202011040924/tools/bin/../lib/gcc/arm-none-eabi/9.3.1/thumb/v7e-m+fp/hard/crtbegin.o
                0x0000000008003d10                PROVIDE (__init_array_end = .)
                0x0000000008003d10                . = ALIGN (0x4)

.fini_array     0x0000000008003d10        0x4
                0x0000000008003d10                . = ALIGN (0x4)
                [!provide]                        PROVIDE (__fini_array_start = .)
 *(SORT_BY_NAME(.fini_array.*))
 *(.fini_array*)
 .fini_array    0x0000000008003d10        0x4 c:/st/stm32cubeide_1.6.1/stm32cubeide/plugins/com.st.stm32cube.ide.mcu.externaltools.gnu-tools-for-stm32.9-2020-q2-update.win32_1.5.0.202011040924/tools/bin/../lib/gcc/arm-none-eabi/9.3.1/thumb/v7e-m+fp/hard/crtbegin.o
                [!provide]                        PROVIDE (__fini_array_end = .)
                0x0000000008003d14                . = ALIGN (0x4)
                0x0000000008003d14                _sidata = LOADADDR (.data)

.data           0x0000000020000000      0x81c load address 0x0000000008003d14
                0x0000000020000000                . = ALIGN (0x4)
                0x0000000020000000                _sdata = .
 *(.data)
 *(.data*)
 .data.DestAddress
                0x0000000020000000        0x4 Core/Src/main.o
                0x0000000020000000                DestAddress
 *fill*         0x0000000020000004        0x4 
 .data.TIM8_Ticks
                0x0000000020000008        0x8 Core/Src/main.o
                0x0000000020000008                TIM8_Ticks
 .data.SystemCoreClock
                0x0000000020000010        0x4 Core/Src/system_stm32f4xx.o
                0x0000000020000010                SystemCoreClock
 .data.sine_val
                0x0000000020000014      0x800 Core/Src/waveform_gen.o
                0x0000000020000014                sine_val
 .data.uwTickPrio
                0x0000000020000814        0x4 Drivers/STM32F4xx_HAL_Driver/Src/stm32f4xx_hal.o
                0x0000000020000814                uwTickPrio
 .data.uwTickFreq
                0x0000000020000818        0x1 Drivers/STM32F4xx_HAL_Driver/Src/stm32f4xx_hal.o
                0x0000000020000818                uwTickFreq
 *(.RamFunc)
 *(.RamFunc*)
                0x000000002000081c                . = ALIGN (0x4)
 *fill*         0x0000000020000819        0x3 
                0x000000002000081c                _edata = .

.igot.plt       0x000000002000081c        0x0 load address 0x0000000008004530
 .igot.plt      0x000000002000081c        0x0 c:/st/stm32cubeide_1.6.1/stm32cubeide/plugins/com.st.stm32cube.ide.mcu.externaltools.gnu-tools-for-stm32.9-2020-q2-update.win32_1.5.0.202011040924/tools/bin/../lib/gcc/arm-none-eabi/9.3.1/thumb/v7e-m+fp/hard/crtbegin.o
                0x000000002000081c                . = ALIGN (0x4)

.bss            0x000000002000081c      0x1f4 load address 0x0000000008004530
                0x000000002000081c                _sbss = .
                0x000000002000081c                __bss_start__ = _sbss
 *(.bss)
 .bss           0x000000002000081c       0x1c c:/st/stm32cubeide_1.6.1/stm32cubeide/plugins/com.st.stm32cube.ide.mcu.externaltools.gnu-tools-for-stm32.9-2020-q2-update.win32_1.5.0.202011040924/tools/bin/../lib/gcc/arm-none-eabi/9.3.1/thumb/v7e-m+fp/hard/crtbegin.o
 *(.bss*)
 *(COMMON)
 COMMON         0x0000000020000838       0x58 Core/Src/spi.o
                0x0000000020000838                hspi1
 COMMON         0x0000000020000890      0x138 Core/Src/tim.o
                0x0000000020000890                htim8
                0x00000000200008d8                hdma_tim8_ch1
                0x0000000020000938                htim1
                0x0000000020000980                htim9
 COMMON         0x00000000200009c8       0x44 Core/Src/usart.o
                0x00000000200009c8                huart1
 COMMON         0x0000000020000a0c        0x4 Drivers/STM32F4xx_HAL_Driver/Src/stm32f4xx_hal.o
                0x0000000020000a0c                uwTick
                0x0000000020000a10                . = ALIGN (0x4)
                0x0000000020000a10                _ebss = .
                0x0000000020000a10                __bss_end__ = _ebss

._user_heap_stack
                0x0000000020000a10      0x600 load address 0x0000000008004530
                0x0000000020000a10                . = ALIGN (0x8)
                [!provide]                        PROVIDE (end = .)
                0x0000000020000a10                PROVIDE (_end = .)
                0x0000000020000c10                . = (. + _Min_Heap_Size)
 *fill*         0x0000000020000a10      0x200 
                0x0000000020001010                . = (. + _Min_Stack_Size)
 *fill*         0x0000000020000c10      0x400 
                0x0000000020001010                . = ALIGN (0x8)

/DISCARD/
 libc.a(*)
 libm.a(*)
 libgcc.a(*)

.ARM.attributes
                0x0000000000000000       0x30
 *(.ARM.attributes)
 .ARM.attributes
                0x0000000000000000       0x1e c:/st/stm32cubeide_1.6.1/stm32cubeide/plugins/com.st.stm32cube.ide.mcu.externaltools.gnu-tools-for-stm32.9-2020-q2-update.win32_1.5.0.202011040924/tools/bin/../lib/gcc/arm-none-eabi/9.3.1/thumb/v7e-m+fp/hard/crti.o
 .ARM.attributes
                0x000000000000001e       0x34 c:/st/stm32cubeide_1.6.1/stm32cubeide/plugins/com.st.stm32cube.ide.mcu.externaltools.gnu-tools-for-stm32.9-2020-q2-update.win32_1.5.0.202011040924/tools/bin/../lib/gcc/arm-none-eabi/9.3.1/thumb/v7e-m+fp/hard/crtbegin.o
 .ARM.attributes
                0x0000000000000052       0x34 Core/Src/dma.o
 .ARM.attributes
                0x0000000000000086       0x34 Core/Src/gpio.o
 .ARM.attributes
                0x00000000000000ba       0x34 Core/Src/main.o
 .ARM.attributes
                0x00000000000000ee       0x34 Core/Src/spi.o
 .ARM.attributes
                0x0000000000000122       0x34 Core/Src/stm32f4xx_hal_msp.o
 .ARM.attributes
                0x0000000000000156       0x34 Core/Src/stm32f4xx_it.o
 .ARM.attributes
                0x000000000000018a       0x34 Core/Src/system_stm32f4xx.o
 .ARM.attributes
                0x00000000000001be       0x34 Core/Src/tim.o
 .ARM.attributes
                0x00000000000001f2       0x34 Core/Src/usart.o
 .ARM.attributes
                0x0000000000000226       0x39 Core/Src/waveform_gen.o
 .ARM.attributes
                0x000000000000025f       0x21 Core/Startup/startup_stm32f407vgtx.o
 .ARM.attributes
                0x0000000000000280       0x34 Drivers/STM32F4xx_HAL_Driver/Src/stm32f4xx_hal.o
 .ARM.attributes
                0x00000000000002b4       0x34 Drivers/STM32F4xx_HAL_Driver/Src/stm32f4xx_hal_cortex.o
 .ARM.attributes
                0x00000000000002e8       0x34 Drivers/STM32F4xx_HAL_Driver/Src/stm32f4xx_hal_dma.o
 .ARM.attributes
                0x000000000000031c       0x34 Drivers/STM32F4xx_HAL_Driver/Src/stm32f4xx_hal_gpio.o
 .ARM.attributes
                0x0000000000000350       0x34 Drivers/STM32F4xx_HAL_Driver/Src/stm32f4xx_hal_rcc.o
 .ARM.attributes
                0x0000000000000384       0x34 Drivers/STM32F4xx_HAL_Driver/Src/stm32f4xx_hal_spi.o
 .ARM.attributes
                0x00000000000003b8       0x34 Drivers/STM32F4xx_HAL_Driver/Src/stm32f4xx_hal_tim.o
 .ARM.attributes
                0x00000000000003ec       0x34 Drivers/STM32F4xx_HAL_Driver/Src/stm32f4xx_hal_tim_ex.o
 .ARM.attributes
                0x0000000000000420       0x34 Drivers/STM32F4xx_HAL_Driver/Src/stm32f4xx_hal_uart.o
 .ARM.attributes
                0x0000000000000454       0x34 c:/st/stm32cubeide_1.6.1/stm32cubeide/plugins/com.st.stm32cube.ide.mcu.externaltools.gnu-tools-for-stm32.9-2020-q2-update.win32_1.5.0.202011040924/tools/bin/../lib/gcc/arm-none-eabi/9.3.1/../../../../arm-none-eabi/lib/thumb/v7e-m+fp/hard\libc_nano.a(lib_a-init.o)
 .ARM.attributes
                0x0000000000000488       0x34 c:/st/stm32cubeide_1.6.1/stm32cubeide/plugins/com.st.stm32cube.ide.mcu.externaltools.gnu-tools-for-stm32.9-2020-q2-update.win32_1.5.0.202011040924/tools/bin/../lib/gcc/arm-none-eabi/9.3.1/../../../../arm-none-eabi/lib/thumb/v7e-m+fp/hard\libc_nano.a(lib_a-memset.o)
 .ARM.attributes
                0x00000000000004bc       0x1e c:/st/stm32cubeide_1.6.1/stm32cubeide/plugins/com.st.stm32cube.ide.mcu.externaltools.gnu-tools-for-stm32.9-2020-q2-update.win32_1.5.0.202011040924/tools/bin/../lib/gcc/arm-none-eabi/9.3.1/thumb/v7e-m+fp/hard\libgcc.a(_aeabi_uldivmod.o)
 .ARM.attributes
                0x00000000000004da       0x34 c:/st/stm32cubeide_1.6.1/stm32cubeide/plugins/com.st.stm32cube.ide.mcu.externaltools.gnu-tools-for-stm32.9-2020-q2-update.win32_1.5.0.202011040924/tools/bin/../lib/gcc/arm-none-eabi/9.3.1/thumb/v7e-m+fp/hard\libgcc.a(_udivmoddi4.o)
 .ARM.attributes
                0x000000000000050e       0x1e c:/st/stm32cubeide_1.6.1/stm32cubeide/plugins/com.st.stm32cube.ide.mcu.externaltools.gnu-tools-for-stm32.9-2020-q2-update.win32_1.5.0.202011040924/tools/bin/../lib/gcc/arm-none-eabi/9.3.1/thumb/v7e-m+fp/hard\libgcc.a(_dvmd_tls.o)
 .ARM.attributes
                0x000000000000052c       0x1e c:/st/stm32cubeide_1.6.1/stm32cubeide/plugins/com.st.stm32cube.ide.mcu.externaltools.gnu-tools-for-stm32.9-2020-q2-update.win32_1.5.0.202011040924/tools/bin/../lib/gcc/arm-none-eabi/9.3.1/thumb/v7e-m+fp/hard/crtn.o
OUTPUT(discovery-stm32f407vg-PWM.elf elf32-littlearm)
LOAD linker stubs
LOAD c:/st/stm32cubeide_1.6.1/stm32cubeide/plugins/com.st.stm32cube.ide.mcu.externaltools.gnu-tools-for-stm32.9-2020-q2-update.win32_1.5.0.202011040924/tools/bin/../lib/gcc/arm-none-eabi/9.3.1/../../../../arm-none-eabi/lib/thumb/v7e-m+fp/hard\libc.a
LOAD c:/st/stm32cubeide_1.6.1/stm32cubeide/plugins/com.st.stm32cube.ide.mcu.externaltools.gnu-tools-for-stm32.9-2020-q2-update.win32_1.5.0.202011040924/tools/bin/../lib/gcc/arm-none-eabi/9.3.1/../../../../arm-none-eabi/lib/thumb/v7e-m+fp/hard\libm.a
LOAD c:/st/stm32cubeide_1.6.1/stm32cubeide/plugins/com.st.stm32cube.ide.mcu.externaltools.gnu-tools-for-stm32.9-2020-q2-update.win32_1.5.0.202011040924/tools/bin/../lib/gcc/arm-none-eabi/9.3.1/thumb/v7e-m+fp/hard\libgcc.a

.debug_info     0x0000000000000000     0xf9d0
 .debug_info    0x0000000000000000      0x59c Core/Src/dma.o
 .debug_info    0x000000000000059c      0x52f Core/Src/gpio.o
 .debug_info    0x0000000000000acb     0x10e0 Core/Src/main.o
 .debug_info    0x0000000000001bab      0xa5a Core/Src/spi.o
 .debug_info    0x0000000000002605      0x394 Core/Src/stm32f4xx_hal_msp.o
 .debug_info    0x0000000000002999      0x4b7 Core/Src/stm32f4xx_it.o
 .debug_info    0x0000000000002e50      0x5a4 Core/Src/system_stm32f4xx.o
 .debug_info    0x00000000000033f4      0xf19 Core/Src/tim.o
 .debug_info    0x000000000000430d      0xa04 Core/Src/usart.o
 .debug_info    0x0000000000004d11      0xa78 Core/Src/waveform_gen.o
 .debug_info    0x0000000000005789       0x22 Core/Startup/startup_stm32f407vgtx.o
 .debug_info    0x00000000000057ab      0x9b2 Drivers/STM32F4xx_HAL_Driver/Src/stm32f4xx_hal.o
 .debug_info    0x000000000000615d      0xed7 Drivers/STM32F4xx_HAL_Driver/Src/stm32f4xx_hal_cortex.o
 .debug_info    0x0000000000007034      0x9f1 Drivers/STM32F4xx_HAL_Driver/Src/stm32f4xx_hal_dma.o
 .debug_info    0x0000000000007a25      0x83e Drivers/STM32F4xx_HAL_Driver/Src/stm32f4xx_hal_gpio.o
 .debug_info    0x0000000000008263      0x996 Drivers/STM32F4xx_HAL_Driver/Src/stm32f4xx_hal_rcc.o
 .debug_info    0x0000000000008bf9     0x17c0 Drivers/STM32F4xx_HAL_Driver/Src/stm32f4xx_hal_spi.o
 .debug_info    0x000000000000a3b9     0x2a90 Drivers/STM32F4xx_HAL_Driver/Src/stm32f4xx_hal_tim.o
 .debug_info    0x000000000000ce49     0x1522 Drivers/STM32F4xx_HAL_Driver/Src/stm32f4xx_hal_tim_ex.o
 .debug_info    0x000000000000e36b     0x1665 Drivers/STM32F4xx_HAL_Driver/Src/stm32f4xx_hal_uart.o

.debug_abbrev   0x0000000000000000     0x2553
 .debug_abbrev  0x0000000000000000      0x11b Core/Src/dma.o
 .debug_abbrev  0x000000000000011b      0x14e Core/Src/gpio.o
 .debug_abbrev  0x0000000000000269      0x219 Core/Src/main.o
 .debug_abbrev  0x0000000000000482      0x1bb Core/Src/spi.o
 .debug_abbrev  0x000000000000063d      0x11d Core/Src/stm32f4xx_hal_msp.o
 .debug_abbrev  0x000000000000075a      0x163 Core/Src/stm32f4xx_it.o
 .debug_abbrev  0x00000000000008bd      0x145 Core/Src/system_stm32f4xx.o
 .debug_abbrev  0x0000000000000a02      0x20c Core/Src/tim.o
 .debug_abbrev  0x0000000000000c0e      0x1bb Core/Src/usart.o
 .debug_abbrev  0x0000000000000dc9      0x1d3 Core/Src/waveform_gen.o
 .debug_abbrev  0x0000000000000f9c       0x12 Core/Startup/startup_stm32f407vgtx.o
 .debug_abbrev  0x0000000000000fae      0x1ed Drivers/STM32F4xx_HAL_Driver/Src/stm32f4xx_hal.o
 .debug_abbrev  0x000000000000119b      0x33c Drivers/STM32F4xx_HAL_Driver/Src/stm32f4xx_hal_cortex.o
 .debug_abbrev  0x00000000000014d7      0x259 Drivers/STM32F4xx_HAL_Driver/Src/stm32f4xx_hal_dma.o
 .debug_abbrev  0x0000000000001730      0x1f1 Drivers/STM32F4xx_HAL_Driver/Src/stm32f4xx_hal_gpio.o
 .debug_abbrev  0x0000000000001921      0x275 Drivers/STM32F4xx_HAL_Driver/Src/stm32f4xx_hal_rcc.o
 .debug_abbrev  0x0000000000001b96      0x26e Drivers/STM32F4xx_HAL_Driver/Src/stm32f4xx_hal_spi.o
 .debug_abbrev  0x0000000000001e04      0x25e Drivers/STM32F4xx_HAL_Driver/Src/stm32f4xx_hal_tim.o
 .debug_abbrev  0x0000000000002062      0x266 Drivers/STM32F4xx_HAL_Driver/Src/stm32f4xx_hal_tim_ex.o
 .debug_abbrev  0x00000000000022c8      0x28b Drivers/STM32F4xx_HAL_Driver/Src/stm32f4xx_hal_uart.o

.debug_aranges  0x0000000000000000      0xe98
 .debug_aranges
                0x0000000000000000       0x20 Core/Src/dma.o
 .debug_aranges
                0x0000000000000020       0x20 Core/Src/gpio.o
 .debug_aranges
                0x0000000000000040       0x30 Core/Src/main.o
 .debug_aranges
                0x0000000000000070       0x30 Core/Src/spi.o
 .debug_aranges
                0x00000000000000a0       0x20 Core/Src/stm32f4xx_hal_msp.o
 .debug_aranges
                0x00000000000000c0       0x68 Core/Src/stm32f4xx_it.o
 .debug_aranges
                0x0000000000000128       0x28 Core/Src/system_stm32f4xx.o
 .debug_aranges
                0x0000000000000150       0x58 Core/Src/tim.o
 .debug_aranges
                0x00000000000001a8       0x30 Core/Src/usart.o
 .debug_aranges
                0x00000000000001d8       0x18 Core/Src/waveform_gen.o
 .debug_aranges
                0x00000000000001f0       0x28 Core/Startup/startup_stm32f407vgtx.o
 .debug_aranges
                0x0000000000000218       0xf0 Drivers/STM32F4xx_HAL_Driver/Src/stm32f4xx_hal.o
 .debug_aranges
                0x0000000000000308      0x118 Drivers/STM32F4xx_HAL_Driver/Src/stm32f4xx_hal_cortex.o
 .debug_aranges
                0x0000000000000420       0x90 Drivers/STM32F4xx_HAL_Driver/Src/stm32f4xx_hal_dma.o
 .debug_aranges
                0x00000000000004b0       0x58 Drivers/STM32F4xx_HAL_Driver/Src/stm32f4xx_hal_gpio.o
 .debug_aranges
                0x0000000000000508       0x88 Drivers/STM32F4xx_HAL_Driver/Src/stm32f4xx_hal_rcc.o
 .debug_aranges
                0x0000000000000590      0x1d0 Drivers/STM32F4xx_HAL_Driver/Src/stm32f4xx_hal_spi.o
 .debug_aranges
                0x0000000000000760      0x3d0 Drivers/STM32F4xx_HAL_Driver/Src/stm32f4xx_hal_tim.o
 .debug_aranges
                0x0000000000000b30      0x168 Drivers/STM32F4xx_HAL_Driver/Src/stm32f4xx_hal_tim_ex.o
 .debug_aranges
                0x0000000000000c98      0x200 Drivers/STM32F4xx_HAL_Driver/Src/stm32f4xx_hal_uart.o

.debug_ranges   0x0000000000000000      0xd88
 .debug_ranges  0x0000000000000000       0x10 Core/Src/dma.o
 .debug_ranges  0x0000000000000010       0x10 Core/Src/gpio.o
 .debug_ranges  0x0000000000000020       0x20 Core/Src/main.o
 .debug_ranges  0x0000000000000040       0x20 Core/Src/spi.o
 .debug_ranges  0x0000000000000060       0x10 Core/Src/stm32f4xx_hal_msp.o
 .debug_ranges  0x0000000000000070       0x58 Core/Src/stm32f4xx_it.o
 .debug_ranges  0x00000000000000c8       0x18 Core/Src/system_stm32f4xx.o
 .debug_ranges  0x00000000000000e0       0x48 Core/Src/tim.o
 .debug_ranges  0x0000000000000128       0x20 Core/Src/usart.o
 .debug_ranges  0x0000000000000148       0x20 Core/Startup/startup_stm32f407vgtx.o
 .debug_ranges  0x0000000000000168       0xe0 Drivers/STM32F4xx_HAL_Driver/Src/stm32f4xx_hal.o
 .debug_ranges  0x0000000000000248      0x108 Drivers/STM32F4xx_HAL_Driver/Src/stm32f4xx_hal_cortex.o
 .debug_ranges  0x0000000000000350       0x80 Drivers/STM32F4xx_HAL_Driver/Src/stm32f4xx_hal_dma.o
 .debug_ranges  0x00000000000003d0       0x48 Drivers/STM32F4xx_HAL_Driver/Src/stm32f4xx_hal_gpio.o
 .debug_ranges  0x0000000000000418       0x78 Drivers/STM32F4xx_HAL_Driver/Src/stm32f4xx_hal_rcc.o
 .debug_ranges  0x0000000000000490      0x1c0 Drivers/STM32F4xx_HAL_Driver/Src/stm32f4xx_hal_spi.o
 .debug_ranges  0x0000000000000650      0x3c0 Drivers/STM32F4xx_HAL_Driver/Src/stm32f4xx_hal_tim.o
 .debug_ranges  0x0000000000000a10      0x158 Drivers/STM32F4xx_HAL_Driver/Src/stm32f4xx_hal_tim_ex.o
 .debug_ranges  0x0000000000000b68      0x220 Drivers/STM32F4xx_HAL_Driver/Src/stm32f4xx_hal_uart.o

.debug_macro    0x0000000000000000    0x216fa
 .debug_macro   0x0000000000000000      0x1ec Core/Src/dma.o
 .debug_macro   0x00000000000001ec      0xaa8 Core/Src/dma.o
 .debug_macro   0x0000000000000c94      0x2a1 Core/Src/dma.o
 .debug_macro   0x0000000000000f35       0x2e Core/Src/dma.o
 .debug_macro   0x0000000000000f63       0x2f Core/Src/dma.o
 .debug_macro   0x0000000000000f92       0x22 Core/Src/dma.o
 .debug_macro   0x0000000000000fb4       0x8e Core/Src/dma.o
 .debug_macro   0x0000000000001042       0x51 Core/Src/dma.o
 .debug_macro   0x0000000000001093      0x103 Core/Src/dma.o
 .debug_macro   0x0000000000001196       0x6a Core/Src/dma.o
 .debug_macro   0x0000000000001200      0x1df Core/Src/dma.o
 .debug_macro   0x00000000000013df       0x1c Core/Src/dma.o
 .debug_macro   0x00000000000013fb       0x22 Core/Src/dma.o
 .debug_macro   0x000000000000141d       0xdf Core/Src/dma.o
 .debug_macro   0x00000000000014fc     0x102d Core/Src/dma.o
 .debug_macro   0x0000000000002529      0x11f Core/Src/dma.o
 .debug_macro   0x0000000000002648    0x15e3c Core/Src/dma.o
 .debug_macro   0x0000000000018484       0x43 Core/Src/dma.o
 .debug_macro   0x00000000000184c7     0x3659 Core/Src/dma.o
 .debug_macro   0x000000000001bb20      0x174 Core/Src/dma.o
 .debug_macro   0x000000000001bc94       0x5c Core/Src/dma.o
 .debug_macro   0x000000000001bcf0      0x96b Core/Src/dma.o
 .debug_macro   0x000000000001c65b      0x9fe Core/Src/dma.o
 .debug_macro   0x000000000001d059      0x117 Core/Src/dma.o
 .debug_macro   0x000000000001d170      0x13e Core/Src/dma.o
 .debug_macro   0x000000000001d2ae       0x82 Core/Src/dma.o
 .debug_macro   0x000000000001d330      0x174 Core/Src/dma.o
 .debug_macro   0x000000000001d4a4      0x287 Core/Src/dma.o
 .debug_macro   0x000000000001d72b       0x5f Core/Src/dma.o
 .debug_macro   0x000000000001d78a      0x236 Core/Src/dma.o
 .debug_macro   0x000000000001d9c0      0x12c Core/Src/dma.o
 .debug_macro   0x000000000001daec      0x21e Core/Src/dma.o
 .debug_macro   0x000000000001dd0a       0x2e Core/Src/dma.o
 .debug_macro   0x000000000001dd38      0x11a Core/Src/dma.o
 .debug_macro   0x000000000001de52       0x7e Core/Src/dma.o
 .debug_macro   0x000000000001ded0       0x89 Core/Src/dma.o
 .debug_macro   0x000000000001df59      0x225 Core/Src/dma.o
 .debug_macro   0x000000000001e17e      0x8d1 Core/Src/dma.o
 .debug_macro   0x000000000001ea4f       0x47 Core/Src/dma.o
 .debug_macro   0x000000000001ea96      0x295 Core/Src/dma.o
 .debug_macro   0x000000000001ed2b      0x12d Core/Src/dma.o
 .debug_macro   0x000000000001ee58      0x1ec Core/Src/gpio.o
 .debug_macro   0x000000000001f044      0x22d Core/Src/main.o
 .debug_macro   0x000000000001f271       0x16 Core/Src/main.o
 .debug_macro   0x000000000001f287      0x1ec Core/Src/spi.o
 .debug_macro   0x000000000001f473      0x1e2 Core/Src/stm32f4xx_hal_msp.o
 .debug_macro   0x000000000001f655      0x1ec Core/Src/stm32f4xx_it.o
 .debug_macro   0x000000000001f841      0x1d8 Core/Src/system_stm32f4xx.o
 .debug_macro   0x000000000001fa19      0x1ec Core/Src/tim.o
 .debug_macro   0x000000000001fc05      0x1ec Core/Src/usart.o
 .debug_macro   0x000000000001fdf1      0x292 Core/Src/waveform_gen.o
 .debug_macro   0x0000000000020083       0x10 Core/Src/waveform_gen.o
 .debug_macro   0x0000000000020093       0x52 Core/Src/waveform_gen.o
 .debug_macro   0x00000000000200e5      0x333 Core/Src/waveform_gen.o
 .debug_macro   0x0000000000020418      0x1a9 Core/Src/waveform_gen.o
 .debug_macro   0x00000000000205c1      0x238 Drivers/STM32F4xx_HAL_Driver/Src/stm32f4xx_hal.o
 .debug_macro   0x00000000000207f9      0x1d8 Drivers/STM32F4xx_HAL_Driver/Src/stm32f4xx_hal_cortex.o
 .debug_macro   0x00000000000209d1      0x1de Drivers/STM32F4xx_HAL_Driver/Src/stm32f4xx_hal_dma.o
 .debug_macro   0x0000000000020baf      0x1de Drivers/STM32F4xx_HAL_Driver/Src/stm32f4xx_hal_gpio.o
 .debug_macro   0x0000000000020d8d      0x1fc Drivers/STM32F4xx_HAL_Driver/Src/stm32f4xx_hal_rcc.o
 .debug_macro   0x0000000000020f89      0x1e7 Drivers/STM32F4xx_HAL_Driver/Src/stm32f4xx_hal_spi.o
 .debug_macro   0x0000000000021170      0x1d9 Drivers/STM32F4xx_HAL_Driver/Src/stm32f4xx_hal_tim.o
 .debug_macro   0x0000000000021349      0x1d8 Drivers/STM32F4xx_HAL_Driver/Src/stm32f4xx_hal_tim_ex.o
 .debug_macro   0x0000000000021521      0x1d9 Drivers/STM32F4xx_HAL_Driver/Src/stm32f4xx_hal_uart.o

.debug_line     0x0000000000000000    0x10fdf
 .debug_line    0x0000000000000000      0x6d9 Core/Src/dma.o
 .debug_line    0x00000000000006d9      0x706 Core/Src/gpio.o
 .debug_line    0x0000000000000ddf      0x799 Core/Src/main.o
 .debug_line    0x0000000000001578      0x74f Core/Src/spi.o
 .debug_line    0x0000000000001cc7      0x6de Core/Src/stm32f4xx_hal_msp.o
 .debug_line    0x00000000000023a5      0x7b8 Core/Src/stm32f4xx_it.o
 .debug_line    0x0000000000002b5d      0x75f Core/Src/system_stm32f4xx.o
 .debug_line    0x00000000000032bc      0x914 Core/Src/tim.o
 .debug_line    0x0000000000003bd0      0x747 Core/Src/usart.o
 .debug_line    0x0000000000004317      0x800 Core/Src/waveform_gen.o
 .debug_line    0x0000000000004b17       0x88 Core/Startup/startup_stm32f407vgtx.o
 .debug_line    0x0000000000004b9f      0x9c5 Drivers/STM32F4xx_HAL_Driver/Src/stm32f4xx_hal.o
 .debug_line    0x0000000000005564      0xc74 Drivers/STM32F4xx_HAL_Driver/Src/stm32f4xx_hal_cortex.o
 .debug_line    0x00000000000061d8      0xf2e Drivers/STM32F4xx_HAL_Driver/Src/stm32f4xx_hal_dma.o
 .debug_line    0x0000000000007106      0xb3d Drivers/STM32F4xx_HAL_Driver/Src/stm32f4xx_hal_gpio.o
 .debug_line    0x0000000000007c43      0xd41 Drivers/STM32F4xx_HAL_Driver/Src/stm32f4xx_hal_rcc.o
 .debug_line    0x0000000000008984     0x1c4d Drivers/STM32F4xx_HAL_Driver/Src/stm32f4xx_hal_spi.o
 .debug_line    0x000000000000a5d1     0x35f1 Drivers/STM32F4xx_HAL_Driver/Src/stm32f4xx_hal_tim.o
 .debug_line    0x000000000000dbc2     0x1992 Drivers/STM32F4xx_HAL_Driver/Src/stm32f4xx_hal_tim_ex.o
 .debug_line    0x000000000000f554     0x1a8b Drivers/STM32F4xx_HAL_Driver/Src/stm32f4xx_hal_uart.o

.debug_str      0x0000000000000000    0xcbe35
 .debug_str     0x0000000000000000    0xc4869 Core/Src/dma.o
                                      0xc4b0c (size before relaxing)
 .debug_str     0x00000000000c4869       0xbb Core/Src/gpio.o
                                      0xc46be (size before relaxing)
 .debug_str     0x00000000000c4924      0xa03 Core/Src/main.o
                                      0xc510e (size before relaxing)
 .debug_str     0x00000000000c5327       0x4b Core/Src/spi.o
                                      0xc4b1b (size before relaxing)
 .debug_str     0x00000000000c5372       0x2c Core/Src/stm32f4xx_hal_msp.o
                                      0xc4621 (size before relaxing)
 .debug_str     0x00000000000c539e       0xd5 Core/Src/stm32f4xx_it.o
                                      0xc4821 (size before relaxing)
 .debug_str     0x00000000000c5473       0xaf Core/Src/system_stm32f4xx.o
                                      0xc4693 (size before relaxing)
 .debug_str     0x00000000000c5522      0x2f8 Core/Src/tim.o
                                      0xc4f28 (size before relaxing)
 .debug_str     0x00000000000c581a       0x57 Core/Src/usart.o
                                      0xc4b23 (size before relaxing)
 .debug_str     0x00000000000c5871     0x392c Core/Src/waveform_gen.o
                                      0xc7f08 (size before relaxing)
 .debug_str     0x00000000000c919d       0x36 Core/Startup/startup_stm32f407vgtx.o
                                         0x8c (size before relaxing)
 .debug_str     0x00000000000c91d3      0x583 Drivers/STM32F4xx_HAL_Driver/Src/stm32f4xx_hal.o
                                      0xc5175 (size before relaxing)
 .debug_str     0x00000000000c9756      0x399 Drivers/STM32F4xx_HAL_Driver/Src/stm32f4xx_hal_cortex.o
                                      0xc4f64 (size before relaxing)
 .debug_str     0x00000000000c9aef      0x315 Drivers/STM32F4xx_HAL_Driver/Src/stm32f4xx_hal_dma.o
                                      0xc4abd (size before relaxing)
 .debug_str     0x00000000000c9e04      0x15f Drivers/STM32F4xx_HAL_Driver/Src/stm32f4xx_hal_gpio.o
                                      0xc483a (size before relaxing)
 .debug_str     0x00000000000c9f63      0x24e Drivers/STM32F4xx_HAL_Driver/Src/stm32f4xx_hal_rcc.o
                                      0xc4a95 (size before relaxing)
 .debug_str     0x00000000000ca1b1      0x57f Drivers/STM32F4xx_HAL_Driver/Src/stm32f4xx_hal_spi.o
                                      0xc4f37 (size before relaxing)
 .debug_str     0x00000000000ca730      0xcc7 Drivers/STM32F4xx_HAL_Driver/Src/stm32f4xx_hal_tim.o
                                      0xc59bb (size before relaxing)
 .debug_str     0x00000000000cb3f7      0x45a Drivers/STM32F4xx_HAL_Driver/Src/stm32f4xx_hal_tim_ex.o
                                      0xc516c (size before relaxing)
 .debug_str     0x00000000000cb851      0x5e4 Drivers/STM32F4xx_HAL_Driver/Src/stm32f4xx_hal_uart.o
                                      0xc4ff7 (size before relaxing)

.comment        0x0000000000000000       0x53
 .comment       0x0000000000000000       0x53 Core/Src/dma.o
                                         0x54 (size before relaxing)
 .comment       0x0000000000000053       0x54 Core/Src/gpio.o
 .comment       0x0000000000000053       0x54 Core/Src/main.o
 .comment       0x0000000000000053       0x54 Core/Src/spi.o
 .comment       0x0000000000000053       0x54 Core/Src/stm32f4xx_hal_msp.o
 .comment       0x0000000000000053       0x54 Core/Src/stm32f4xx_it.o
 .comment       0x0000000000000053       0x54 Core/Src/system_stm32f4xx.o
 .comment       0x0000000000000053       0x54 Core/Src/tim.o
 .comment       0x0000000000000053       0x54 Core/Src/usart.o
 .comment       0x0000000000000053       0x54 Core/Src/waveform_gen.o
 .comment       0x0000000000000053       0x54 Drivers/STM32F4xx_HAL_Driver/Src/stm32f4xx_hal.o
 .comment       0x0000000000000053       0x54 Drivers/STM32F4xx_HAL_Driver/Src/stm32f4xx_hal_cortex.o
 .comment       0x0000000000000053       0x54 Drivers/STM32F4xx_HAL_Driver/Src/stm32f4xx_hal_dma.o
 .comment       0x0000000000000053       0x54 Drivers/STM32F4xx_HAL_Driver/Src/stm32f4xx_hal_gpio.o
 .comment       0x0000000000000053       0x54 Drivers/STM32F4xx_HAL_Driver/Src/stm32f4xx_hal_rcc.o
 .comment       0x0000000000000053       0x54 Drivers/STM32F4xx_HAL_Driver/Src/stm32f4xx_hal_spi.o
 .comment       0x0000000000000053       0x54 Drivers/STM32F4xx_HAL_Driver/Src/stm32f4xx_hal_tim.o
 .comment       0x0000000000000053       0x54 Drivers/STM32F4xx_HAL_Driver/Src/stm32f4xx_hal_tim_ex.o
 .comment       0x0000000000000053       0x54 Drivers/STM32F4xx_HAL_Driver/Src/stm32f4xx_hal_uart.o

.debug_frame    0x0000000000000000     0x3c18
 .debug_frame   0x0000000000000000       0x34 Core/Src/dma.o
 .debug_frame   0x0000000000000034       0x34 Core/Src/gpio.o
 .debug_frame   0x0000000000000068       0x68 Core/Src/main.o
 .debug_frame   0x00000000000000d0       0x74 Core/Src/spi.o
 .debug_frame   0x0000000000000144       0x38 Core/Src/stm32f4xx_hal_msp.o
 .debug_frame   0x000000000000017c      0x120 Core/Src/stm32f4xx_it.o
 .debug_frame   0x000000000000029c       0x58 Core/Src/system_stm32f4xx.o
 .debug_frame   0x00000000000002f4      0x130 Core/Src/tim.o
 .debug_frame   0x0000000000000424       0x74 Core/Src/usart.o
 .debug_frame   0x0000000000000498      0x374 Drivers/STM32F4xx_HAL_Driver/Src/stm32f4xx_hal.o
 .debug_frame   0x000000000000080c      0x498 Drivers/STM32F4xx_HAL_Driver/Src/stm32f4xx_hal_cortex.o
 .debug_frame   0x0000000000000ca4      0x250 Drivers/STM32F4xx_HAL_Driver/Src/stm32f4xx_hal_dma.o
 .debug_frame   0x0000000000000ef4      0x14c Drivers/STM32F4xx_HAL_Driver/Src/stm32f4xx_hal_gpio.o
 .debug_frame   0x0000000000001040      0x1f0 Drivers/STM32F4xx_HAL_Driver/Src/stm32f4xx_hal_rcc.o
 .debug_frame   0x0000000000001230      0x824 Drivers/STM32F4xx_HAL_Driver/Src/stm32f4xx_hal_spi.o
 .debug_frame   0x0000000000001a54     0x11bc Drivers/STM32F4xx_HAL_Driver/Src/stm32f4xx_hal_tim.o
 .debug_frame   0x0000000000002c10      0x638 Drivers/STM32F4xx_HAL_Driver/Src/stm32f4xx_hal_tim_ex.o
 .debug_frame   0x0000000000003248      0x924 Drivers/STM32F4xx_HAL_Driver/Src/stm32f4xx_hal_uart.o
 .debug_frame   0x0000000000003b6c       0x2c c:/st/stm32cubeide_1.6.1/stm32cubeide/plugins/com.st.stm32cube.ide.mcu.externaltools.gnu-tools-for-stm32.9-2020-q2-update.win32_1.5.0.202011040924/tools/bin/../lib/gcc/arm-none-eabi/9.3.1/../../../../arm-none-eabi/lib/thumb/v7e-m+fp/hard\libc_nano.a(lib_a-init.o)
 .debug_frame   0x0000000000003b98       0x20 c:/st/stm32cubeide_1.6.1/stm32cubeide/plugins/com.st.stm32cube.ide.mcu.externaltools.gnu-tools-for-stm32.9-2020-q2-update.win32_1.5.0.202011040924/tools/bin/../lib/gcc/arm-none-eabi/9.3.1/../../../../arm-none-eabi/lib/thumb/v7e-m+fp/hard\libc_nano.a(lib_a-memset.o)
 .debug_frame   0x0000000000003bb8       0x2c c:/st/stm32cubeide_1.6.1/stm32cubeide/plugins/com.st.stm32cube.ide.mcu.externaltools.gnu-tools-for-stm32.9-2020-q2-update.win32_1.5.0.202011040924/tools/bin/../lib/gcc/arm-none-eabi/9.3.1/thumb/v7e-m+fp/hard\libgcc.a(_aeabi_uldivmod.o)
 .debug_frame   0x0000000000003be4       0x34 c:/st/stm32cubeide_1.6.1/stm32cubeide/plugins/com.st.stm32cube.ide.mcu.externaltools.gnu-tools-for-stm32.9-2020-q2-update.win32_1.5.0.202011040924/tools/bin/../lib/gcc/arm-none-eabi/9.3.1/thumb/v7e-m+fp/hard\libgcc.a(_udivmoddi4.o)
